[    0.0s] CheckRide session started — 2026-06-28 23:13:44
[    0.0s] [XP12] Connector started — resolving dataref IDs…
[    2.3s] [XP12] Failed to resolve 'sim/flightmodel/misc/stall_warning': Response status code does not indicate success: 404 (Not Found).
[    2.4s] [XP12] ID resolution: 19/20 resolved
[    2.7s] [Idle] GS=0.0kt IAS=-14.3kt VS=-0fpm AGL=0ft G=1.00
[    3.9s] [Idle] GS=0.0kt IAS=-13.9kt VS=-0fpm AGL=0ft G=1.00
[    4.9s] [Idle] GS=0.0kt IAS=-14.5kt VS=0fpm AGL=0ft G=1.00
[    6.0s] [Idle] GS=0.0kt IAS=-15.0kt VS=0fpm AGL=0ft G=1.00
[    7.0s] [Idle] GS=0.0kt IAS=-14.7kt VS=-0fpm AGL=0ft G=1.00
[    8.0s] [Idle] GS=0.0kt IAS=-14.6kt VS=0fpm AGL=0ft G=1.00
[    9.0s] [Idle] GS=0.0kt IAS=-14.2kt VS=0fpm AGL=0ft G=1.00
[   10.0s] [Idle] GS=0.0kt IAS=-13.9kt VS=0fpm AGL=0ft G=1.00
[   11.1s] [Idle] GS=0.0kt IAS=-12.8kt VS=-0fpm AGL=0ft G=1.00
[   12.1s] [Idle] GS=0.0kt IAS=-12.3kt VS=-0fpm AGL=0ft G=1.00
[   13.1s] [Idle] GS=0.0kt IAS=-12.6kt VS=-0fpm AGL=0ft G=1.00
[   14.1s] [Idle] GS=0.0kt IAS=-13.7kt VS=-0fpm AGL=0ft G=1.00
[   15.2s] [Idle] GS=0.0kt IAS=-14.4kt VS=-0fpm AGL=0ft G=1.00
[   16.2s] [Idle] GS=0.0kt IAS=-14.4kt VS=-0fpm AGL=0ft G=1.00
[   17.2s] [Idle] GS=0.0kt IAS=-13.5kt VS=0fpm AGL=0ft G=1.00
[   18.2s] [Idle] GS=0.0kt IAS=-12.4kt VS=0fpm AGL=0ft G=1.00
[   19.2s] [Idle] GS=0.0kt IAS=-11.5kt VS=0fpm AGL=0ft G=1.00
[   20.2s] [Idle] GS=0.0kt IAS=-11.1kt VS=0fpm AGL=0ft G=1.00
[   21.3s] [Idle] GS=0.0kt IAS=-12.0kt VS=-0fpm AGL=0ft G=1.00
[   22.3s] [Idle] GS=0.0kt IAS=-13.8kt VS=0fpm AGL=0ft G=0.99
[   23.3s] [Idle] GS=0.0kt IAS=-13.7kt VS=-0fpm AGL=0ft G=1.00
[   24.3s] [Idle] GS=0.0kt IAS=-12.3kt VS=0fpm AGL=0ft G=1.00
[   25.3s] [Idle] GS=0.0kt IAS=-11.5kt VS=0fpm AGL=0ft G=1.00
[   26.3s] [Idle] GS=0.0kt IAS=-11.5kt VS=0fpm AGL=0ft G=1.00
[   27.4s] [Idle] GS=0.0kt IAS=-11.4kt VS=0fpm AGL=0ft G=1.00
[   28.4s] [Idle] GS=0.0kt IAS=-11.2kt VS=-0fpm AGL=0ft G=1.00
[   29.4s] [Idle] GS=0.0kt IAS=-10.9kt VS=-0fpm AGL=0ft G=1.00
[   30.4s] [Idle] GS=0.0kt IAS=-10.8kt VS=-0fpm AGL=0ft G=1.00
[   31.4s] [Idle] GS=0.0kt IAS=-12.3kt VS=0fpm AGL=0ft G=1.00
[   32.4s] [Idle] GS=0.0kt IAS=-12.6kt VS=-0fpm AGL=0ft G=1.00
[   33.5s] [Idle] GS=0.0kt IAS=-12.8kt VS=-0fpm AGL=0ft G=1.00
[   34.5s] [Idle] GS=0.0kt IAS=-13.2kt VS=0fpm AGL=0ft G=1.00
[   35.5s] [Idle] GS=0.0kt IAS=-13.7kt VS=0fpm AGL=0ft G=1.00
[   36.5s] [Idle] GS=0.0kt IAS=-13.7kt VS=0fpm AGL=0ft G=1.00
[   37.5s] [Idle] GS=0.0kt IAS=-13.4kt VS=-0fpm AGL=0ft G=1.00
[   38.5s] [Idle] GS=0.0kt IAS=-13.4kt VS=0fpm AGL=0ft G=1.00
[   39.5s] [Idle] GS=0.0kt IAS=-13.3kt VS=0fpm AGL=0ft G=1.00
[   40.6s] [Idle] GS=0.0kt IAS=-12.3kt VS=0fpm AGL=0ft G=1.00
[   41.6s] [Idle] GS=0.0kt IAS=-10.7kt VS=-0fpm AGL=0ft G=1.00
[   42.6s] [Idle] GS=0.0kt IAS=-9.5kt VS=-0fpm AGL=0ft G=1.00
[   43.6s] [Idle] GS=0.0kt IAS=-9.1kt VS=0fpm AGL=0ft G=1.00
[   44.6s] [Idle] GS=0.0kt IAS=-8.7kt VS=-0fpm AGL=0ft G=1.00
[   45.7s] [Idle] GS=0.0kt IAS=-8.5kt VS=-0fpm AGL=0ft G=1.00
[   46.7s] [Idle] GS=0.0kt IAS=-8.4kt VS=0fpm AGL=0ft G=1.00
[   47.7s] [Idle] GS=0.0kt IAS=-8.4kt VS=0fpm AGL=0ft G=1.00
[   48.7s] [Idle] GS=0.9kt IAS=-8.2kt VS=-0fpm AGL=0ft G=0.99
[   49.8s] [Idle] GS=1.5kt IAS=-7.6kt VS=0fpm AGL=0ft G=1.00
[   50.8s] Phase → Taxiing
[   50.8s] [Taxiing] GS=2.4kt IAS=-7.4kt VS=1fpm AGL=0ft G=1.00
[   51.8s] [Taxiing] GS=3.4kt IAS=-9.0kt VS=1fpm AGL=0ft G=1.00
[   52.8s] [Taxiing] GS=4.5kt IAS=-10.6kt VS=1fpm AGL=0ft G=1.00
[   53.8s] [Taxiing] GS=5.5kt IAS=-6.4kt VS=1fpm AGL=0ft G=1.00
[   54.9s] [Taxiing] GS=6.6kt IAS=3.2kt VS=-0fpm AGL=0ft G=1.00
[   55.9s] [Taxiing] GS=9.0kt IAS=12.6kt VS=-1fpm AGL=0ft G=0.99
[   56.9s] [Taxiing] GS=11.5kt IAS=17.5kt VS=-2fpm AGL=0ft G=1.00
[   57.9s] [Taxiing] GS=13.7kt IAS=20.0kt VS=-1fpm AGL=0ft G=0.99
[   58.9s] [Taxiing] GS=15.6kt IAS=23.3kt VS=0fpm AGL=0ft G=0.99
[   60.0s] [Taxiing] GS=17.2kt IAS=25.7kt VS=0fpm AGL=0ft G=1.00
[   61.0s] [Taxiing] GS=18.6kt IAS=27.5kt VS=0fpm AGL=0ft G=1.01
[   62.0s] [Taxiing] GS=20.0kt IAS=28.8kt VS=0fpm AGL=0ft G=0.99
[   63.0s] [Taxiing] GS=21.2kt IAS=29.9kt VS=-2fpm AGL=0ft G=1.03
[   64.0s] [Taxiing] GS=22.4kt IAS=30.8kt VS=0fpm AGL=0ft G=0.99
[   65.0s] [Taxiing] GS=23.5kt IAS=31.6kt VS=-4fpm AGL=0ft G=1.02
[   66.0s] [Taxiing] GS=24.6kt IAS=32.5kt VS=-3fpm AGL=0ft G=0.99
[   67.0s] [Taxiing] GS=25.7kt IAS=33.1kt VS=-6fpm AGL=0ft G=0.99
[   68.1s] [Taxiing] GS=26.8kt IAS=33.4kt VS=-9fpm AGL=0ft G=1.00
[   69.1s] [Taxiing] GS=27.8kt IAS=34.5kt VS=-6fpm AGL=0ft G=0.99
[   70.1s] [Taxiing] GS=28.7kt IAS=34.8kt VS=-11fpm AGL=0ft G=1.00
[   71.1s] [Taxiing] GS=25.2kt IAS=34.4kt VS=-4fpm AGL=0ft G=0.99
[   72.1s] [Taxiing] GS=23.3kt IAS=31.3kt VS=-8fpm AGL=0ft G=1.02
[   73.2s] [Taxiing] GS=15.4kt IAS=27.5kt VS=-4fpm AGL=0ft G=1.00
[   74.2s] [Taxiing] GS=15.0kt IAS=22.8kt VS=-5fpm AGL=0ft G=1.00
[   75.2s] [Taxiing] GS=15.4kt IAS=22.1kt VS=-4fpm AGL=0ft G=1.02
[   76.2s] [Taxiing] GS=15.4kt IAS=22.8kt VS=-5fpm AGL=0ft G=1.00
[   77.3s] [Taxiing] GS=16.1kt IAS=23.6kt VS=-1fpm AGL=0ft G=0.99
[   78.3s] [Taxiing] GS=16.8kt IAS=23.4kt VS=-1fpm AGL=0ft G=0.99
[   79.3s] [Taxiing] GS=17.5kt IAS=21.7kt VS=-4fpm AGL=0ft G=1.01
[   80.3s] [Taxiing] GS=18.4kt IAS=20.4kt VS=-0fpm AGL=0ft G=1.01
[   81.4s] [Taxiing] GS=19.2kt IAS=20.3kt VS=1fpm AGL=0ft G=1.00
[   82.4s] [Taxiing] GS=20.1kt IAS=20.4kt VS=-2fpm AGL=0ft G=1.00
[   83.4s] [Taxiing] GS=21.0kt IAS=20.7kt VS=-2fpm AGL=0ft G=1.00
[   84.4s] [Taxiing] GS=21.6kt IAS=21.5kt VS=-2fpm AGL=0ft G=1.00
[   85.4s] [Taxiing] GS=22.4kt IAS=23.0kt VS=0fpm AGL=0ft G=0.99
[   86.5s] [Taxiing] GS=23.2kt IAS=24.3kt VS=-1fpm AGL=0ft G=0.98
[   87.5s] [Taxiing] GS=24.1kt IAS=25.4kt VS=0fpm AGL=0ft G=1.02
[   88.5s] [Taxiing] GS=24.8kt IAS=26.5kt VS=1fpm AGL=0ft G=0.98
[   89.5s] [Taxiing] GS=25.6kt IAS=27.5kt VS=-3fpm AGL=0ft G=1.00
[   90.6s] [Taxiing] GS=26.4kt IAS=28.3kt VS=0fpm AGL=0ft G=1.00
[   91.6s] [Taxiing] GS=27.2kt IAS=28.9kt VS=2fpm AGL=0ft G=0.98
[   92.6s] [Taxiing] GS=27.8kt IAS=29.6kt VS=-0fpm AGL=0ft G=0.99
[   93.6s] [Taxiing] GS=27.7kt IAS=30.2kt VS=-2fpm AGL=0ft G=1.08
[   94.6s] [Taxiing] GS=18.8kt IAS=27.6kt VS=-2fpm AGL=0ft G=1.02
[   95.7s] [Taxiing] GS=9.8kt IAS=20.0kt VS=-1fpm AGL=0ft G=1.00
[   96.7s] [Taxiing] GS=0.7kt IAS=10.7kt VS=-2fpm AGL=0ft G=1.00
[   97.7s] [Taxiing] GS=0.1kt IAS=2.8kt VS=-2fpm AGL=0ft G=0.99
[   98.8s] [Taxiing] GS=0.0kt IAS=0.5kt VS=-1fpm AGL=0ft G=1.00
[   99.8s] [Taxiing] GS=0.0kt IAS=0.1kt VS=-0fpm AGL=0ft G=1.00
[  100.8s] [Taxiing] GS=0.2kt IAS=0.1kt VS=-0fpm AGL=0ft G=1.00
[  101.8s] [Taxiing] GS=0.4kt IAS=0.2kt VS=-0fpm AGL=0ft G=1.00
[  102.9s] [Taxiing] GS=0.8kt IAS=0.6kt VS=-0fpm AGL=0ft G=1.00
[  103.9s] [Taxiing] GS=1.5kt IAS=1.3kt VS=-0fpm AGL=0ft G=1.00
[  104.9s] [Taxiing] GS=2.5kt IAS=2.2kt VS=0fpm AGL=0ft G=0.99
[  105.9s] [Taxiing] GS=3.7kt IAS=3.2kt VS=0fpm AGL=0ft G=0.99
[  106.9s] [Taxiing] GS=5.2kt IAS=4.5kt VS=0fpm AGL=0ft G=1.00
[  107.9s] [Taxiing] GS=7.0kt IAS=6.1kt VS=2fpm AGL=0ft G=0.99
[  109.0s] [Taxiing] GS=9.0kt IAS=8.1kt VS=1fpm AGL=0ft G=1.00
[  110.0s] [Taxiing] GS=11.1kt IAS=10.4kt VS=-0fpm AGL=0ft G=1.00
[  111.0s] [Taxiing] GS=13.4kt IAS=12.7kt VS=-2fpm AGL=0ft G=0.99
[  112.0s] [Taxiing] GS=15.6kt IAS=15.2kt VS=-0fpm AGL=0ft G=0.99
[  113.1s] [Taxiing] GS=17.9kt IAS=17.7kt VS=-1fpm AGL=0ft G=1.00
[  114.1s] [Taxiing] GS=20.1kt IAS=20.0kt VS=-2fpm AGL=0ft G=0.99
[  115.1s] [Taxiing] GS=22.4kt IAS=22.3kt VS=-2fpm AGL=0ft G=0.99
[  116.1s] [Taxiing] GS=24.9kt IAS=24.8kt VS=-0fpm AGL=0ft G=0.99
[  117.1s] [Taxiing] GS=27.3kt IAS=27.4kt VS=0fpm AGL=0ft G=0.99
[  118.2s] [Taxiing] GS=29.7kt IAS=30.0kt VS=-2fpm AGL=0ft G=0.98
[  119.2s] [Taxiing] GS=32.2kt IAS=32.2kt VS=1fpm AGL=0ft G=0.98
[  120.2s] [Taxiing] GS=34.6kt IAS=34.4kt VS=1fpm AGL=0ft G=0.97
[  121.2s] [Taxiing] GS=36.9kt IAS=36.8kt VS=1fpm AGL=0ft G=1.01
[  122.2s] [Taxiing] GS=39.1kt IAS=39.0kt VS=2fpm AGL=0ft G=0.97
[  123.3s] [Taxiing] GS=41.4kt IAS=41.3kt VS=1fpm AGL=0ft G=1.01
[  124.3s] [Taxiing] GS=43.6kt IAS=43.7kt VS=1fpm AGL=0ft G=1.02
[  125.3s] [Taxiing] GS=45.6kt IAS=45.7kt VS=2fpm AGL=0ft G=0.98
[  126.3s] [Taxiing] GS=46.9kt IAS=47.1kt VS=-1fpm AGL=0ft G=0.99
[  127.4s] [Taxiing] GS=47.4kt IAS=48.1kt VS=1fpm AGL=0ft G=1.09
[  128.4s] [Taxiing] GS=46.7kt IAS=48.3kt VS=-0fpm AGL=0ft G=0.98
[  129.4s] [Taxiing] GS=45.6kt IAS=47.7kt VS=1fpm AGL=0ft G=1.02
[  130.4s] [Taxiing] GS=44.0kt IAS=46.5kt VS=2fpm AGL=0ft G=0.97
[  131.5s] [Taxiing] GS=42.4kt IAS=45.0kt VS=3fpm AGL=0ft G=1.03
[  132.5s] [Taxiing] GS=40.6kt IAS=43.2kt VS=6fpm AGL=0ft G=0.94
[  133.5s] [Taxiing] GS=39.3kt IAS=41.5kt VS=4fpm AGL=0ft G=1.00
[  134.5s] [Taxiing] GS=38.4kt IAS=40.4kt VS=5fpm AGL=0ft G=0.99
[  135.6s] [Taxiing] GS=36.9kt IAS=39.4kt VS=4fpm AGL=0ft G=1.00
[  136.6s] [Taxiing] GS=36.7kt IAS=39.1kt VS=3fpm AGL=0ft G=0.98
[  137.6s] [Taxiing] GS=36.5kt IAS=39.0kt VS=-2fpm AGL=0ft G=1.01
[  138.6s] [Taxiing] GS=28.4kt IAS=36.7kt VS=-1fpm AGL=0ft G=1.07
[  139.6s] [Taxiing] GS=18.1kt IAS=29.6kt VS=2fpm AGL=0ft G=0.99
[  140.7s] [Taxiing] GS=10.9kt IAS=21.9kt VS=1fpm AGL=0ft G=0.98
[  141.7s] [Taxiing] GS=7.8kt IAS=17.6kt VS=-2fpm AGL=0ft G=0.99
[  142.7s] [Taxiing] GS=5.8kt IAS=14.5kt VS=-0fpm AGL=0ft G=0.98
[  143.7s] [Taxiing] GS=3.8kt IAS=12.7kt VS=-1fpm AGL=0ft G=0.99
[  144.7s] [Taxiing] GS=1.3kt IAS=10.6kt VS=-1fpm AGL=0ft G=0.98
[  145.8s] [Taxiing] GS=0.1kt IAS=8.4kt VS=-3fpm AGL=0ft G=1.00
[  146.8s] [Taxiing] GS=0.1kt IAS=7.4kt VS=-1fpm AGL=0ft G=1.00
[  147.8s] [Taxiing] GS=0.0kt IAS=7.1kt VS=-0fpm AGL=0ft G=1.00
[  148.8s] [Taxiing] GS=0.1kt IAS=7.0kt VS=1fpm AGL=0ft G=1.00
[  149.9s] [Taxiing] GS=3.1kt IAS=7.5kt VS=0fpm AGL=0ft G=1.01
[  150.9s] [Taxiing] GS=7.1kt IAS=9.9kt VS=-1fpm AGL=0ft G=1.05
[  151.9s] [Taxiing] GS=10.0kt IAS=12.5kt VS=-1fpm AGL=0ft G=0.97
[  152.9s] [Taxiing] GS=11.7kt IAS=13.4kt VS=-2fpm AGL=0ft G=1.04
[  154.0s] [Taxiing] GS=13.7kt IAS=12.7kt VS=-2fpm AGL=0ft G=1.02
[  155.0s] [Taxiing] GS=16.6kt IAS=12.8kt VS=-2fpm AGL=0ft G=1.00
[  156.0s] [Taxiing] GS=18.5kt IAS=13.1kt VS=0fpm AGL=0ft G=0.98
[  157.0s] [Taxiing] GS=17.3kt IAS=12.0kt VS=-0fpm AGL=0ft G=0.98
[  158.0s] [Taxiing] GS=16.4kt IAS=9.3kt VS=0fpm AGL=0ft G=1.01
[  159.1s] [Taxiing] GS=14.7kt IAS=7.8kt VS=3fpm AGL=0ft G=1.07
[  160.1s] [Taxiing] GS=8.4kt IAS=4.9kt VS=5fpm AGL=0ft G=0.94
[  161.1s] [Taxiing] GS=7.2kt IAS=-0.1kt VS=0fpm AGL=0ft G=1.00
[  162.1s] [Taxiing] GS=7.3kt IAS=-1.3kt VS=1fpm AGL=0ft G=1.00
[  163.1s] [Taxiing] GS=8.2kt IAS=-2.1kt VS=-0fpm AGL=0ft G=1.00
[  164.1s] [Taxiing] GS=9.6kt IAS=-2.0kt VS=0fpm AGL=0ft G=0.99
[  165.2s] [Taxiing] GS=11.1kt IAS=0.3kt VS=1fpm AGL=0ft G=0.99
[  166.2s] [Taxiing] GS=12.9kt IAS=4.0kt VS=3fpm AGL=0ft G=0.99
[  167.2s] [Taxiing] GS=15.0kt IAS=7.0kt VS=1fpm AGL=0ft G=0.99
[  168.2s] [Taxiing] GS=17.3kt IAS=9.5kt VS=-1fpm AGL=0ft G=1.01
[  169.2s] [Taxiing] GS=19.7kt IAS=11.4kt VS=1fpm AGL=0ft G=0.97
[  170.3s] [Taxiing] GS=22.2kt IAS=13.4kt VS=-4fpm AGL=0ft G=1.02
[  171.3s] [Taxiing] GS=24.7kt IAS=15.9kt VS=0fpm AGL=0ft G=0.99
[  172.3s] [Taxiing] GS=27.1kt IAS=18.7kt VS=-4fpm AGL=0ft G=0.99
[  173.3s] [Taxiing] GS=24.4kt IAS=21.0kt VS=-1fpm AGL=0ft G=1.02
[  174.3s] [Taxiing] GS=17.9kt IAS=18.5kt VS=-0fpm AGL=0ft G=1.00
[  175.3s] [Taxiing] GS=16.0kt IAS=13.6kt VS=-1fpm AGL=0ft G=0.97
[  176.3s] [Taxiing] GS=20.1kt IAS=12.3kt VS=-5fpm AGL=0ft G=1.00
[  177.4s] [Taxiing] GS=25.0kt IAS=16.1kt VS=-1fpm AGL=0ft G=0.97
[  178.4s] [Taxiing] GS=31.3kt IAS=21.5kt VS=-4fpm AGL=0ft G=0.97
[  179.4s] [Taxiing] GS=37.6kt IAS=27.3kt VS=-0fpm AGL=0ft G=0.99
[  180.4s] [Taxiing] GS=43.8kt IAS=33.0kt VS=-2fpm AGL=0ft G=1.00
[  181.4s] [Taxiing] GS=49.7kt IAS=38.8kt VS=-1fpm AGL=0ft G=0.99
[  182.5s] [Taxiing] GS=55.5kt IAS=44.8kt VS=-0fpm AGL=0ft G=0.96
[  183.5s] [Taxiing] GS=61.1kt IAS=50.7kt VS=1fpm AGL=0ft G=0.97
[  184.5s] [Taxiing] GS=66.4kt IAS=56.2kt VS=0fpm AGL=0ft G=0.96
[  185.5s] [Taxiing] GS=71.5kt IAS=61.5kt VS=-1fpm AGL=0ft G=1.02
[  186.6s] [Taxiing] GS=76.5kt IAS=66.5kt VS=-2fpm AGL=0ft G=1.02
[  187.6s] [Taxiing] GS=81.2kt IAS=70.9kt VS=-1fpm AGL=0ft G=1.00
[  188.6s] [Taxiing] GS=85.8kt IAS=75.2kt VS=4fpm AGL=0ft G=0.99
[  189.6s] [Taxiing] GS=90.2kt IAS=79.5kt VS=4fpm AGL=0ft G=1.11
[  190.7s] [Taxiing] GS=94.5kt IAS=83.9kt VS=6fpm AGL=0ft G=1.00
[  191.7s] [Taxiing] GS=98.6kt IAS=88.5kt VS=3fpm AGL=0ft G=0.97
[  192.7s] [Taxiing] GS=102.3kt IAS=92.7kt VS=3fpm AGL=0ft G=1.01
[  193.7s] Phase → Airborne
[  193.7s] EVENT: Pitot heat off while airborne
[  193.7s] [Airborne] GS=105.9kt IAS=96.2kt VS=3fpm AGL=0ft G=0.99
[  194.7s] [Airborne] GS=109.1kt IAS=98.0kt VS=6fpm AGL=0ft G=0.98
[  195.8s] [Airborne] GS=112.4kt IAS=99.6kt VS=7fpm AGL=0ft G=0.94
[  196.8s] [Airborne] GS=115.4kt IAS=102.5kt VS=22fpm AGL=1ft G=1.05
[  197.8s] [Airborne] GS=118.1kt IAS=104.8kt VS=84fpm AGL=3ft G=0.95
[  198.8s] [Airborne] GS=120.3kt IAS=106.5kt VS=137fpm AGL=6ft G=1.13
[  199.8s] [Airborne] GS=122.2kt IAS=107.5kt VS=304fpm AGL=12ft G=1.08
[  200.9s] [Airborne] GS=123.9kt IAS=108.9kt VS=453fpm AGL=21ft G=1.07
[  201.9s] [Airborne] GS=125.2kt IAS=109.8kt VS=591fpm AGL=33ft G=1.08
[  202.9s] [Airborne] GS=126.5kt IAS=110.8kt VS=743fpm AGL=46ft G=0.79
[  203.9s] [Airborne] GS=128.4kt IAS=113.3kt VS=628fpm AGL=55ft G=1.13
[  205.0s] [Airborne] GS=130.2kt IAS=115.4kt VS=514fpm AGL=63ft G=1.01
[  206.0s] [Airborne] GS=132.7kt IAS=117.6kt VS=536fpm AGL=73ft G=1.10
[  207.0s] [Airborne] GS=134.9kt IAS=119.7kt VS=676fpm AGL=86ft G=1.15
[  208.0s] [Airborne] GS=137.1kt IAS=122.1kt VS=897fpm AGL=103ft G=0.88
[  209.0s] [Airborne] GS=139.5kt IAS=124.4kt VS=914fpm AGL=118ft G=0.98
[  210.0s] [Airborne] GS=141.8kt IAS=126.4kt VS=881fpm AGL=133ft G=0.99
[  211.1s] [Airborne] GS=144.0kt IAS=128.2kt VS=882fpm AGL=149ft G=1.01
[  212.1s] [Airborne] GS=145.9kt IAS=129.9kt VS=931fpm AGL=166ft G=1.03
[  213.1s] [Airborne] GS=147.8kt IAS=130.8kt VS=1018fpm AGL=184ft G=1.01
[  214.2s] [Airborne] GS=149.9kt IAS=131.9kt VS=1053fpm AGL=203ft G=0.82
[  215.2s] [Airborne] GS=152.5kt IAS=134.0kt VS=866fpm AGL=217ft G=0.88
[  216.2s] [Airborne] GS=155.1kt IAS=136.7kt VS=634fpm AGL=227ft G=0.90
[  217.2s] [Airborne] GS=157.8kt IAS=139.2kt VS=430fpm AGL=234ft G=0.91
[  218.2s] [Airborne] GS=160.7kt IAS=141.7kt VS=264fpm AGL=237ft G=0.81
[  219.2s] [Airborne] GS=163.5kt IAS=144.6kt VS=72fpm AGL=238ft G=1.13
[  220.3s] [Airborne] GS=166.0kt IAS=147.6kt VS=113fpm AGL=242ft G=1.13
[  221.3s] [Airborne] GS=168.3kt IAS=149.7kt VS=238fpm AGL=247ft G=0.94
[  222.3s] [Airborne] GS=170.7kt IAS=151.9kt VS=250fpm AGL=252ft G=1.03
[  223.3s] [Airborne] GS=172.8kt IAS=153.7kt VS=296fpm AGL=258ft G=1.04
[  224.3s] [Airborne] GS=174.8kt IAS=155.3kt VS=379fpm AGL=265ft G=1.04
[  225.4s] [Airborne] GS=176.5kt IAS=157.1kt VS=497fpm AGL=276ft G=1.08
[  226.4s] [Airborne] GS=178.0kt IAS=158.8kt VS=651fpm AGL=288ft G=0.99
[  227.4s] [Airborne] GS=179.6kt IAS=160.8kt VS=654fpm AGL=299ft G=1.41
[  228.4s] [Airborne] GS=180.6kt IAS=161.7kt VS=792fpm AGL=315ft G=1.24
[  229.4s] [Airborne] GS=180.7kt IAS=162.0kt VS=1178fpm AGL=339ft G=1.17
[  230.5s] [Airborne] GS=180.5kt IAS=162.1kt VS=1626fpm AGL=369ft G=1.19
[  231.5s] [Airborne] GS=180.3kt IAS=162.2kt VS=1944fpm AGL=404ft G=1.02
[  232.5s] [Airborne] GS=180.2kt IAS=162.6kt VS=2081fpm AGL=440ft G=0.69
[  233.5s] [Airborne] GS=180.7kt IAS=163.2kt VS=1906fpm AGL=470ft G=0.92
[  234.5s] [Airborne] GS=181.4kt IAS=163.5kt VS=1663fpm AGL=497ft G=0.88
[  235.6s] [Airborne] GS=182.2kt IAS=163.8kt VS=1439fpm AGL=520ft G=0.90
[  236.6s] [Airborne] GS=183.4kt IAS=164.2kt VS=1235fpm AGL=539ft G=0.87
[  237.6s] [Airborne] GS=184.3kt IAS=164.1kt VS=1025fpm AGL=555ft G=0.91
[  238.6s] [Airborne] GS=185.2kt IAS=165.5kt VS=826fpm AGL=567ft G=0.92
[  239.6s] [Airborne] GS=186.4kt IAS=166.9kt VS=606fpm AGL=575ft G=0.91
[  240.6s] [Airborne] GS=188.0kt IAS=168.4kt VS=311fpm AGL=578ft G=0.85
[  241.7s] [Airborne] GS=189.9kt IAS=169.8kt VS=-36fpm AGL=575ft G=0.82
[  242.7s] [Airborne] GS=192.0kt IAS=171.4kt VS=-376fpm AGL=566ft G=0.85
[  243.7s] [Airborne] GS=194.0kt IAS=173.4kt VS=-656fpm AGL=553ft G=1.20
[  244.7s] [Airborne] GS=195.3kt IAS=174.7kt VS=-603fpm AGL=544ft G=1.47
[  245.7s] [Airborne] GS=196.5kt IAS=174.9kt VS=-235fpm AGL=543ft G=0.95
[  246.7s] [Airborne] GS=197.8kt IAS=175.5kt VS=-123fpm AGL=541ft G=1.00
[  247.8s] [Airborne] GS=199.3kt IAS=176.6kt VS=-89fpm AGL=539ft G=0.93
[  248.8s] [Airborne] GS=201.3kt IAS=178.4kt VS=-118fpm AGL=536ft G=1.01
[  249.8s] [Airborne] GS=203.3kt IAS=181.4kt VS=-154fpm AGL=533ft G=1.43
[  250.8s] [Airborne] GS=204.9kt IAS=183.6kt VS=166fpm AGL=533ft G=1.39
[  251.8s] [Airborne] GS=206.2kt IAS=185.1kt VS=786fpm AGL=547ft G=1.13
[  252.8s] [Airborne] GS=207.2kt IAS=186.1kt VS=1204fpm AGL=559ft G=1.18
[  253.8s] [Airborne] GS=207.8kt IAS=186.6kt VS=1558fpm AGL=578ft G=1.15
[  254.8s] [Airborne] GS=208.2kt IAS=186.5kt VS=1898fpm AGL=610ft G=0.99
[  255.9s] [Airborne] GS=208.7kt IAS=186.0kt VS=2076fpm AGL=644ft G=0.97
[  256.9s] [Airborne] GS=209.3kt IAS=186.1kt VS=2078fpm AGL=680ft G=0.87
[  257.9s] [Airborne] GS=210.2kt IAS=186.1kt VS=1959fpm AGL=715ft G=0.91
[  258.9s] [Airborne] GS=211.2kt IAS=187.1kt VS=1763fpm AGL=746ft G=0.93
[  259.9s] [Airborne] GS=212.3kt IAS=188.3kt VS=1579fpm AGL=774ft G=0.90
[  261.0s] [Airborne] GS=213.6kt IAS=189.3kt VS=1410fpm AGL=799ft G=0.92
[  262.0s] [Airborne] GS=215.0kt IAS=190.5kt VS=1252fpm AGL=823ft G=0.94
[  263.0s] [Airborne] GS=216.5kt IAS=191.6kt VS=1114fpm AGL=842ft G=0.94
[  264.0s] [Airborne] GS=218.1kt IAS=192.5kt VS=986fpm AGL=856ft G=0.92
[  265.1s] [Airborne] GS=219.8kt IAS=193.4kt VS=855fpm AGL=869ft G=0.89
[  266.1s] [Airborne] GS=221.7kt IAS=193.9kt VS=695fpm AGL=881ft G=0.92
[  267.1s] [Airborne] GS=223.6kt IAS=195.4kt VS=548fpm AGL=891ft G=0.92
[  268.1s] [Airborne] GS=225.7kt IAS=197.1kt VS=423fpm AGL=899ft G=0.93
[  269.1s] [Airborne] GS=227.8kt IAS=197.8kt VS=304fpm AGL=905ft G=0.97
[  270.2s] [Airborne] GS=230.0kt IAS=199.6kt VS=204fpm AGL=911ft G=0.98
[  271.2s] [Airborne] GS=232.1kt IAS=201.1kt VS=124fpm AGL=915ft G=0.97
[  272.2s] [Airborne] GS=234.3kt IAS=203.0kt VS=43fpm AGL=914ft G=0.96
[  273.2s] [Airborne] GS=236.6kt IAS=205.3kt VS=-24fpm AGL=918ft G=0.96
[  274.2s] [Airborne] GS=238.7kt IAS=207.3kt VS=-64fpm AGL=917ft G=1.00
[  275.3s] [Airborne] GS=240.7kt IAS=209.6kt VS=-69fpm AGL=916ft G=1.03
[  276.3s] [Airborne] GS=242.7kt IAS=211.7kt VS=-36fpm AGL=917ft G=1.07
[  277.3s] [Airborne] GS=244.5kt IAS=213.6kt VS=32fpm AGL=918ft G=1.09
[  278.3s] [Airborne] GS=246.2kt IAS=215.3kt VS=131fpm AGL=921ft G=1.08
[  279.4s] [Airborne] GS=247.7kt IAS=217.0kt VS=255fpm AGL=927ft G=1.06
[  280.4s] [Airborne] GS=249.0kt IAS=218.9kt VS=407fpm AGL=937ft G=1.10
[  281.4s] [Airborne] GS=250.1kt IAS=221.1kt VS=594fpm AGL=948ft G=1.08
[  282.4s] [Airborne] GS=251.0kt IAS=222.5kt VS=789fpm AGL=963ft G=1.05
[  283.4s] [Airborne] GS=251.9kt IAS=223.3kt VS=908fpm AGL=978ft G=0.95
[  284.5s] [Airborne] GS=253.0kt IAS=223.7kt VS=783fpm AGL=987ft G=0.72
[  285.5s] [Airborne] GS=254.6kt IAS=224.4kt VS=384fpm AGL=989ft G=0.78
[  286.5s] [Airborne] GS=256.5kt IAS=226.3kt VS=-76fpm AGL=984ft G=0.81
[  287.5s] [Airborne] GS=258.6kt IAS=228.7kt VS=-515fpm AGL=970ft G=0.89
[  288.5s] [Airborne] GS=260.9kt IAS=230.6kt VS=-858fpm AGL=945ft G=0.87
[  289.6s] [Airborne] GS=263.2kt IAS=232.9kt VS=-1105fpm AGL=914ft G=0.94
[  290.6s] [Airborne] GS=265.5kt IAS=235.6kt VS=-1251fpm AGL=882ft G=0.95
[  291.6s] [Airborne] GS=267.6kt IAS=238.2kt VS=-1296fpm AGL=862ft G=1.23
[  292.6s] [Airborne] GS=269.3kt IAS=240.3kt VS=-1036fpm AGL=848ft G=1.25
[  293.7s] [Airborne] GS=269.8kt IAS=241.9kt VS=-604fpm AGL=842ft G=1.29
[  294.7s] [Airborne] GS=268.8kt IAS=242.0kt VS=-133fpm AGL=846ft G=1.22
[  295.7s] [Airborne] GS=267.2kt IAS=240.1kt VS=311fpm AGL=856ft G=1.19
[  296.7s] [Airborne] GS=265.3kt IAS=238.1kt VS=677fpm AGL=868ft G=1.04
[  297.7s] [Airborne] GS=263.4kt IAS=235.9kt VS=865fpm AGL=875ft G=0.71
[  298.7s] [Airborne] GS=262.0kt IAS=233.7kt VS=676fpm AGL=875ft G=0.55
[  299.8s] [Airborne] GS=261.1kt IAS=232.6kt VS=82fpm AGL=858ft G=0.57
[  300.8s] [Airborne] GS=260.9kt IAS=232.2kt VS=-701fpm AGL=825ft G=0.61
[  301.8s] [Airborne] GS=261.4kt IAS=232.4kt VS=-1531fpm AGL=790ft G=0.93
[  302.8s] [Airborne] GS=261.9kt IAS=233.3kt VS=-2149fpm AGL=749ft G=1.15
[  303.9s] [Airborne] GS=262.2kt IAS=234.8kt VS=-2294fpm AGL=708ft G=1.21
[  304.9s] [Airborne] GS=262.1kt IAS=235.9kt VS=-2117fpm AGL=673ft G=1.25
[  305.9s] [Airborne] GS=261.6kt IAS=236.4kt VS=-1714fpm AGL=643ft G=1.32
[  306.9s] [Airborne] GS=261.0kt IAS=236.7kt VS=-1319fpm AGL=623ft G=1.22
[  307.9s] [Airborne] GS=260.1kt IAS=236.3kt VS=-985fpm AGL=614ft G=1.18
[  309.0s] [Airborne] GS=259.1kt IAS=236.0kt VS=-694fpm AGL=611ft G=1.17
[  310.0s] [Airborne] GS=257.9kt IAS=235.4kt VS=-429fpm AGL=607ft G=1.17
[  311.0s] [Airborne] GS=256.5kt IAS=234.8kt VS=-183fpm AGL=606ft G=1.01
[  312.0s] [Airborne] GS=255.3kt IAS=233.7kt VS=-79fpm AGL=606ft G=0.88
[  313.0s] [Airborne] GS=254.4kt IAS=232.5kt VS=-260fpm AGL=601ft G=1.06
[  314.1s] [Airborne] GS=253.8kt IAS=232.1kt VS=-557fpm AGL=591ft G=0.89
[  315.1s] [Airborne] GS=253.5kt IAS=231.9kt VS=-795fpm AGL=575ft G=1.03
[  316.1s] [Airborne] GS=253.4kt IAS=231.8kt VS=-907fpm AGL=557ft G=1.12
[  317.1s] [Airborne] GS=253.4kt IAS=231.9kt VS=-866fpm AGL=543ft G=1.15
[  318.1s] [Airborne] GS=252.8kt IAS=231.7kt VS=-685fpm AGL=532ft G=1.15
[  319.2s] [Airborne] GS=251.2kt IAS=230.8kt VS=-483fpm AGL=525ft G=1.15
[  320.2s] [Airborne] GS=249.3kt IAS=230.0kt VS=-358fpm AGL=519ft G=1.06
[  321.2s] [Airborne] GS=247.4kt IAS=228.4kt VS=-350fpm AGL=513ft G=1.10
[  322.2s] [Airborne] GS=245.5kt IAS=226.4kt VS=-434fpm AGL=505ft G=1.08
[  323.3s] [Airborne] GS=243.9kt IAS=224.4kt VS=-607fpm AGL=495ft G=1.04
[  324.3s] [Airborne] GS=242.5kt IAS=222.4kt VS=-885fpm AGL=479ft G=1.03
[  325.3s] [Airborne] GS=240.7kt IAS=220.4kt VS=-1260fpm AGL=455ft G=1.24
[  326.3s] [Airborne] GS=237.4kt IAS=218.6kt VS=-1447fpm AGL=431ft G=0.94
[  327.3s] [Airborne] GS=234.2kt IAS=216.4kt VS=-1501fpm AGL=407ft G=1.04
[  328.4s] [Airborne] GS=231.1kt IAS=213.9kt VS=-1575fpm AGL=378ft G=0.93
[  329.4s] [Airborne] GS=228.1kt IAS=211.3kt VS=-1639fpm AGL=350ft G=0.99
[  330.4s] [Airborne] GS=225.0kt IAS=208.6kt VS=-1604fpm AGL=324ft G=1.40
[  331.4s] [Airborne] GS=221.4kt IAS=205.3kt VS=-1382fpm AGL=302ft G=1.48
[  332.4s] [Airborne] GS=217.4kt IAS=201.5kt VS=-964fpm AGL=289ft G=1.35
[  333.5s] [Airborne] GS=213.1kt IAS=197.5kt VS=-456fpm AGL=285ft G=0.97
[  334.5s] [Airborne] GS=208.9kt IAS=193.5kt VS=-274fpm AGL=280ft G=1.06
[  335.5s] [Airborne] GS=204.9kt IAS=189.6kt VS=-244fpm AGL=276ft G=1.05
[  336.5s] [Airborne] GS=201.3kt IAS=186.2kt VS=-297fpm AGL=270ft G=1.04
[  337.6s] [Airborne] GS=198.3kt IAS=183.5kt VS=-422fpm AGL=262ft G=1.07
[  338.6s] [Airborne] GS=195.3kt IAS=180.9kt VS=-517fpm AGL=252ft G=1.05
[  339.6s] [Airborne] GS=192.3kt IAS=178.5kt VS=-585fpm AGL=242ft G=1.19
[  340.6s] [Airborne] GS=189.0kt IAS=176.0kt VS=-535fpm AGL=234ft G=1.17
[  341.6s] [Airborne] GS=185.8kt IAS=173.0kt VS=-325fpm AGL=231ft G=1.15
[  342.7s] [Airborne] GS=182.6kt IAS=170.5kt VS=-107fpm AGL=230ft G=1.10
[  343.7s] [Airborne] GS=179.4kt IAS=167.1kt VS=20fpm AGL=231ft G=1.01
[  344.7s] [Airborne] GS=176.7kt IAS=164.6kt VS=47fpm AGL=230ft G=1.00
[  345.7s] [Airborne] GS=174.3kt IAS=162.5kt VS=-82fpm AGL=227ft G=0.88
[  346.7s] [Airborne] GS=172.4kt IAS=159.5kt VS=-356fpm AGL=218ft G=0.86
[  347.8s] [Airborne] GS=171.0kt IAS=157.8kt VS=-733fpm AGL=203ft G=0.88
[  348.8s] [Airborne] GS=169.7kt IAS=156.8kt VS=-981fpm AGL=184ft G=0.94
[  349.8s] [Airborne] GS=168.5kt IAS=156.1kt VS=-1119fpm AGL=164ft G=0.92
[  350.8s] [Airborne] GS=167.3kt IAS=154.7kt VS=-1264fpm AGL=141ft G=1.01
[  351.8s] [Airborne] GS=165.8kt IAS=154.1kt VS=-1330fpm AGL=118ft G=1.03
[  352.9s] [Airborne] GS=164.3kt IAS=153.7kt VS=-1250fpm AGL=97ft G=1.29
[  353.9s] [Airborne] GS=161.2kt IAS=152.0kt VS=-905fpm AGL=85ft G=1.07
[  354.9s] [Airborne] GS=157.5kt IAS=149.6kt VS=-410fpm AGL=81ft G=1.53
[  355.9s] [Airborne] GS=153.9kt IAS=146.6kt VS=156fpm AGL=88ft G=0.97
[  356.9s] [Airborne] GS=151.0kt IAS=144.1kt VS=259fpm AGL=92ft G=1.08
[  358.0s] [Airborne] GS=148.3kt IAS=137.3kt VS=115fpm AGL=92ft G=0.85
[  359.0s] [Airborne] GS=145.9kt IAS=128.6kt VS=-96fpm AGL=88ft G=0.85
[  360.0s] [Airborne] GS=145.3kt IAS=131.6kt VS=-469fpm AGL=77ft G=1.01
[  361.0s] [Airborne] GS=144.5kt IAS=131.1kt VS=-737fpm AGL=63ft G=0.73
[  362.0s] [Airborne] GS=144.4kt IAS=131.7kt VS=-987fpm AGL=43ft G=0.87
[  363.0s] [Airborne] GS=144.3kt IAS=131.7kt VS=-1240fpm AGL=21ft G=1.50
[  364.0s] [Airborne] GS=143.4kt IAS=132.5kt VS=-1101fpm AGL=5ft G=0.99
[  365.1s] [Airborne] GS=137.4kt IAS=131.7kt VS=-498fpm AGL=3ft G=1.35
[  366.1s] [Airborne] GS=129.8kt IAS=125.8kt VS=336fpm AGL=15ft G=0.42
[  367.1s] [Airborne] GS=124.0kt IAS=118.6kt VS=169fpm AGL=15ft G=0.73
[  368.1s] [Airborne] GS=116.6kt IAS=109.6kt VS=-371fpm AGL=5ft G=1.06
[  369.1s] [Airborne] GS=107.2kt IAS=89.8kt VS=-400fpm AGL=0ft G=0.88
[  370.2s] [Airborne] GS=96.6kt IAS=55.9kt VS=-127fpm AGL=0ft G=0.98
[  371.2s] Landing: 52 fpm
[  371.2s] Phase → Landed
[  371.2s] EVENT: Landing lights off on approach
[  371.2s] [Landed] GS=91.7kt IAS=65.8kt VS=-52fpm AGL=0ft G=0.96
[  372.2s] [Landed] GS=87.7kt IAS=79.2kt VS=-31fpm AGL=0ft G=1.02
[  373.2s] [Landed] GS=83.2kt IAS=72.5kt VS=-35fpm AGL=0ft G=1.00
[  374.3s] [Landed] GS=77.7kt IAS=61.5kt VS=-35fpm AGL=0ft G=0.99
[  375.3s] [Landed] GS=73.6kt IAS=57.7kt VS=-37fpm AGL=0ft G=0.94
[  376.3s] [Landed] GS=68.3kt IAS=60.4kt VS=-41fpm AGL=0ft G=0.90
[  377.3s] [Landed] GS=60.6kt IAS=59.8kt VS=-45fpm AGL=0ft G=1.05
[  378.3s] [Landed] GS=58.1kt IAS=55.3kt VS=-319fpm AGL=0ft G=1.08
[  379.4s] [Landed] GS=57.1kt IAS=52.6kt VS=-555fpm AGL=0ft G=1.60
[  380.4s] Phase → Airborne (touch-and-go)
[  380.4s] [Airborne] GS=55.5kt IAS=48.6kt VS=-484fpm AGL=2ft G=0.42
[  381.4s] [Airborne] GS=24.7kt IAS=36.6kt VS=-506fpm AGL=-6ft G=1.13
[  382.4s] [Airborne] GS=14.3kt IAS=23.5kt VS=-83fpm AGL=-4ft G=0.87
[  383.4s] [Airborne] GS=10.5kt IAS=15.7kt VS=-3fpm AGL=-4ft G=1.01
[  384.5s] [Airborne] GS=8.2kt IAS=11.8kt VS=5fpm AGL=-4ft G=0.99
[  385.5s] [Airborne] GS=6.7kt IAS=10.1kt VS=3fpm AGL=-4ft G=1.01
[  386.5s] [Airborne] GS=5.7kt IAS=9.2kt VS=2fpm AGL=-4ft G=0.99
[  387.5s] [Airborne] GS=4.9kt IAS=8.7kt VS=1fpm AGL=-4ft G=0.99
[  388.6s] [Airborne] GS=4.4kt IAS=8.1kt VS=1fpm AGL=-4ft G=0.99
[  389.6s] [Airborne] GS=3.9kt IAS=7.8kt VS=1fpm AGL=-4ft G=0.98
[  390.6s] [Airborne] GS=3.5kt IAS=7.5kt VS=1fpm AGL=-4ft G=1.00
[  391.6s] [Airborne] GS=3.2kt IAS=7.2kt VS=1fpm AGL=-4ft G=0.98
[  392.6s] [Airborne] GS=2.9kt IAS=6.9kt VS=1fpm AGL=-4ft G=0.99
[  393.6s] [Airborne] GS=2.7kt IAS=6.7kt VS=1fpm AGL=-4ft G=0.99
[  394.6s] [Airborne] GS=2.5kt IAS=6.5kt VS=1fpm AGL=-4ft G=0.97
[  395.7s] [Airborne] GS=2.3kt IAS=6.4kt VS=1fpm AGL=-4ft G=1.00
[  396.7s] [Airborne] GS=2.1kt IAS=6.2kt VS=1fpm AGL=-4ft G=0.99
[  397.7s] [Airborne] GS=2.0kt IAS=6.1kt VS=1fpm AGL=-4ft G=0.99
[  398.7s] [Airborne] GS=1.9kt IAS=6.0kt VS=1fpm AGL=-4ft G=0.99
[  399.8s] [Airborne] GS=1.7kt IAS=6.1kt VS=1fpm AGL=-4ft G=0.99
[  400.8s] [Airborne] GS=1.6kt IAS=6.4kt VS=1fpm AGL=-4ft G=0.99
[  401.8s] [Airborne] GS=1.5kt IAS=6.6kt VS=1fpm AGL=-4ft G=0.99
[  402.8s] [Airborne] GS=1.5kt IAS=6.6kt VS=1fpm AGL=-4ft G=0.97
[  403.8s] [Airborne] GS=1.4kt IAS=6.3kt VS=-0fpm AGL=-4ft G=0.99
[  404.8s] [Airborne] GS=1.3kt IAS=6.0kt VS=-0fpm AGL=-4ft G=1.01
[  405.8s] [Airborne] GS=1.2kt IAS=5.8kt VS=-1fpm AGL=-4ft G=1.03
[  406.9s] [Airborne] GS=1.2kt IAS=5.6kt VS=-0fpm AGL=-4ft G=1.03
[  407.9s] [Airborne] GS=1.1kt IAS=5.6kt VS=0fpm AGL=-4ft G=1.02
[  408.9s] [Airborne] GS=1.1kt IAS=5.5kt VS=1fpm AGL=-4ft G=1.00
[  409.9s] [Airborne] GS=1.0kt IAS=5.4kt VS=1fpm AGL=-4ft G=0.99
[  410.9s] [Airborne] GS=1.0kt IAS=5.3kt VS=1fpm AGL=-4ft G=0.96
[  412.0s] [Airborne] GS=0.9kt IAS=5.3kt VS=1fpm AGL=-4ft G=0.97
[  413.0s] [Airborne] GS=0.9kt IAS=5.2kt VS=-0fpm AGL=-4ft G=0.98
[  413.8s] Session ended — Score: 109  Grade: S
