[    0.0s] CheckRide session started — 2026-06-29 21:32:57
[    0.0s] App version: 0.1.0.0  Scoring: xp12-1.2
[    0.0s] [XP12] Connector started — waiting for XP12…
[   42.1s] [XP12] XP12 detected — resolving dataref IDs…
[   42.2s] [XP12] [XP12] Dataref not found: 'sim/flightmodel/position/latitude'
[   42.2s] [XP12] [XP12] Dataref not found: 'sim/flightmodel/position/longitude'
[   42.2s] [XP12] [XP12] Dataref not found: 'sim/flightmodel/position/groundspeed'
[   42.2s] [XP12] [XP12] Dataref not found: 'sim/flightmodel/position/indicated_airspeed'
[   42.2s] [XP12] [XP12] Dataref not found: 'sim/flightmodel/position/vh_ind_fpm'
[   42.2s] [XP12] [XP12] Dataref not found: 'sim/flightmodel/position/elevation'
[   42.2s] [XP12] [XP12] Dataref not found: 'sim/flightmodel/position/y_agl'
[   42.2s] [XP12] [XP12] Dataref not found: 'sim/flightmodel/position/alpha'
[   42.3s] [XP12] [XP12] Dataref not found: 'sim/flightmodel/forces/g_nrml'
[   42.3s] [XP12] [XP12] Dataref not found: 'sim/flightmodel2/gear/on_ground'
[   42.3s] [XP12] [XP12] Dataref not found: 'sim/flightmodel2/gear/deploy_ratio'
[   42.3s] [XP12] [XP12] Dataref not found: 'sim/flightmodel/controls/parkbrake'
[   42.3s] [XP12] [XP12] Dataref not found: 'sim/flightmodel/misc/stall_warning'
[   42.3s] [XP12] [XP12] Dataref not found: 'sim/flightmodel2/misc/has_crashed'
[   42.3s] [XP12] [XP12] Dataref not found: 'sim/flightmodel/failures/over_vne'
[   42.3s] [XP12] [XP12] Dataref not found: 'sim/flightmodel/controls/flaprat'
[   42.3s] [XP12] [XP12] Dataref not found: 'sim/cockpit/switches/pitot_heat_on'
[   42.4s] [XP12] [XP12] Dataref not found: 'sim/cockpit2/switches/landing_lights_on'
[   42.4s] [XP12] [XP12] Dataref not found: 'sim/cockpit/electrical/beacon_lights_on'
[   42.4s] [XP12] [XP12] Dataref not found: 'sim/aircraft/view/acf_ui_name'
[   42.4s] [XP12] [XP12] Dataref not found: 'sim/flightmodel2/gear/tire_sink_depth'
[   42.4s] [XP12] [XP12] Dataref not found: 'sim/flightmodel/position/phi'
[   42.4s] [XP12] [XP12] Dataref not found: 'sim/flightmodel/position/theta'
[   42.4s] [XP12] [XP12] Dataref not found: 'sim/flightmodel/position/mag_psi'
[   42.4s] [XP12] [XP12] Dataref not found: 'sim/flightmodel/position/hpath'
[   42.5s] [XP12] [XP12] Dataref not found: 'sim/flightmodel/forces/g_side'
[   42.5s] [XP12] [XP12] Dataref not found: 'sim/flightmodel/forces/g_axil'
[   42.5s] [XP12] [XP12] Dataref not found: 'sim/flightmodel/position/P'
[   42.5s] [XP12] [XP12] Dataref not found: 'sim/flightmodel/position/Q'
[   42.5s] [XP12] [XP12] Dataref not found: 'sim/flightmodel/position/R'
[   42.5s] [XP12] [XP12] Dataref not found: 'sim/cockpit/radios/transponder_mode'
[   42.5s] [XP12] [XP12] Dataref not found: 'sim/cockpit2/autopilot/autopilot_on'
[   42.6s] [XP12] [XP12] Dataref not found: 'sim/cockpit2/switches/strobe_lights_on'
[   42.6s] [XP12] [XP12] Dataref not found: 'sim/cockpit/radios/nav1_vdef_dot'
[   42.6s] [XP12] [XP12] Dataref not found: 'sim/cockpit/radios/nav1_hdef_dot'
[   42.6s] [XP12] [XP12] Dataref not found: 'sim/weather/aircraft_wind_speed_kt'
[   42.6s] [XP12] [XP12] Dataref not found: 'sim/weather/aircraft_wind_direction_degt'
[   42.6s] [XP12] [XP12] Dataref not found: 'sim/cockpit2/engine/actuators/throttle_ratio'
[   42.6s] [XP12] [XP12] Dataref not found: 'sim/flightmodel2/controls/speedbrake_ratio'
[   42.6s] [XP12] [XP12] Dataref not found: 'sim/flightmodel2/gear/tire_skid'
[   42.6s] [XP12] [XP12] Dataref not found: 'sim/aircraft/limits/Vso'
[   42.6s] [XP12] [XP12] Dataref not found: 'sim/aircraft/limits/Vno'
[   42.7s] [XP12] [XP12] Dataref not found: 'sim/aircraft/limits/Vne'
[   42.7s] [XP12] [XP12] Dataref not found: 'sim/aircraft/limits/Vfe'
[   42.7s] [XP12] [XP12] Dataref not found: 'sim/aircraft/limits/Vle'
[   42.7s] [XP12] [XP12] Dataref not found: 'sim/time/paused'
[   42.7s] [XP12] ID resolution: 0/46 resolved
[   42.7s] [XP12] Flight not loaded yet — retrying in 3s…
[   45.7s] [XP12] [XP12] Dataref not found: 'sim/flightmodel/position/latitude'
[   45.7s] [XP12] [XP12] Dataref not found: 'sim/flightmodel/position/longitude'
[   45.7s] [XP12] [XP12] Dataref not found: 'sim/flightmodel/position/groundspeed'
[   45.7s] [XP12] [XP12] Dataref not found: 'sim/flightmodel/position/indicated_airspeed'
[   45.8s] [XP12] [XP12] Dataref not found: 'sim/flightmodel/position/vh_ind_fpm'
[   45.8s] [XP12] [XP12] Dataref not found: 'sim/flightmodel/position/elevation'
[   45.8s] [XP12] [XP12] Dataref not found: 'sim/flightmodel/position/y_agl'
[   45.8s] [XP12] [XP12] Dataref not found: 'sim/flightmodel/position/alpha'
[   45.8s] [XP12] [XP12] Dataref not found: 'sim/flightmodel/forces/g_nrml'
[   45.8s] [XP12] [XP12] Dataref not found: 'sim/flightmodel2/gear/on_ground'
[   45.8s] [XP12] [XP12] Dataref not found: 'sim/flightmodel2/gear/deploy_ratio'
[   45.8s] [XP12] [XP12] Dataref not found: 'sim/flightmodel/controls/parkbrake'
[   45.8s] [XP12] [XP12] Dataref not found: 'sim/flightmodel/misc/stall_warning'
[   45.9s] [XP12] [XP12] Dataref not found: 'sim/flightmodel2/misc/has_crashed'
[   45.9s] [XP12] [XP12] Dataref not found: 'sim/flightmodel/failures/over_vne'
[   45.9s] [XP12] [XP12] Dataref not found: 'sim/flightmodel/controls/flaprat'
[   45.9s] [XP12] [XP12] Dataref not found: 'sim/cockpit/switches/pitot_heat_on'
[   45.9s] [XP12] [XP12] Dataref not found: 'sim/cockpit2/switches/landing_lights_on'
[   45.9s] [XP12] [XP12] Dataref not found: 'sim/cockpit/electrical/beacon_lights_on'
[   45.9s] [XP12] [XP12] Dataref not found: 'sim/aircraft/view/acf_ui_name'
[   45.9s] [XP12] [XP12] Dataref not found: 'sim/flightmodel2/gear/tire_sink_depth'
[   45.9s] [XP12] [XP12] Dataref not found: 'sim/flightmodel/position/phi'
[   46.0s] [XP12] [XP12] Dataref not found: 'sim/flightmodel/position/theta'
[   46.0s] [XP12] [XP12] Dataref not found: 'sim/flightmodel/position/mag_psi'
[   46.0s] [XP12] [XP12] Dataref not found: 'sim/flightmodel/position/hpath'
[   46.0s] [XP12] [XP12] Dataref not found: 'sim/flightmodel/forces/g_side'
[   46.0s] [XP12] [XP12] Dataref not found: 'sim/flightmodel/forces/g_axil'
[   46.0s] [XP12] [XP12] Dataref not found: 'sim/flightmodel/position/P'
[   46.0s] [XP12] [XP12] Dataref not found: 'sim/flightmodel/position/Q'
[   46.0s] [XP12] [XP12] Dataref not found: 'sim/flightmodel/position/R'
[   46.1s] [XP12] [XP12] Dataref not found: 'sim/cockpit/radios/transponder_mode'
[   46.1s] [XP12] [XP12] Dataref not found: 'sim/cockpit2/autopilot/autopilot_on'
[   46.1s] [XP12] [XP12] Dataref not found: 'sim/cockpit2/switches/strobe_lights_on'
[   46.1s] [XP12] [XP12] Dataref not found: 'sim/cockpit/radios/nav1_vdef_dot'
[   46.1s] [XP12] [XP12] Dataref not found: 'sim/cockpit/radios/nav1_hdef_dot'
[   46.1s] [XP12] [XP12] Dataref not found: 'sim/weather/aircraft_wind_speed_kt'
[   46.1s] [XP12] [XP12] Dataref not found: 'sim/weather/aircraft_wind_direction_degt'
[   46.1s] [XP12] [XP12] Dataref not found: 'sim/cockpit2/engine/actuators/throttle_ratio'
[   46.2s] [XP12] [XP12] Dataref not found: 'sim/flightmodel2/controls/speedbrake_ratio'
[   46.2s] [XP12] [XP12] Dataref not found: 'sim/flightmodel2/gear/tire_skid'
[   46.2s] [XP12] [XP12] Dataref not found: 'sim/aircraft/limits/Vso'
[   46.2s] [XP12] [XP12] Dataref not found: 'sim/aircraft/limits/Vno'
[   46.2s] [XP12] [XP12] Dataref not found: 'sim/aircraft/limits/Vne'
[   46.2s] [XP12] [XP12] Dataref not found: 'sim/aircraft/limits/Vfe'
[   46.2s] [XP12] [XP12] Dataref not found: 'sim/aircraft/limits/Vle'
[   46.2s] [XP12] [XP12] Dataref not found: 'sim/time/paused'
[   46.2s] [XP12] ID resolution: 0/46 resolved
[   46.2s] [XP12] Flight not loaded yet — retrying in 3s…
[   49.2s] [XP12] [XP12] Dataref not found: 'sim/flightmodel/position/latitude'
[   49.3s] [XP12] [XP12] Dataref not found: 'sim/flightmodel/position/longitude'
[   49.3s] [XP12] [XP12] Dataref not found: 'sim/flightmodel/position/groundspeed'
[   49.3s] [XP12] [XP12] Dataref not found: 'sim/flightmodel/position/indicated_airspeed'
[   49.3s] [XP12] [XP12] Dataref not found: 'sim/flightmodel/position/vh_ind_fpm'
[   49.3s] [XP12] [XP12] Dataref not found: 'sim/flightmodel/position/elevation'
[   49.3s] [XP12] [XP12] Dataref not found: 'sim/flightmodel/position/y_agl'
[   49.3s] [XP12] [XP12] Dataref not found: 'sim/flightmodel/position/alpha'
[   49.3s] [XP12] [XP12] Dataref not found: 'sim/flightmodel/forces/g_nrml'
[   49.4s] [XP12] [XP12] Dataref not found: 'sim/flightmodel2/gear/on_ground'
[   49.4s] [XP12] [XP12] Dataref not found: 'sim/flightmodel2/gear/deploy_ratio'
[   49.4s] [XP12] [XP12] Dataref not found: 'sim/flightmodel/controls/parkbrake'
[   49.4s] [XP12] [XP12] Dataref not found: 'sim/flightmodel/misc/stall_warning'
[   49.4s] [XP12] [XP12] Dataref not found: 'sim/flightmodel2/misc/has_crashed'
[   49.4s] [XP12] [XP12] Dataref not found: 'sim/flightmodel/failures/over_vne'
[   49.4s] [XP12] [XP12] Dataref not found: 'sim/flightmodel/controls/flaprat'
[   49.4s] [XP12] [XP12] Dataref not found: 'sim/cockpit/switches/pitot_heat_on'
[   49.4s] [XP12] [XP12] Dataref not found: 'sim/cockpit2/switches/landing_lights_on'
[   49.5s] [XP12] [XP12] Dataref not found: 'sim/cockpit/electrical/beacon_lights_on'
[   49.5s] [XP12] [XP12] Dataref not found: 'sim/aircraft/view/acf_ui_name'
[   49.5s] [XP12] [XP12] Dataref not found: 'sim/flightmodel2/gear/tire_sink_depth'
[   49.5s] [XP12] [XP12] Dataref not found: 'sim/flightmodel/position/phi'
[   49.5s] [XP12] [XP12] Dataref not found: 'sim/flightmodel/position/theta'
[   49.5s] [XP12] [XP12] Dataref not found: 'sim/flightmodel/position/mag_psi'
[   49.5s] [XP12] [XP12] Dataref not found: 'sim/flightmodel/position/hpath'
[   49.5s] [XP12] [XP12] Dataref not found: 'sim/flightmodel/forces/g_side'
[   49.6s] [XP12] [XP12] Dataref not found: 'sim/flightmodel/forces/g_axil'
[   49.6s] [XP12] [XP12] Dataref not found: 'sim/flightmodel/position/P'
[   49.6s] [XP12] [XP12] Dataref not found: 'sim/flightmodel/position/Q'
[   49.6s] [XP12] [XP12] Dataref not found: 'sim/flightmodel/position/R'
[   49.6s] [XP12] [XP12] Dataref not found: 'sim/cockpit/radios/transponder_mode'
[   49.6s] [XP12] [XP12] Dataref not found: 'sim/cockpit2/autopilot/autopilot_on'
[   49.6s] [XP12] [XP12] Dataref not found: 'sim/cockpit2/switches/strobe_lights_on'
[   49.6s] [XP12] [XP12] Dataref not found: 'sim/cockpit/radios/nav1_vdef_dot'
[   49.6s] [XP12] [XP12] Dataref not found: 'sim/cockpit/radios/nav1_hdef_dot'
[   49.7s] [XP12] [XP12] Dataref not found: 'sim/weather/aircraft_wind_speed_kt'
[   49.7s] [XP12] [XP12] Dataref not found: 'sim/weather/aircraft_wind_direction_degt'
[   49.7s] [XP12] [XP12] Dataref not found: 'sim/cockpit2/engine/actuators/throttle_ratio'
[   49.7s] [XP12] [XP12] Dataref not found: 'sim/flightmodel2/controls/speedbrake_ratio'
[   49.7s] [XP12] [XP12] Dataref not found: 'sim/flightmodel2/gear/tire_skid'
[   49.7s] [XP12] [XP12] Dataref not found: 'sim/aircraft/limits/Vso'
[   49.7s] [XP12] [XP12] Dataref not found: 'sim/aircraft/limits/Vno'
[   49.7s] [XP12] [XP12] Dataref not found: 'sim/aircraft/limits/Vne'
[   49.8s] [XP12] [XP12] Dataref not found: 'sim/aircraft/limits/Vfe'
[   49.8s] [XP12] [XP12] Dataref not found: 'sim/aircraft/limits/Vle'
[   49.8s] [XP12] [XP12] Dataref not found: 'sim/time/paused'
[   49.8s] [XP12] ID resolution: 0/46 resolved
[   49.8s] [XP12] Flight not loaded yet — retrying in 3s…
[   55.8s] [XP12] XP12 connection lost during resolution: The request was canceled due to the configured HttpClient.Timeout of 3 seconds elapsing.
[   55.8s] [XP12] ID resolution: 0/46 resolved
[   55.8s] [XP12] Flight not loaded yet — retrying in 3s…
[   61.8s] [XP12] XP12 connection lost during resolution: The request was canceled due to the configured HttpClient.Timeout of 3 seconds elapsing.
[   61.8s] [XP12] ID resolution: 0/46 resolved
[   61.8s] [XP12] Flight not loaded yet — retrying in 3s…
[   67.8s] [XP12] XP12 connection lost during resolution: The request was canceled due to the configured HttpClient.Timeout of 3 seconds elapsing.
[   67.8s] [XP12] ID resolution: 0/46 resolved
[   67.8s] [XP12] Flight not loaded yet — retrying in 3s…
[   73.9s] [XP12] XP12 connection lost during resolution: The request was canceled due to the configured HttpClient.Timeout of 3 seconds elapsing.
[   73.9s] [XP12] ID resolution: 0/46 resolved
[   73.9s] [XP12] Flight not loaded yet — retrying in 3s…
[   79.9s] [XP12] XP12 connection lost during resolution: The request was canceled due to the configured HttpClient.Timeout of 3 seconds elapsing.
[   79.9s] [XP12] ID resolution: 0/46 resolved
[   79.9s] [XP12] Flight not loaded yet — retrying in 3s…
[   85.9s] [XP12] XP12 connection lost during resolution: The request was canceled due to the configured HttpClient.Timeout of 3 seconds elapsing.
[   85.9s] [XP12] ID resolution: 0/46 resolved
[   85.9s] [XP12] Flight not loaded yet — retrying in 3s…
[   91.9s] [XP12] XP12 connection lost during resolution: The request was canceled due to the configured HttpClient.Timeout of 3 seconds elapsing.
[   91.9s] [XP12] ID resolution: 0/46 resolved
[   91.9s] [XP12] Flight not loaded yet — retrying in 3s…
[   97.9s] [XP12] XP12 connection lost during resolution: The request was canceled due to the configured HttpClient.Timeout of 3 seconds elapsing.
[   97.9s] [XP12] ID resolution: 0/46 resolved
[   97.9s] [XP12] Flight not loaded yet — retrying in 3s…
[  110.4s] [XP12] XP12 connection lost during resolution: The request was canceled due to the configured HttpClient.Timeout of 3 seconds elapsing.
[  110.4s] [XP12] ID resolution: 5/46 resolved
[  112.8s] [Idle] GS=0.0kt IAS=0.0kt VS=0fpm AGL=0ft Bnk=0.0° Pit=0.0° Hdg=0° Gn=0.00 Gl=0.00 Ga=0.00 Sink=0.000m Skid=0.000 Thr=0.00 Flp=0.00 Sbk=0.00 Wind=0kt@0° Xpdr=0 AP=False GS=0.00dot LOC=0.00dot
[  113.9s] [Idle] GS=0.0kt IAS=0.0kt VS=0fpm AGL=0ft Bnk=0.0° Pit=0.0° Hdg=0° Gn=0.00 Gl=0.00 Ga=0.00 Sink=0.000m Skid=0.000 Thr=0.00 Flp=0.00 Sbk=0.00 Wind=0kt@0° Xpdr=0 AP=False GS=0.00dot LOC=0.00dot
[  114.9s] [Idle] GS=0.0kt IAS=0.0kt VS=0fpm AGL=0ft Bnk=0.0° Pit=0.0° Hdg=0° Gn=0.00 Gl=0.00 Ga=0.00 Sink=0.000m Skid=0.000 Thr=0.00 Flp=0.00 Sbk=0.00 Wind=0kt@0° Xpdr=0 AP=False GS=0.00dot LOC=0.00dot
[  115.9s] [Idle] GS=0.0kt IAS=0.0kt VS=0fpm AGL=0ft Bnk=0.0° Pit=0.0° Hdg=0° Gn=0.00 Gl=0.00 Ga=0.00 Sink=0.000m Skid=0.000 Thr=0.00 Flp=0.00 Sbk=0.00 Wind=0kt@0° Xpdr=0 AP=False GS=0.00dot LOC=0.00dot
[  116.9s] [Idle] GS=0.0kt IAS=0.0kt VS=0fpm AGL=0ft Bnk=0.0° Pit=0.0° Hdg=0° Gn=0.00 Gl=0.00 Ga=0.00 Sink=0.000m Skid=0.000 Thr=0.00 Flp=0.00 Sbk=0.00 Wind=0kt@0° Xpdr=0 AP=False GS=0.00dot LOC=0.00dot
[  117.9s] [Idle] GS=0.0kt IAS=0.0kt VS=0fpm AGL=0ft Bnk=0.0° Pit=0.0° Hdg=0° Gn=0.00 Gl=0.00 Ga=0.00 Sink=0.000m Skid=0.000 Thr=0.00 Flp=0.00 Sbk=0.00 Wind=0kt@0° Xpdr=0 AP=False GS=0.00dot LOC=0.00dot
[  118.9s] [Idle] GS=0.0kt IAS=0.0kt VS=0fpm AGL=0ft Bnk=0.0° Pit=0.0° Hdg=0° Gn=0.00 Gl=0.00 Ga=0.00 Sink=0.000m Skid=0.000 Thr=0.00 Flp=0.00 Sbk=0.00 Wind=0kt@0° Xpdr=0 AP=False GS=0.00dot LOC=0.00dot
[  120.0s] [Idle] GS=0.0kt IAS=0.0kt VS=0fpm AGL=0ft Bnk=0.0° Pit=0.0° Hdg=0° Gn=0.00 Gl=0.00 Ga=0.00 Sink=0.000m Skid=0.000 Thr=0.00 Flp=0.00 Sbk=0.00 Wind=0kt@0° Xpdr=0 AP=False GS=0.00dot LOC=0.00dot
[  123.8s] [Idle] GS=0.0kt IAS=0.0kt VS=0fpm AGL=0ft Bnk=0.0° Pit=0.0° Hdg=0° Gn=0.00 Gl=0.00 Ga=0.00 Sink=0.000m Skid=0.000 Thr=0.00 Flp=0.00 Sbk=0.00 Wind=0kt@0° Xpdr=0 AP=False GS=0.00dot LOC=0.00dot
[  127.3s] [Idle] GS=0.0kt IAS=0.0kt VS=0fpm AGL=0ft Bnk=0.0° Pit=0.0° Hdg=0° Gn=0.00 Gl=0.00 Ga=0.00 Sink=0.000m Skid=0.000 Thr=0.00 Flp=0.00 Sbk=0.00 Wind=0kt@0° Xpdr=0 AP=False GS=0.00dot LOC=0.00dot
[  128.3s] [Idle] GS=0.0kt IAS=0.0kt VS=0fpm AGL=0ft Bnk=0.0° Pit=0.0° Hdg=0° Gn=0.00 Gl=0.00 Ga=0.00 Sink=0.000m Skid=0.000 Thr=0.00 Flp=0.00 Sbk=0.00 Wind=0kt@0° Xpdr=0 AP=False GS=0.00dot LOC=0.00dot
[  129.3s] [Idle] GS=0.0kt IAS=0.0kt VS=0fpm AGL=0ft Bnk=0.0° Pit=0.0° Hdg=0° Gn=0.00 Gl=0.00 Ga=0.00 Sink=0.000m Skid=0.000 Thr=0.00 Flp=0.00 Sbk=0.00 Wind=0kt@0° Xpdr=0 AP=False GS=0.00dot LOC=0.00dot
[  130.4s] [Idle] GS=0.0kt IAS=0.0kt VS=0fpm AGL=0ft Bnk=0.0° Pit=0.0° Hdg=0° Gn=0.00 Gl=0.00 Ga=0.00 Sink=0.000m Skid=0.000 Thr=0.00 Flp=0.00 Sbk=0.00 Wind=0kt@0° Xpdr=0 AP=False GS=0.00dot LOC=0.00dot
[  131.4s] [Idle] GS=0.0kt IAS=0.0kt VS=0fpm AGL=0ft Bnk=0.0° Pit=0.0° Hdg=0° Gn=0.00 Gl=0.00 Ga=0.00 Sink=0.000m Skid=0.000 Thr=0.00 Flp=0.00 Sbk=0.00 Wind=0kt@0° Xpdr=0 AP=False GS=0.00dot LOC=0.00dot
[  134.8s] [Idle] GS=0.0kt IAS=0.0kt VS=0fpm AGL=0ft Bnk=0.0° Pit=0.0° Hdg=0° Gn=0.00 Gl=0.00 Ga=0.00 Sink=0.000m Skid=0.000 Thr=0.00 Flp=0.00 Sbk=0.00 Wind=0kt@0° Xpdr=0 AP=False GS=0.00dot LOC=0.00dot
[  135.8s] [Idle] GS=0.0kt IAS=0.0kt VS=0fpm AGL=0ft Bnk=0.0° Pit=0.0° Hdg=0° Gn=0.00 Gl=0.00 Ga=0.00 Sink=0.000m Skid=0.000 Thr=0.00 Flp=0.00 Sbk=0.00 Wind=0kt@0° Xpdr=0 AP=False GS=0.00dot LOC=0.00dot
[  136.8s] [Idle] GS=0.0kt IAS=0.0kt VS=0fpm AGL=0ft Bnk=0.0° Pit=0.0° Hdg=0° Gn=0.00 Gl=0.00 Ga=0.00 Sink=0.000m Skid=0.000 Thr=0.00 Flp=0.00 Sbk=0.00 Wind=0kt@0° Xpdr=0 AP=False GS=0.00dot LOC=0.00dot
[  137.8s] [Idle] GS=0.0kt IAS=0.0kt VS=0fpm AGL=0ft Bnk=0.0° Pit=0.0° Hdg=0° Gn=0.00 Gl=0.00 Ga=0.00 Sink=0.000m Skid=0.000 Thr=0.00 Flp=0.00 Sbk=0.00 Wind=0kt@0° Xpdr=0 AP=False GS=0.00dot LOC=0.00dot
[  138.8s] [Idle] GS=0.0kt IAS=0.0kt VS=0fpm AGL=0ft Bnk=0.0° Pit=0.0° Hdg=0° Gn=0.00 Gl=0.00 Ga=0.00 Sink=0.000m Skid=0.000 Thr=0.00 Flp=0.00 Sbk=0.00 Wind=0kt@0° Xpdr=0 AP=False GS=0.00dot LOC=0.00dot
[  139.9s] [Idle] GS=0.0kt IAS=0.0kt VS=0fpm AGL=0ft Bnk=0.0° Pit=0.0° Hdg=0° Gn=0.00 Gl=0.00 Ga=0.00 Sink=0.000m Skid=0.000 Thr=0.00 Flp=0.00 Sbk=0.00 Wind=0kt@0° Xpdr=0 AP=False GS=0.00dot LOC=0.00dot
[  140.9s] [Idle] GS=0.0kt IAS=0.0kt VS=0fpm AGL=0ft Bnk=0.0° Pit=0.0° Hdg=0° Gn=0.00 Gl=0.00 Ga=0.00 Sink=0.000m Skid=0.000 Thr=0.00 Flp=0.00 Sbk=0.00 Wind=0kt@0° Xpdr=0 AP=False GS=0.00dot LOC=0.00dot
[  141.9s] [Idle] GS=0.0kt IAS=0.0kt VS=0fpm AGL=0ft Bnk=0.0° Pit=0.0° Hdg=0° Gn=0.00 Gl=0.00 Ga=0.00 Sink=0.000m Skid=0.000 Thr=0.00 Flp=0.00 Sbk=0.00 Wind=0kt@0° Xpdr=0 AP=False GS=0.00dot LOC=0.00dot
[  145.8s] [Idle] GS=0.0kt IAS=0.0kt VS=0fpm AGL=0ft Bnk=0.0° Pit=0.0° Hdg=0° Gn=0.00 Gl=0.00 Ga=0.00 Sink=0.000m Skid=0.000 Thr=0.00 Flp=0.00 Sbk=0.00 Wind=0kt@0° Xpdr=0 AP=False GS=0.00dot LOC=0.00dot
[  146.8s] [Idle] GS=0.0kt IAS=0.0kt VS=0fpm AGL=0ft Bnk=0.0° Pit=0.0° Hdg=0° Gn=0.00 Gl=0.00 Ga=0.00 Sink=0.000m Skid=0.000 Thr=0.00 Flp=0.00 Sbk=0.00 Wind=0kt@0° Xpdr=0 AP=False GS=0.00dot LOC=0.00dot
[  147.8s] [Idle] GS=0.0kt IAS=0.0kt VS=0fpm AGL=0ft Bnk=0.0° Pit=0.0° Hdg=0° Gn=0.00 Gl=0.00 Ga=0.00 Sink=0.000m Skid=0.000 Thr=0.00 Flp=0.00 Sbk=0.00 Wind=0kt@0° Xpdr=0 AP=False GS=0.00dot LOC=0.00dot
[  148.8s] [Idle] GS=0.0kt IAS=0.0kt VS=0fpm AGL=0ft Bnk=0.0° Pit=0.0° Hdg=0° Gn=0.00 Gl=0.00 Ga=0.00 Sink=0.000m Skid=0.000 Thr=0.00 Flp=0.00 Sbk=0.00 Wind=0kt@0° Xpdr=0 AP=False GS=0.00dot LOC=0.00dot
[  149.8s] [Idle] GS=0.0kt IAS=0.0kt VS=0fpm AGL=0ft Bnk=0.0° Pit=0.0° Hdg=0° Gn=0.00 Gl=0.00 Ga=0.00 Sink=0.000m Skid=0.000 Thr=0.00 Flp=0.00 Sbk=0.00 Wind=0kt@0° Xpdr=0 AP=False GS=0.00dot LOC=0.00dot
[  150.9s] [Idle] GS=0.0kt IAS=0.0kt VS=0fpm AGL=0ft Bnk=0.0° Pit=0.0° Hdg=0° Gn=0.00 Gl=0.00 Ga=0.00 Sink=0.000m Skid=0.000 Thr=0.00 Flp=0.00 Sbk=0.00 Wind=0kt@0° Xpdr=0 AP=False GS=0.00dot LOC=0.00dot
[  151.9s] [Idle] GS=0.0kt IAS=0.0kt VS=0fpm AGL=0ft Bnk=0.0° Pit=0.0° Hdg=0° Gn=0.00 Gl=0.00 Ga=0.00 Sink=0.000m Skid=0.000 Thr=0.00 Flp=0.00 Sbk=0.00 Wind=0kt@0° Xpdr=0 AP=False GS=0.00dot LOC=0.00dot
[  152.9s] [Idle] GS=0.0kt IAS=0.0kt VS=0fpm AGL=0ft Bnk=0.0° Pit=0.0° Hdg=0° Gn=0.00 Gl=0.00 Ga=0.00 Sink=0.000m Skid=0.000 Thr=0.00 Flp=0.00 Sbk=0.00 Wind=0kt@0° Xpdr=0 AP=False GS=0.00dot LOC=0.00dot
[  153.9s] [Idle] GS=0.0kt IAS=0.0kt VS=0fpm AGL=0ft Bnk=0.0° Pit=0.0° Hdg=0° Gn=0.00 Gl=0.00 Ga=0.00 Sink=0.000m Skid=0.000 Thr=0.00 Flp=0.00 Sbk=0.00 Wind=0kt@0° Xpdr=0 AP=False GS=0.00dot LOC=0.00dot
[  161.0s] [Idle] GS=0.0kt IAS=0.0kt VS=0fpm AGL=0ft Bnk=0.0° Pit=0.0° Hdg=0° Gn=0.00 Gl=0.00 Ga=0.00 Sink=0.000m Skid=0.000 Thr=0.00 Flp=0.00 Sbk=0.00 Wind=0kt@0° Xpdr=0 AP=False GS=0.00dot LOC=0.00dot
[  162.0s] [Idle] GS=0.0kt IAS=0.0kt VS=0fpm AGL=0ft Bnk=0.0° Pit=0.0° Hdg=0° Gn=0.00 Gl=0.00 Ga=0.00 Sink=0.000m Skid=0.000 Thr=0.00 Flp=0.00 Sbk=0.00 Wind=0kt@0° Xpdr=0 AP=False GS=0.00dot LOC=0.00dot
[  163.0s] [Idle] GS=0.0kt IAS=0.0kt VS=0fpm AGL=0ft Bnk=0.0° Pit=0.0° Hdg=0° Gn=0.00 Gl=0.00 Ga=0.00 Sink=0.000m Skid=0.000 Thr=0.00 Flp=0.00 Sbk=0.00 Wind=0kt@0° Xpdr=0 AP=False GS=0.00dot LOC=0.00dot
[  164.0s] [Idle] GS=0.0kt IAS=0.0kt VS=0fpm AGL=0ft Bnk=0.0° Pit=0.0° Hdg=0° Gn=0.00 Gl=0.00 Ga=0.00 Sink=0.000m Skid=0.000 Thr=0.00 Flp=0.00 Sbk=0.00 Wind=0kt@0° Xpdr=0 AP=False GS=0.00dot LOC=0.00dot
[  183.1s] [Idle] GS=0.0kt IAS=0.0kt VS=0fpm AGL=0ft Bnk=0.0° Pit=0.0° Hdg=0° Gn=0.00 Gl=0.00 Ga=0.00 Sink=0.000m Skid=0.000 Thr=0.00 Flp=0.00 Sbk=0.00 Wind=0kt@0° Xpdr=0 AP=False GS=0.00dot LOC=0.00dot
[  184.1s] [Idle] GS=0.0kt IAS=0.0kt VS=0fpm AGL=0ft Bnk=0.0° Pit=0.0° Hdg=0° Gn=0.00 Gl=0.00 Ga=0.00 Sink=0.000m Skid=0.000 Thr=0.00 Flp=0.00 Sbk=0.00 Wind=0kt@0° Xpdr=0 AP=False GS=0.00dot LOC=0.00dot
[  185.2s] [Idle] GS=0.0kt IAS=0.0kt VS=0fpm AGL=0ft Bnk=0.0° Pit=0.0° Hdg=0° Gn=0.00 Gl=0.00 Ga=0.00 Sink=0.000m Skid=0.000 Thr=0.00 Flp=0.00 Sbk=0.00 Wind=0kt@0° Xpdr=0 AP=False GS=0.00dot LOC=0.00dot
[  186.2s] [Idle] GS=0.0kt IAS=0.0kt VS=0fpm AGL=0ft Bnk=0.0° Pit=0.0° Hdg=0° Gn=0.00 Gl=0.00 Ga=0.00 Sink=0.000m Skid=0.000 Thr=0.00 Flp=0.00 Sbk=0.00 Wind=0kt@0° Xpdr=0 AP=False GS=0.00dot LOC=0.00dot
[  187.2s] [Idle] GS=0.0kt IAS=0.0kt VS=0fpm AGL=0ft Bnk=0.0° Pit=0.0° Hdg=0° Gn=0.00 Gl=0.00 Ga=0.00 Sink=0.000m Skid=0.000 Thr=0.00 Flp=0.00 Sbk=0.00 Wind=0kt@0° Xpdr=0 AP=False GS=0.00dot LOC=0.00dot
[  188.2s] [Idle] GS=0.0kt IAS=0.0kt VS=0fpm AGL=0ft Bnk=0.0° Pit=0.0° Hdg=0° Gn=0.00 Gl=0.00 Ga=0.00 Sink=0.000m Skid=0.000 Thr=0.00 Flp=0.00 Sbk=0.00 Wind=0kt@0° Xpdr=0 AP=False GS=0.00dot LOC=0.00dot
[  189.2s] [Idle] GS=0.0kt IAS=0.0kt VS=0fpm AGL=0ft Bnk=0.0° Pit=0.0° Hdg=0° Gn=0.00 Gl=0.00 Ga=0.00 Sink=0.000m Skid=0.000 Thr=0.00 Flp=0.00 Sbk=0.00 Wind=0kt@0° Xpdr=0 AP=False GS=0.00dot LOC=0.00dot
[  190.2s] [Idle] GS=0.0kt IAS=0.0kt VS=0fpm AGL=0ft Bnk=0.0° Pit=0.0° Hdg=0° Gn=0.00 Gl=0.00 Ga=0.00 Sink=0.000m Skid=0.000 Thr=0.00 Flp=0.00 Sbk=0.00 Wind=0kt@0° Xpdr=0 AP=False GS=0.00dot LOC=0.00dot
[  201.3s] [Idle] GS=0.4kt IAS=-0.3kt VS=3fpm AGL=0ft Bnk=0.0° Pit=0.0° Hdg=0° Gn=0.00 Gl=0.00 Ga=0.00 Sink=0.000m Skid=0.000 Thr=0.00 Flp=0.00 Sbk=0.00 Wind=0kt@0° Xpdr=0 AP=False GS=0.00dot LOC=0.00dot
[  202.3s] [Idle] GS=0.0kt IAS=-4.2kt VS=4fpm AGL=0ft Bnk=0.0° Pit=0.0° Hdg=0° Gn=0.00 Gl=0.00 Ga=0.00 Sink=0.000m Skid=0.000 Thr=0.00 Flp=0.00 Sbk=0.00 Wind=0kt@0° Xpdr=0 AP=False GS=0.00dot LOC=0.00dot
[  203.4s] [Idle] GS=0.0kt IAS=-6.2kt VS=1fpm AGL=0ft Bnk=0.0° Pit=0.0° Hdg=0° Gn=0.00 Gl=0.00 Ga=0.00 Sink=0.000m Skid=0.000 Thr=0.00 Flp=0.00 Sbk=0.00 Wind=0kt@0° Xpdr=0 AP=False GS=0.00dot LOC=0.00dot
[  204.4s] [Idle] GS=0.0kt IAS=-6.8kt VS=0fpm AGL=0ft Bnk=0.0° Pit=0.0° Hdg=0° Gn=0.00 Gl=0.00 Ga=0.00 Sink=0.000m Skid=0.000 Thr=0.00 Flp=0.00 Sbk=0.00 Wind=0kt@0° Xpdr=0 AP=False GS=0.00dot LOC=0.00dot
[  205.4s] [Idle] GS=0.0kt IAS=-7.1kt VS=0fpm AGL=0ft Bnk=0.0° Pit=0.0° Hdg=0° Gn=0.00 Gl=0.00 Ga=0.00 Sink=0.000m Skid=0.000 Thr=0.00 Flp=0.00 Sbk=0.00 Wind=0kt@0° Xpdr=0 AP=False GS=0.00dot LOC=0.00dot
[  206.4s] [Idle] GS=0.0kt IAS=-7.1kt VS=0fpm AGL=0ft Bnk=0.0° Pit=0.0° Hdg=0° Gn=0.00 Gl=0.00 Ga=0.00 Sink=0.000m Skid=0.000 Thr=0.00 Flp=0.00 Sbk=0.00 Wind=0kt@0° Xpdr=0 AP=False GS=0.00dot LOC=0.00dot
[  207.5s] [Idle] GS=0.0kt IAS=-7.0kt VS=0fpm AGL=0ft Bnk=0.0° Pit=0.0° Hdg=0° Gn=0.00 Gl=0.00 Ga=0.00 Sink=0.000m Skid=0.000 Thr=0.00 Flp=0.00 Sbk=0.00 Wind=0kt@0° Xpdr=0 AP=False GS=0.00dot LOC=0.00dot
[  208.5s] [Idle] GS=0.0kt IAS=-7.0kt VS=-0fpm AGL=0ft Bnk=0.0° Pit=0.0° Hdg=0° Gn=0.00 Gl=0.00 Ga=0.00 Sink=0.000m Skid=0.000 Thr=0.00 Flp=0.00 Sbk=0.00 Wind=0kt@0° Xpdr=0 AP=False GS=0.00dot LOC=0.00dot
[  209.5s] [Idle] GS=0.0kt IAS=-7.0kt VS=-0fpm AGL=0ft Bnk=0.0° Pit=0.0° Hdg=0° Gn=0.00 Gl=0.00 Ga=0.00 Sink=0.000m Skid=0.000 Thr=0.00 Flp=0.00 Sbk=0.00 Wind=0kt@0° Xpdr=0 AP=False GS=0.00dot LOC=0.00dot
[  210.5s] [Idle] GS=0.0kt IAS=-6.9kt VS=0fpm AGL=0ft Bnk=0.0° Pit=0.0° Hdg=0° Gn=0.00 Gl=0.00 Ga=0.00 Sink=0.000m Skid=0.000 Thr=0.00 Flp=0.00 Sbk=0.00 Wind=0kt@0° Xpdr=0 AP=False GS=0.00dot LOC=0.00dot
[  211.6s] [Idle] GS=0.0kt IAS=-6.2kt VS=0fpm AGL=0ft Bnk=0.0° Pit=0.0° Hdg=0° Gn=0.00 Gl=0.00 Ga=0.00 Sink=0.000m Skid=0.000 Thr=0.00 Flp=0.00 Sbk=0.00 Wind=0kt@0° Xpdr=0 AP=False GS=0.00dot LOC=0.00dot
[  212.6s] [Idle] GS=0.0kt IAS=-5.4kt VS=0fpm AGL=0ft Bnk=0.0° Pit=0.0° Hdg=0° Gn=0.00 Gl=0.00 Ga=0.00 Sink=0.000m Skid=0.000 Thr=0.00 Flp=0.00 Sbk=0.00 Wind=0kt@0° Xpdr=0 AP=False GS=0.00dot LOC=0.00dot
[  213.6s] [Idle] GS=0.0kt IAS=-5.6kt VS=-0fpm AGL=0ft Bnk=0.0° Pit=0.0° Hdg=0° Gn=0.00 Gl=0.00 Ga=0.00 Sink=0.000m Skid=0.000 Thr=0.00 Flp=0.00 Sbk=0.00 Wind=0kt@0° Xpdr=0 AP=False GS=0.00dot LOC=0.00dot
[  214.6s] [Idle] GS=0.0kt IAS=-6.0kt VS=-0fpm AGL=0ft Bnk=0.0° Pit=0.0° Hdg=0° Gn=0.00 Gl=0.00 Ga=0.00 Sink=0.000m Skid=0.000 Thr=0.00 Flp=0.00 Sbk=0.00 Wind=0kt@0° Xpdr=0 AP=False GS=0.00dot LOC=0.00dot
[  215.6s] [Idle] GS=0.0kt IAS=-6.3kt VS=-0fpm AGL=0ft Bnk=0.0° Pit=0.0° Hdg=0° Gn=0.00 Gl=0.00 Ga=0.00 Sink=0.000m Skid=0.000 Thr=0.00 Flp=0.00 Sbk=0.00 Wind=0kt@0° Xpdr=0 AP=False GS=0.00dot LOC=0.00dot
[  216.6s] [Idle] GS=0.0kt IAS=-6.5kt VS=-0fpm AGL=0ft Bnk=0.0° Pit=0.0° Hdg=0° Gn=0.00 Gl=0.00 Ga=0.00 Sink=0.000m Skid=0.000 Thr=0.00 Flp=0.00 Sbk=0.00 Wind=0kt@0° Xpdr=0 AP=False GS=0.00dot LOC=0.00dot
[  217.7s] [Idle] GS=0.0kt IAS=-6.6kt VS=-0fpm AGL=0ft Bnk=0.0° Pit=0.0° Hdg=0° Gn=0.00 Gl=0.00 Ga=0.00 Sink=0.000m Skid=0.000 Thr=0.00 Flp=0.00 Sbk=0.00 Wind=0kt@0° Xpdr=0 AP=False GS=0.00dot LOC=0.00dot
[  218.7s] [Idle] GS=0.0kt IAS=-6.5kt VS=0fpm AGL=0ft Bnk=0.0° Pit=0.0° Hdg=0° Gn=0.00 Gl=0.00 Ga=0.00 Sink=0.000m Skid=0.000 Thr=0.00 Flp=0.00 Sbk=0.00 Wind=0kt@0° Xpdr=0 AP=False GS=0.00dot LOC=0.00dot
[  219.7s] [Idle] GS=0.0kt IAS=-6.2kt VS=0fpm AGL=0ft Bnk=0.0° Pit=0.0° Hdg=0° Gn=0.00 Gl=0.00 Ga=0.00 Sink=0.000m Skid=0.000 Thr=0.00 Flp=0.00 Sbk=0.00 Wind=0kt@0° Xpdr=0 AP=False GS=0.00dot LOC=0.00dot
[  220.7s] [Idle] GS=0.0kt IAS=-5.1kt VS=0fpm AGL=0ft Bnk=0.0° Pit=0.0° Hdg=0° Gn=0.00 Gl=0.00 Ga=0.00 Sink=0.000m Skid=0.000 Thr=0.00 Flp=0.00 Sbk=0.00 Wind=0kt@0° Xpdr=0 AP=False GS=0.00dot LOC=0.00dot
[  221.7s] [Idle] GS=0.0kt IAS=-4.2kt VS=0fpm AGL=0ft Bnk=0.0° Pit=0.0° Hdg=0° Gn=0.00 Gl=0.00 Ga=0.00 Sink=0.000m Skid=0.000 Thr=0.00 Flp=0.00 Sbk=0.00 Wind=0kt@0° Xpdr=0 AP=False GS=0.00dot LOC=0.00dot
[  222.8s] [Idle] GS=0.0kt IAS=-3.9kt VS=0fpm AGL=0ft Bnk=0.0° Pit=0.0° Hdg=0° Gn=0.00 Gl=0.00 Ga=0.00 Sink=0.000m Skid=0.000 Thr=0.00 Flp=0.00 Sbk=0.00 Wind=0kt@0° Xpdr=0 AP=False GS=0.00dot LOC=0.00dot
[  223.8s] [Idle] GS=0.0kt IAS=-3.9kt VS=0fpm AGL=0ft Bnk=0.0° Pit=0.0° Hdg=0° Gn=0.00 Gl=0.00 Ga=0.00 Sink=0.000m Skid=0.000 Thr=0.00 Flp=0.00 Sbk=0.00 Wind=0kt@0° Xpdr=0 AP=False GS=0.00dot LOC=0.00dot
[  224.8s] [Idle] GS=0.0kt IAS=-3.9kt VS=-0fpm AGL=0ft Bnk=0.0° Pit=0.0° Hdg=0° Gn=0.00 Gl=0.00 Ga=0.00 Sink=0.000m Skid=0.000 Thr=0.00 Flp=0.00 Sbk=0.00 Wind=0kt@0° Xpdr=0 AP=False GS=0.00dot LOC=0.00dot
[  225.8s] [Idle] GS=0.0kt IAS=-3.9kt VS=-0fpm AGL=0ft Bnk=0.0° Pit=0.0° Hdg=0° Gn=0.00 Gl=0.00 Ga=0.00 Sink=0.000m Skid=0.000 Thr=0.00 Flp=0.00 Sbk=0.00 Wind=0kt@0° Xpdr=0 AP=False GS=0.00dot LOC=0.00dot
[  226.8s] [Idle] GS=0.0kt IAS=-3.9kt VS=0fpm AGL=0ft Bnk=0.0° Pit=0.0° Hdg=0° Gn=0.00 Gl=0.00 Ga=0.00 Sink=0.000m Skid=0.000 Thr=0.00 Flp=0.00 Sbk=0.00 Wind=0kt@0° Xpdr=0 AP=False GS=0.00dot LOC=0.00dot
[  227.8s] [Idle] GS=0.0kt IAS=-4.0kt VS=-0fpm AGL=0ft Bnk=0.0° Pit=0.0° Hdg=0° Gn=0.00 Gl=0.00 Ga=0.00 Sink=0.000m Skid=0.000 Thr=0.00 Flp=0.00 Sbk=0.00 Wind=0kt@0° Xpdr=0 AP=False GS=0.00dot LOC=0.00dot
[  228.8s] [Idle] GS=0.0kt IAS=-4.1kt VS=-0fpm AGL=0ft Bnk=0.0° Pit=0.0° Hdg=0° Gn=0.00 Gl=0.00 Ga=0.00 Sink=0.000m Skid=0.000 Thr=0.00 Flp=0.00 Sbk=0.00 Wind=0kt@0° Xpdr=0 AP=False GS=0.00dot LOC=0.00dot
[  229.9s] [Idle] GS=0.0kt IAS=-4.2kt VS=-0fpm AGL=0ft Bnk=0.0° Pit=0.0° Hdg=0° Gn=0.00 Gl=0.00 Ga=0.00 Sink=0.000m Skid=0.000 Thr=0.00 Flp=0.00 Sbk=0.00 Wind=0kt@0° Xpdr=0 AP=False GS=0.00dot LOC=0.00dot
[  230.9s] [Idle] GS=0.0kt IAS=-4.2kt VS=0fpm AGL=0ft Bnk=0.0° Pit=0.0° Hdg=0° Gn=0.00 Gl=0.00 Ga=0.00 Sink=0.000m Skid=0.000 Thr=0.00 Flp=0.00 Sbk=0.00 Wind=0kt@0° Xpdr=0 AP=False GS=0.00dot LOC=0.00dot
[  231.9s] [Idle] GS=0.0kt IAS=-4.2kt VS=0fpm AGL=0ft Bnk=0.0° Pit=0.0° Hdg=0° Gn=0.00 Gl=0.00 Ga=0.00 Sink=0.000m Skid=0.000 Thr=0.00 Flp=0.00 Sbk=0.00 Wind=0kt@0° Xpdr=0 AP=False GS=0.00dot LOC=0.00dot
[  232.9s] [Idle] GS=0.0kt IAS=-4.4kt VS=-0fpm AGL=0ft Bnk=0.0° Pit=0.0° Hdg=0° Gn=0.00 Gl=0.00 Ga=0.00 Sink=0.000m Skid=0.000 Thr=0.00 Flp=0.00 Sbk=0.00 Wind=0kt@0° Xpdr=0 AP=False GS=0.00dot LOC=0.00dot
[  233.9s] [Idle] GS=0.0kt IAS=-5.5kt VS=-0fpm AGL=0ft Bnk=0.0° Pit=0.0° Hdg=0° Gn=0.00 Gl=0.00 Ga=0.00 Sink=0.000m Skid=0.000 Thr=0.00 Flp=0.00 Sbk=0.00 Wind=0kt@0° Xpdr=0 AP=False GS=0.00dot LOC=0.00dot
[  234.9s] [Idle] GS=0.0kt IAS=-6.2kt VS=-0fpm AGL=0ft Bnk=0.0° Pit=0.0° Hdg=0° Gn=0.00 Gl=0.00 Ga=0.00 Sink=0.000m Skid=0.000 Thr=0.00 Flp=0.00 Sbk=0.00 Wind=0kt@0° Xpdr=0 AP=False GS=0.00dot LOC=0.00dot
[  236.0s] [Idle] GS=0.0kt IAS=-6.4kt VS=0fpm AGL=0ft Bnk=0.0° Pit=0.0° Hdg=0° Gn=0.00 Gl=0.00 Ga=0.00 Sink=0.000m Skid=0.000 Thr=0.00 Flp=0.00 Sbk=0.00 Wind=0kt@0° Xpdr=0 AP=False GS=0.00dot LOC=0.00dot
[  237.0s] [Idle] GS=0.0kt IAS=-6.5kt VS=-0fpm AGL=0ft Bnk=0.0° Pit=0.0° Hdg=0° Gn=0.00 Gl=0.00 Ga=0.00 Sink=0.000m Skid=0.000 Thr=0.00 Flp=0.00 Sbk=0.00 Wind=0kt@0° Xpdr=0 AP=False GS=0.00dot LOC=0.00dot
[  238.0s] [Idle] GS=0.0kt IAS=-6.7kt VS=0fpm AGL=0ft Bnk=0.0° Pit=0.0° Hdg=0° Gn=0.00 Gl=0.00 Ga=0.00 Sink=0.000m Skid=0.000 Thr=0.00 Flp=0.00 Sbk=0.00 Wind=0kt@0° Xpdr=0 AP=False GS=0.00dot LOC=0.00dot
[  239.0s] [Idle] GS=0.0kt IAS=-6.6kt VS=0fpm AGL=0ft Bnk=0.0° Pit=0.0° Hdg=0° Gn=0.00 Gl=0.00 Ga=0.00 Sink=0.000m Skid=0.000 Thr=0.00 Flp=0.00 Sbk=0.00 Wind=0kt@0° Xpdr=0 AP=False GS=0.00dot LOC=0.00dot
[  240.0s] [Idle] GS=0.0kt IAS=-6.3kt VS=0fpm AGL=0ft Bnk=0.0° Pit=0.0° Hdg=0° Gn=0.00 Gl=0.00 Ga=0.00 Sink=0.000m Skid=0.000 Thr=0.00 Flp=0.00 Sbk=0.00 Wind=0kt@0° Xpdr=0 AP=False GS=0.00dot LOC=0.00dot
[  241.0s] [Idle] GS=0.0kt IAS=-5.3kt VS=0fpm AGL=0ft Bnk=0.0° Pit=0.0° Hdg=0° Gn=0.00 Gl=0.00 Ga=0.00 Sink=0.000m Skid=0.000 Thr=0.00 Flp=0.00 Sbk=0.00 Wind=0kt@0° Xpdr=0 AP=False GS=0.00dot LOC=0.00dot
[  242.1s] [Idle] GS=0.0kt IAS=-4.5kt VS=0fpm AGL=0ft Bnk=0.0° Pit=0.0° Hdg=0° Gn=0.00 Gl=0.00 Ga=0.00 Sink=0.000m Skid=0.000 Thr=0.00 Flp=0.00 Sbk=0.00 Wind=0kt@0° Xpdr=0 AP=False GS=0.00dot LOC=0.00dot
[  243.1s] [Idle] GS=0.0kt IAS=-4.3kt VS=0fpm AGL=0ft Bnk=0.0° Pit=0.0° Hdg=0° Gn=0.00 Gl=0.00 Ga=0.00 Sink=0.000m Skid=0.000 Thr=0.00 Flp=0.00 Sbk=0.00 Wind=0kt@0° Xpdr=0 AP=False GS=0.00dot LOC=0.00dot
[  244.1s] [Idle] GS=0.0kt IAS=-4.6kt VS=-0fpm AGL=0ft Bnk=0.0° Pit=0.0° Hdg=0° Gn=0.00 Gl=0.00 Ga=0.00 Sink=0.000m Skid=0.000 Thr=0.00 Flp=0.00 Sbk=0.00 Wind=0kt@0° Xpdr=0 AP=False GS=0.00dot LOC=0.00dot
[  245.1s] [Idle] GS=0.0kt IAS=-4.7kt VS=-0fpm AGL=0ft Bnk=0.0° Pit=0.0° Hdg=0° Gn=0.00 Gl=0.00 Ga=0.00 Sink=0.000m Skid=0.000 Thr=0.00 Flp=0.00 Sbk=0.00 Wind=0kt@0° Xpdr=0 AP=False GS=0.00dot LOC=0.00dot
[  246.1s] [Idle] GS=0.0kt IAS=-4.5kt VS=0fpm AGL=0ft Bnk=0.0° Pit=0.0° Hdg=0° Gn=0.00 Gl=0.00 Ga=0.00 Sink=0.000m Skid=0.000 Thr=0.00 Flp=0.00 Sbk=0.00 Wind=0kt@0° Xpdr=0 AP=False GS=0.00dot LOC=0.00dot
[  247.1s] [Idle] GS=0.0kt IAS=-4.4kt VS=-0fpm AGL=0ft Bnk=0.0° Pit=0.0° Hdg=0° Gn=0.00 Gl=0.00 Ga=0.00 Sink=0.000m Skid=0.000 Thr=0.00 Flp=0.00 Sbk=0.00 Wind=0kt@0° Xpdr=0 AP=False GS=0.00dot LOC=0.00dot
[  248.1s] [Idle] GS=0.0kt IAS=-4.7kt VS=-0fpm AGL=0ft Bnk=0.0° Pit=0.0° Hdg=0° Gn=0.00 Gl=0.00 Ga=0.00 Sink=0.000m Skid=0.000 Thr=0.00 Flp=0.00 Sbk=0.00 Wind=0kt@0° Xpdr=0 AP=False GS=0.00dot LOC=0.00dot
[  249.2s] [Idle] GS=0.0kt IAS=-4.5kt VS=0fpm AGL=0ft Bnk=0.0° Pit=0.0° Hdg=0° Gn=0.00 Gl=0.00 Ga=0.00 Sink=0.000m Skid=0.000 Thr=0.00 Flp=0.00 Sbk=0.00 Wind=0kt@0° Xpdr=0 AP=False GS=0.00dot LOC=0.00dot
[  250.2s] [Idle] GS=0.0kt IAS=-4.4kt VS=0fpm AGL=0ft Bnk=0.0° Pit=0.0° Hdg=0° Gn=0.00 Gl=0.00 Ga=0.00 Sink=0.000m Skid=0.000 Thr=0.00 Flp=0.00 Sbk=0.00 Wind=0kt@0° Xpdr=0 AP=False GS=0.00dot LOC=0.00dot
[  251.2s] [Idle] GS=0.0kt IAS=-4.4kt VS=0fpm AGL=0ft Bnk=0.0° Pit=0.0° Hdg=0° Gn=0.00 Gl=0.00 Ga=0.00 Sink=0.000m Skid=0.000 Thr=0.00 Flp=0.00 Sbk=0.00 Wind=0kt@0° Xpdr=0 AP=False GS=0.00dot LOC=0.00dot
[  252.2s] [Idle] GS=0.0kt IAS=-4.3kt VS=0fpm AGL=0ft Bnk=0.0° Pit=0.0° Hdg=0° Gn=0.00 Gl=0.00 Ga=0.00 Sink=0.000m Skid=0.000 Thr=0.00 Flp=0.00 Sbk=0.00 Wind=0kt@0° Xpdr=0 AP=False GS=0.00dot LOC=0.00dot
[  253.2s] [Idle] GS=0.0kt IAS=-4.3kt VS=0fpm AGL=0ft Bnk=0.0° Pit=0.0° Hdg=0° Gn=0.00 Gl=0.00 Ga=0.00 Sink=0.000m Skid=0.000 Thr=0.00 Flp=0.00 Sbk=0.00 Wind=0kt@0° Xpdr=0 AP=False GS=0.00dot LOC=0.00dot
[  254.2s] [Idle] GS=0.0kt IAS=-4.3kt VS=0fpm AGL=0ft Bnk=0.0° Pit=0.0° Hdg=0° Gn=0.00 Gl=0.00 Ga=0.00 Sink=0.000m Skid=0.000 Thr=0.00 Flp=0.00 Sbk=0.00 Wind=0kt@0° Xpdr=0 AP=False GS=0.00dot LOC=0.00dot
[  255.3s] [Idle] GS=0.0kt IAS=-4.6kt VS=-0fpm AGL=0ft Bnk=0.0° Pit=0.0° Hdg=0° Gn=0.00 Gl=0.00 Ga=0.00 Sink=0.000m Skid=0.000 Thr=0.00 Flp=0.00 Sbk=0.00 Wind=0kt@0° Xpdr=0 AP=False GS=0.00dot LOC=0.00dot
[  256.3s] [Idle] GS=0.0kt IAS=-4.8kt VS=-0fpm AGL=0ft Bnk=0.0° Pit=0.0° Hdg=0° Gn=0.00 Gl=0.00 Ga=0.00 Sink=0.000m Skid=0.000 Thr=0.00 Flp=0.00 Sbk=0.00 Wind=0kt@0° Xpdr=0 AP=False GS=0.00dot LOC=0.00dot
[  257.3s] [Idle] GS=0.0kt IAS=-4.7kt VS=-0fpm AGL=0ft Bnk=0.0° Pit=0.0° Hdg=0° Gn=0.00 Gl=0.00 Ga=0.00 Sink=0.000m Skid=0.000 Thr=0.00 Flp=0.00 Sbk=0.00 Wind=0kt@0° Xpdr=0 AP=False GS=0.00dot LOC=0.00dot
[  258.3s] [Idle] GS=0.0kt IAS=-4.5kt VS=-0fpm AGL=0ft Bnk=0.0° Pit=0.0° Hdg=0° Gn=0.00 Gl=0.00 Ga=0.00 Sink=0.000m Skid=0.000 Thr=0.00 Flp=0.00 Sbk=0.00 Wind=0kt@0° Xpdr=0 AP=False GS=0.00dot LOC=0.00dot
[  259.3s] [Idle] GS=0.0kt IAS=-4.6kt VS=-0fpm AGL=0ft Bnk=0.0° Pit=0.0° Hdg=0° Gn=0.00 Gl=0.00 Ga=0.00 Sink=0.000m Skid=0.000 Thr=0.00 Flp=0.00 Sbk=0.00 Wind=0kt@0° Xpdr=0 AP=False GS=0.00dot LOC=0.00dot
[  260.3s] [Idle] GS=0.0kt IAS=-4.4kt VS=-0fpm AGL=0ft Bnk=0.0° Pit=0.0° Hdg=0° Gn=0.00 Gl=0.00 Ga=0.00 Sink=0.000m Skid=0.000 Thr=0.00 Flp=0.00 Sbk=0.00 Wind=0kt@0° Xpdr=0 AP=False GS=0.00dot LOC=0.00dot
[  261.4s] [Idle] GS=0.2kt IAS=-4.2kt VS=1fpm AGL=0ft Bnk=0.0° Pit=0.0° Hdg=0° Gn=0.00 Gl=0.00 Ga=0.00 Sink=0.000m Skid=0.000 Thr=0.00 Flp=0.00 Sbk=0.00 Wind=0kt@0° Xpdr=0 AP=False GS=0.00dot LOC=0.00dot
[  262.4s] [Idle] GS=0.1kt IAS=-4.2kt VS=-0fpm AGL=0ft Bnk=0.0° Pit=0.0° Hdg=0° Gn=0.00 Gl=0.00 Ga=0.00 Sink=0.000m Skid=0.000 Thr=0.00 Flp=0.00 Sbk=0.00 Wind=0kt@0° Xpdr=0 AP=False GS=0.00dot LOC=0.00dot
[  263.4s] [Idle] GS=0.0kt IAS=-4.3kt VS=-0fpm AGL=0ft Bnk=0.0° Pit=0.0° Hdg=0° Gn=0.00 Gl=0.00 Ga=0.00 Sink=0.000m Skid=0.000 Thr=0.00 Flp=0.00 Sbk=0.00 Wind=0kt@0° Xpdr=0 AP=False GS=0.00dot LOC=0.00dot
[  264.4s] [Idle] GS=0.0kt IAS=-4.5kt VS=-0fpm AGL=0ft Bnk=0.0° Pit=0.0° Hdg=0° Gn=0.00 Gl=0.00 Ga=0.00 Sink=0.000m Skid=0.000 Thr=0.00 Flp=0.00 Sbk=0.00 Wind=0kt@0° Xpdr=0 AP=False GS=0.00dot LOC=0.00dot
[  265.4s] [Idle] GS=0.8kt IAS=-4.9kt VS=-0fpm AGL=0ft Bnk=0.0° Pit=0.0° Hdg=0° Gn=0.00 Gl=0.00 Ga=0.00 Sink=0.000m Skid=0.000 Thr=0.00 Flp=0.00 Sbk=0.00 Wind=0kt@0° Xpdr=0 AP=False GS=0.00dot LOC=0.00dot
[  266.5s] [Idle] GS=1.8kt IAS=-4.5kt VS=-0fpm AGL=0ft Bnk=0.0° Pit=0.0° Hdg=0° Gn=0.00 Gl=0.00 Ga=0.00 Sink=0.000m Skid=0.000 Thr=0.00 Flp=0.00 Sbk=0.00 Wind=0kt@0° Xpdr=0 AP=False GS=0.00dot LOC=0.00dot
[  267.5s] [Idle] GS=2.9kt IAS=-3.8kt VS=-0fpm AGL=0ft Bnk=0.0° Pit=0.0° Hdg=0° Gn=0.00 Gl=0.00 Ga=0.00 Sink=0.000m Skid=0.000 Thr=0.00 Flp=0.00 Sbk=0.00 Wind=0kt@0° Xpdr=0 AP=False GS=0.00dot LOC=0.00dot
[  268.5s] [Idle] GS=3.6kt IAS=-2.5kt VS=0fpm AGL=0ft Bnk=0.0° Pit=0.0° Hdg=0° Gn=0.00 Gl=0.00 Ga=0.00 Sink=0.000m Skid=0.000 Thr=0.00 Flp=0.00 Sbk=0.00 Wind=0kt@0° Xpdr=0 AP=False GS=0.00dot LOC=0.00dot
[  269.5s] [Idle] GS=4.6kt IAS=-1.4kt VS=-0fpm AGL=0ft Bnk=0.0° Pit=0.0° Hdg=0° Gn=0.00 Gl=0.00 Ga=0.00 Sink=0.000m Skid=0.000 Thr=0.00 Flp=0.00 Sbk=0.00 Wind=0kt@0° Xpdr=0 AP=False GS=0.00dot LOC=0.00dot
[  270.5s] [Idle] GS=5.0kt IAS=-0.6kt VS=-0fpm AGL=0ft Bnk=0.0° Pit=0.0° Hdg=0° Gn=0.00 Gl=0.00 Ga=0.00 Sink=0.000m Skid=0.000 Thr=0.00 Flp=0.00 Sbk=0.00 Wind=0kt@0° Xpdr=0 AP=False GS=0.00dot LOC=0.00dot
[  271.6s] [Idle] GS=6.0kt IAS=0.4kt VS=-0fpm AGL=0ft Bnk=0.0° Pit=0.0° Hdg=0° Gn=0.00 Gl=0.00 Ga=0.00 Sink=0.000m Skid=0.000 Thr=0.00 Flp=0.00 Sbk=0.00 Wind=0kt@0° Xpdr=0 AP=False GS=0.00dot LOC=0.00dot
[  272.6s] [Idle] GS=6.8kt IAS=1.5kt VS=-0fpm AGL=0ft Bnk=0.0° Pit=0.0° Hdg=0° Gn=0.00 Gl=0.00 Ga=0.00 Sink=0.000m Skid=0.000 Thr=0.00 Flp=0.00 Sbk=0.00 Wind=0kt@0° Xpdr=0 AP=False GS=0.00dot LOC=0.00dot
[  273.6s] [Idle] GS=7.5kt IAS=2.5kt VS=-0fpm AGL=0ft Bnk=0.0° Pit=0.0° Hdg=0° Gn=0.00 Gl=0.00 Ga=0.00 Sink=0.000m Skid=0.000 Thr=0.00 Flp=0.00 Sbk=0.00 Wind=0kt@0° Xpdr=0 AP=False GS=0.00dot LOC=0.00dot
[  274.6s] [Idle] GS=8.6kt IAS=3.3kt VS=1fpm AGL=0ft Bnk=0.0° Pit=0.0° Hdg=0° Gn=0.00 Gl=0.00 Ga=0.00 Sink=0.000m Skid=0.000 Thr=0.00 Flp=0.00 Sbk=0.00 Wind=0kt@0° Xpdr=0 AP=False GS=0.00dot LOC=0.00dot
[  275.6s] [Idle] GS=9.4kt IAS=5.0kt VS=1fpm AGL=0ft Bnk=0.0° Pit=0.0° Hdg=0° Gn=0.00 Gl=0.00 Ga=0.00 Sink=0.000m Skid=0.000 Thr=0.00 Flp=0.00 Sbk=0.00 Wind=0kt@0° Xpdr=0 AP=False GS=0.00dot LOC=0.00dot
[  276.6s] [Idle] GS=10.3kt IAS=7.2kt VS=2fpm AGL=0ft Bnk=0.0° Pit=0.0° Hdg=0° Gn=0.00 Gl=0.00 Ga=0.00 Sink=0.000m Skid=0.000 Thr=0.00 Flp=0.00 Sbk=0.00 Wind=0kt@0° Xpdr=0 AP=False GS=0.00dot LOC=0.00dot
[  277.6s] [Idle] GS=11.2kt IAS=9.6kt VS=-1fpm AGL=0ft Bnk=0.0° Pit=0.0° Hdg=0° Gn=0.00 Gl=0.00 Ga=0.00 Sink=0.000m Skid=0.000 Thr=0.00 Flp=0.00 Sbk=0.00 Wind=0kt@0° Xpdr=0 AP=False GS=0.00dot LOC=0.00dot
[  278.7s] [Idle] GS=12.1kt IAS=12.1kt VS=-3fpm AGL=0ft Bnk=0.0° Pit=0.0° Hdg=0° Gn=0.00 Gl=0.00 Ga=0.00 Sink=0.000m Skid=0.000 Thr=0.00 Flp=0.00 Sbk=0.00 Wind=0kt@0° Xpdr=0 AP=False GS=0.00dot LOC=0.00dot
[  279.7s] [Idle] GS=13.1kt IAS=14.2kt VS=-3fpm AGL=0ft Bnk=0.0° Pit=0.0° Hdg=0° Gn=0.00 Gl=0.00 Ga=0.00 Sink=0.000m Skid=0.000 Thr=0.00 Flp=0.00 Sbk=0.00 Wind=0kt@0° Xpdr=0 AP=False GS=0.00dot LOC=0.00dot
[  280.7s] [Idle] GS=14.0kt IAS=16.0kt VS=-0fpm AGL=0ft Bnk=0.0° Pit=0.0° Hdg=0° Gn=0.00 Gl=0.00 Ga=0.00 Sink=0.000m Skid=0.000 Thr=0.00 Flp=0.00 Sbk=0.00 Wind=0kt@0° Xpdr=0 AP=False GS=0.00dot LOC=0.00dot
[  281.7s] [Idle] GS=14.9kt IAS=17.2kt VS=0fpm AGL=0ft Bnk=0.0° Pit=0.0° Hdg=0° Gn=0.00 Gl=0.00 Ga=0.00 Sink=0.000m Skid=0.000 Thr=0.00 Flp=0.00 Sbk=0.00 Wind=0kt@0° Xpdr=0 AP=False GS=0.00dot LOC=0.00dot
[  282.7s] [Idle] GS=15.5kt IAS=18.4kt VS=-0fpm AGL=0ft Bnk=0.0° Pit=0.0° Hdg=0° Gn=0.00 Gl=0.00 Ga=0.00 Sink=0.000m Skid=0.000 Thr=0.00 Flp=0.00 Sbk=0.00 Wind=0kt@0° Xpdr=0 AP=False GS=0.00dot LOC=0.00dot
[  283.8s] [Idle] GS=15.4kt IAS=19.9kt VS=-2fpm AGL=0ft Bnk=0.0° Pit=0.0° Hdg=0° Gn=0.00 Gl=0.00 Ga=0.00 Sink=0.000m Skid=0.000 Thr=0.00 Flp=0.00 Sbk=0.00 Wind=0kt@0° Xpdr=0 AP=False GS=0.00dot LOC=0.00dot
[  284.8s] [Idle] GS=15.9kt IAS=20.7kt VS=-1fpm AGL=0ft Bnk=0.0° Pit=0.0° Hdg=0° Gn=0.00 Gl=0.00 Ga=0.00 Sink=0.000m Skid=0.000 Thr=0.00 Flp=0.00 Sbk=0.00 Wind=0kt@0° Xpdr=0 AP=False GS=0.00dot LOC=0.00dot
[  285.8s] [Idle] GS=15.2kt IAS=21.2kt VS=-0fpm AGL=0ft Bnk=0.0° Pit=0.0° Hdg=0° Gn=0.00 Gl=0.00 Ga=0.00 Sink=0.000m Skid=0.000 Thr=0.00 Flp=0.00 Sbk=0.00 Wind=0kt@0° Xpdr=0 AP=False GS=0.00dot LOC=0.00dot
[  286.8s] [Idle] GS=14.4kt IAS=21.1kt VS=-1fpm AGL=0ft Bnk=0.0° Pit=0.0° Hdg=0° Gn=0.00 Gl=0.00 Ga=0.00 Sink=0.000m Skid=0.000 Thr=0.00 Flp=0.00 Sbk=0.00 Wind=0kt@0° Xpdr=0 AP=False GS=0.00dot LOC=0.00dot
[  287.8s] [Idle] GS=12.9kt IAS=20.2kt VS=-0fpm AGL=0ft Bnk=0.0° Pit=0.0° Hdg=0° Gn=0.00 Gl=0.00 Ga=0.00 Sink=0.000m Skid=0.000 Thr=0.00 Flp=0.00 Sbk=0.00 Wind=0kt@0° Xpdr=0 AP=False GS=0.00dot LOC=0.00dot
[  288.9s] [Idle] GS=10.9kt IAS=18.7kt VS=-2fpm AGL=0ft Bnk=0.0° Pit=0.0° Hdg=0° Gn=0.00 Gl=0.00 Ga=0.00 Sink=0.000m Skid=0.000 Thr=0.00 Flp=0.00 Sbk=0.00 Wind=0kt@0° Xpdr=0 AP=False GS=0.00dot LOC=0.00dot
[  289.9s] [Idle] GS=9.0kt IAS=16.4kt VS=-2fpm AGL=0ft Bnk=0.0° Pit=0.0° Hdg=0° Gn=0.00 Gl=0.00 Ga=0.00 Sink=0.000m Skid=0.000 Thr=0.00 Flp=0.00 Sbk=0.00 Wind=0kt@0° Xpdr=0 AP=False GS=0.00dot LOC=0.00dot
[  290.9s] [Idle] GS=7.2kt IAS=13.6kt VS=-1fpm AGL=0ft Bnk=0.0° Pit=0.0° Hdg=0° Gn=0.00 Gl=0.00 Ga=0.00 Sink=0.000m Skid=0.000 Thr=0.00 Flp=0.00 Sbk=0.00 Wind=0kt@0° Xpdr=0 AP=False GS=0.00dot LOC=0.00dot
[  291.9s] [Idle] GS=5.4kt IAS=11.6kt VS=-2fpm AGL=0ft Bnk=0.0° Pit=0.0° Hdg=0° Gn=0.00 Gl=0.00 Ga=0.00 Sink=0.000m Skid=0.000 Thr=0.00 Flp=0.00 Sbk=0.00 Wind=0kt@0° Xpdr=0 AP=False GS=0.00dot LOC=0.00dot
[  292.9s] [Idle] GS=3.8kt IAS=10.7kt VS=-0fpm AGL=0ft Bnk=0.0° Pit=0.0° Hdg=0° Gn=0.00 Gl=0.00 Ga=0.00 Sink=0.000m Skid=0.000 Thr=0.00 Flp=0.00 Sbk=0.00 Wind=0kt@0° Xpdr=0 AP=False GS=0.00dot LOC=0.00dot
[  294.0s] [Idle] GS=2.8kt IAS=9.9kt VS=-0fpm AGL=0ft Bnk=0.0° Pit=0.0° Hdg=0° Gn=0.00 Gl=0.00 Ga=0.00 Sink=0.000m Skid=0.000 Thr=0.00 Flp=0.00 Sbk=0.00 Wind=0kt@0° Xpdr=0 AP=False GS=0.00dot LOC=0.00dot
[  295.0s] [Idle] GS=3.6kt IAS=9.2kt VS=-2fpm AGL=0ft Bnk=0.0° Pit=0.0° Hdg=0° Gn=0.00 Gl=0.00 Ga=0.00 Sink=0.000m Skid=0.000 Thr=0.00 Flp=0.00 Sbk=0.00 Wind=0kt@0° Xpdr=0 AP=False GS=0.00dot LOC=0.00dot
[  296.0s] [Idle] GS=6.4kt IAS=10.0kt VS=-1fpm AGL=0ft Bnk=0.0° Pit=0.0° Hdg=0° Gn=0.00 Gl=0.00 Ga=0.00 Sink=0.000m Skid=0.000 Thr=0.00 Flp=0.00 Sbk=0.00 Wind=0kt@0° Xpdr=0 AP=False GS=0.00dot LOC=0.00dot
[  297.0s] [Idle] GS=9.9kt IAS=12.3kt VS=2fpm AGL=0ft Bnk=0.0° Pit=0.0° Hdg=0° Gn=0.00 Gl=0.00 Ga=0.00 Sink=0.000m Skid=0.000 Thr=0.00 Flp=0.00 Sbk=0.00 Wind=0kt@0° Xpdr=0 AP=False GS=0.00dot LOC=0.00dot
[  298.0s] [Idle] GS=13.6kt IAS=15.4kt VS=0fpm AGL=0ft Bnk=0.0° Pit=0.0° Hdg=0° Gn=0.00 Gl=0.00 Ga=0.00 Sink=0.000m Skid=0.000 Thr=0.00 Flp=0.00 Sbk=0.00 Wind=0kt@0° Xpdr=0 AP=False GS=0.00dot LOC=0.00dot
[  299.0s] [Idle] GS=17.2kt IAS=19.3kt VS=-0fpm AGL=0ft Bnk=0.0° Pit=0.0° Hdg=0° Gn=0.00 Gl=0.00 Ga=0.00 Sink=0.000m Skid=0.000 Thr=0.00 Flp=0.00 Sbk=0.00 Wind=0kt@0° Xpdr=0 AP=False GS=0.00dot LOC=0.00dot
[  300.0s] [Idle] GS=20.1kt IAS=22.9kt VS=-0fpm AGL=0ft Bnk=0.0° Pit=0.0° Hdg=0° Gn=0.00 Gl=0.00 Ga=0.00 Sink=0.000m Skid=0.000 Thr=0.00 Flp=0.00 Sbk=0.00 Wind=0kt@0° Xpdr=0 AP=False GS=0.00dot LOC=0.00dot
[  301.0s] [Idle] GS=21.5kt IAS=25.3kt VS=3fpm AGL=0ft Bnk=0.0° Pit=0.0° Hdg=0° Gn=0.00 Gl=0.00 Ga=0.00 Sink=0.000m Skid=0.000 Thr=0.00 Flp=0.00 Sbk=0.00 Wind=0kt@0° Xpdr=0 AP=False GS=0.00dot LOC=0.00dot
[  302.1s] [Idle] GS=22.3kt IAS=26.4kt VS=4fpm AGL=0ft Bnk=0.0° Pit=0.0° Hdg=0° Gn=0.00 Gl=0.00 Ga=0.00 Sink=0.000m Skid=0.000 Thr=0.00 Flp=0.00 Sbk=0.00 Wind=0kt@0° Xpdr=0 AP=False GS=0.00dot LOC=0.00dot
[  303.1s] [Idle] GS=23.6kt IAS=27.6kt VS=4fpm AGL=0ft Bnk=0.0° Pit=0.0° Hdg=0° Gn=0.00 Gl=0.00 Ga=0.00 Sink=0.000m Skid=0.000 Thr=0.00 Flp=0.00 Sbk=0.00 Wind=0kt@0° Xpdr=0 AP=False GS=0.00dot LOC=0.00dot
[  304.1s] [Idle] GS=24.3kt IAS=28.7kt VS=6fpm AGL=0ft Bnk=0.0° Pit=0.0° Hdg=0° Gn=0.00 Gl=0.00 Ga=0.00 Sink=0.000m Skid=0.000 Thr=0.00 Flp=0.00 Sbk=0.00 Wind=0kt@0° Xpdr=0 AP=False GS=0.00dot LOC=0.00dot
[  305.1s] [Idle] GS=24.6kt IAS=28.5kt VS=6fpm AGL=0ft Bnk=0.0° Pit=0.0° Hdg=0° Gn=0.00 Gl=0.00 Ga=0.00 Sink=0.000m Skid=0.000 Thr=0.00 Flp=0.00 Sbk=0.00 Wind=0kt@0° Xpdr=0 AP=False GS=0.00dot LOC=0.00dot
[  306.1s] [Idle] GS=24.6kt IAS=27.7kt VS=2fpm AGL=0ft Bnk=0.0° Pit=0.0° Hdg=0° Gn=0.00 Gl=0.00 Ga=0.00 Sink=0.000m Skid=0.000 Thr=0.00 Flp=0.00 Sbk=0.00 Wind=0kt@0° Xpdr=0 AP=False GS=0.00dot LOC=0.00dot
[  307.2s] [Idle] GS=25.0kt IAS=26.1kt VS=-13fpm AGL=0ft Bnk=0.0° Pit=0.0° Hdg=0° Gn=0.00 Gl=0.00 Ga=0.00 Sink=0.000m Skid=0.000 Thr=0.00 Flp=0.00 Sbk=0.00 Wind=0kt@0° Xpdr=0 AP=False GS=0.00dot LOC=0.00dot
[  308.2s] [Idle] GS=25.2kt IAS=24.6kt VS=-14fpm AGL=0ft Bnk=0.0° Pit=0.0° Hdg=0° Gn=0.00 Gl=0.00 Ga=0.00 Sink=0.000m Skid=0.000 Thr=0.00 Flp=0.00 Sbk=0.00 Wind=0kt@0° Xpdr=0 AP=False GS=0.00dot LOC=0.00dot
[  309.2s] [Idle] GS=18.7kt IAS=21.8kt VS=-10fpm AGL=0ft Bnk=0.0° Pit=0.0° Hdg=0° Gn=0.00 Gl=0.00 Ga=0.00 Sink=0.000m Skid=0.000 Thr=0.00 Flp=0.00 Sbk=0.00 Wind=0kt@0° Xpdr=0 AP=False GS=0.00dot LOC=0.00dot
[  310.2s] [Idle] GS=10.0kt IAS=14.8kt VS=-6fpm AGL=0ft Bnk=0.0° Pit=0.0° Hdg=0° Gn=0.00 Gl=0.00 Ga=0.00 Sink=0.000m Skid=0.000 Thr=0.00 Flp=0.00 Sbk=0.00 Wind=0kt@0° Xpdr=0 AP=False GS=0.00dot LOC=0.00dot
[  311.2s] [Idle] GS=1.5kt IAS=6.0kt VS=-2fpm AGL=0ft Bnk=0.0° Pit=0.0° Hdg=0° Gn=0.00 Gl=0.00 Ga=0.00 Sink=0.000m Skid=0.000 Thr=0.00 Flp=0.00 Sbk=0.00 Wind=0kt@0° Xpdr=0 AP=False GS=0.00dot LOC=0.00dot
[  312.3s] [Idle] GS=0.1kt IAS=-2.1kt VS=-3fpm AGL=0ft Bnk=0.0° Pit=0.0° Hdg=0° Gn=0.00 Gl=0.00 Ga=0.00 Sink=0.000m Skid=0.000 Thr=0.00 Flp=0.00 Sbk=0.00 Wind=0kt@0° Xpdr=0 AP=False GS=0.00dot LOC=0.00dot
[  313.3s] [Idle] GS=0.0kt IAS=-4.2kt VS=-0fpm AGL=0ft Bnk=0.0° Pit=0.0° Hdg=0° Gn=0.00 Gl=0.00 Ga=0.00 Sink=0.000m Skid=0.000 Thr=0.00 Flp=0.00 Sbk=0.00 Wind=0kt@0° Xpdr=0 AP=False GS=0.00dot LOC=0.00dot
[  314.3s] [Idle] GS=0.0kt IAS=-4.6kt VS=-0fpm AGL=0ft Bnk=0.0° Pit=0.0° Hdg=0° Gn=0.00 Gl=0.00 Ga=0.00 Sink=0.000m Skid=0.000 Thr=0.00 Flp=0.00 Sbk=0.00 Wind=0kt@0° Xpdr=0 AP=False GS=0.00dot LOC=0.00dot
[  315.3s] [Idle] GS=0.0kt IAS=-5.2kt VS=-0fpm AGL=0ft Bnk=0.0° Pit=0.0° Hdg=0° Gn=0.00 Gl=0.00 Ga=0.00 Sink=0.000m Skid=0.000 Thr=0.00 Flp=0.00 Sbk=0.00 Wind=0kt@0° Xpdr=0 AP=False GS=0.00dot LOC=0.00dot
[  316.3s] [Idle] GS=0.0kt IAS=-5.9kt VS=-0fpm AGL=0ft Bnk=0.0° Pit=0.0° Hdg=0° Gn=0.00 Gl=0.00 Ga=0.00 Sink=0.000m Skid=0.000 Thr=0.00 Flp=0.00 Sbk=0.00 Wind=0kt@0° Xpdr=0 AP=False GS=0.00dot LOC=0.00dot
[  317.3s] [Idle] GS=0.0kt IAS=-5.9kt VS=0fpm AGL=0ft Bnk=0.0° Pit=0.0° Hdg=0° Gn=0.00 Gl=0.00 Ga=0.00 Sink=0.000m Skid=0.000 Thr=0.00 Flp=0.00 Sbk=0.00 Wind=0kt@0° Xpdr=0 AP=False GS=0.00dot LOC=0.00dot
[  318.3s] [Idle] GS=0.3kt IAS=-5.2kt VS=-0fpm AGL=0ft Bnk=0.0° Pit=0.0° Hdg=0° Gn=0.00 Gl=0.00 Ga=0.00 Sink=0.000m Skid=0.000 Thr=0.00 Flp=0.00 Sbk=0.00 Wind=0kt@0° Xpdr=0 AP=False GS=0.00dot LOC=0.00dot
[  319.4s] [Idle] GS=1.3kt IAS=-4.7kt VS=-0fpm AGL=0ft Bnk=0.0° Pit=0.0° Hdg=0° Gn=0.00 Gl=0.00 Ga=0.00 Sink=0.000m Skid=0.000 Thr=0.00 Flp=0.00 Sbk=0.00 Wind=0kt@0° Xpdr=0 AP=False GS=0.00dot LOC=0.00dot
[  320.4s] [Idle] GS=2.2kt IAS=-4.0kt VS=-0fpm AGL=0ft Bnk=0.0° Pit=0.0° Hdg=0° Gn=0.00 Gl=0.00 Ga=0.00 Sink=0.000m Skid=0.000 Thr=0.00 Flp=0.00 Sbk=0.00 Wind=0kt@0° Xpdr=0 AP=False GS=0.00dot LOC=0.00dot
[  321.4s] [Idle] GS=3.9kt IAS=-2.0kt VS=0fpm AGL=0ft Bnk=0.0° Pit=0.0° Hdg=0° Gn=0.00 Gl=0.00 Ga=0.00 Sink=0.000m Skid=0.000 Thr=0.00 Flp=0.00 Sbk=0.00 Wind=0kt@0° Xpdr=0 AP=False GS=0.00dot LOC=0.00dot
[  322.4s] [Idle] GS=5.9kt IAS=1.0kt VS=0fpm AGL=0ft Bnk=0.0° Pit=0.0° Hdg=0° Gn=0.00 Gl=0.00 Ga=0.00 Sink=0.000m Skid=0.000 Thr=0.00 Flp=0.00 Sbk=0.00 Wind=0kt@0° Xpdr=0 AP=False GS=0.00dot LOC=0.00dot
[  323.4s] [Idle] GS=9.3kt IAS=4.8kt VS=-1fpm AGL=0ft Bnk=0.0° Pit=0.0° Hdg=0° Gn=0.00 Gl=0.00 Ga=0.00 Sink=0.000m Skid=0.000 Thr=0.00 Flp=0.00 Sbk=0.00 Wind=0kt@0° Xpdr=0 AP=False GS=0.00dot LOC=0.00dot
[  324.4s] [Idle] GS=13.9kt IAS=9.9kt VS=-3fpm AGL=0ft Bnk=0.0° Pit=0.0° Hdg=0° Gn=0.00 Gl=0.00 Ga=0.00 Sink=0.000m Skid=0.000 Thr=0.00 Flp=0.00 Sbk=0.00 Wind=0kt@0° Xpdr=0 AP=False GS=0.00dot LOC=0.00dot
[  325.5s] [Idle] GS=18.5kt IAS=15.9kt VS=-2fpm AGL=0ft Bnk=0.0° Pit=0.0° Hdg=0° Gn=0.00 Gl=0.00 Ga=0.00 Sink=0.000m Skid=0.000 Thr=0.00 Flp=0.00 Sbk=0.00 Wind=0kt@0° Xpdr=0 AP=False GS=0.00dot LOC=0.00dot
[  326.5s] [Idle] GS=23.5kt IAS=22.2kt VS=-3fpm AGL=0ft Bnk=0.0° Pit=0.0° Hdg=0° Gn=0.00 Gl=0.00 Ga=0.00 Sink=0.000m Skid=0.000 Thr=0.00 Flp=0.00 Sbk=0.00 Wind=0kt@0° Xpdr=0 AP=False GS=0.00dot LOC=0.00dot
[  327.5s] [Idle] GS=28.5kt IAS=28.1kt VS=-4fpm AGL=0ft Bnk=0.0° Pit=0.0° Hdg=0° Gn=0.00 Gl=0.00 Ga=0.00 Sink=0.000m Skid=0.000 Thr=0.00 Flp=0.00 Sbk=0.00 Wind=0kt@0° Xpdr=0 AP=False GS=0.00dot LOC=0.00dot
[  328.5s] [Idle] GS=34.4kt IAS=33.9kt VS=-6fpm AGL=0ft Bnk=0.0° Pit=0.0° Hdg=0° Gn=0.00 Gl=0.00 Ga=0.00 Sink=0.000m Skid=0.000 Thr=0.00 Flp=0.00 Sbk=0.00 Wind=0kt@0° Xpdr=0 AP=False GS=0.00dot LOC=0.00dot
[  329.6s] [Idle] GS=41.2kt IAS=40.1kt VS=-8fpm AGL=0ft Bnk=0.0° Pit=0.0° Hdg=0° Gn=0.00 Gl=0.00 Ga=0.00 Sink=0.000m Skid=0.000 Thr=0.00 Flp=0.00 Sbk=0.00 Wind=0kt@0° Xpdr=0 AP=False GS=0.00dot LOC=0.00dot
[  330.6s] [Idle] GS=48.7kt IAS=46.5kt VS=-11fpm AGL=0ft Bnk=0.0° Pit=0.0° Hdg=0° Gn=0.00 Gl=0.00 Ga=0.00 Sink=0.000m Skid=0.000 Thr=0.00 Flp=0.00 Sbk=0.00 Wind=0kt@0° Xpdr=0 AP=False GS=0.00dot LOC=0.00dot
[  331.6s] [Idle] GS=56.2kt IAS=53.4kt VS=-15fpm AGL=0ft Bnk=0.0° Pit=0.0° Hdg=0° Gn=0.00 Gl=0.00 Ga=0.00 Sink=0.000m Skid=0.000 Thr=0.00 Flp=0.00 Sbk=0.00 Wind=0kt@0° Xpdr=0 AP=False GS=0.00dot LOC=0.00dot
[  332.6s] [Idle] GS=63.6kt IAS=60.6kt VS=-19fpm AGL=0ft Bnk=0.0° Pit=0.0° Hdg=0° Gn=0.00 Gl=0.00 Ga=0.00 Sink=0.000m Skid=0.000 Thr=0.00 Flp=0.00 Sbk=0.00 Wind=0kt@0° Xpdr=0 AP=False GS=0.00dot LOC=0.00dot
[  333.6s] [Idle] GS=70.9kt IAS=67.7kt VS=-23fpm AGL=0ft Bnk=0.0° Pit=0.0° Hdg=0° Gn=0.00 Gl=0.00 Ga=0.00 Sink=0.000m Skid=0.000 Thr=0.00 Flp=0.00 Sbk=0.00 Wind=0kt@0° Xpdr=0 AP=False GS=0.00dot LOC=0.00dot
[  334.6s] [Idle] GS=77.8kt IAS=73.8kt VS=-22fpm AGL=0ft Bnk=0.0° Pit=0.0° Hdg=0° Gn=0.00 Gl=0.00 Ga=0.00 Sink=0.000m Skid=0.000 Thr=0.00 Flp=0.00 Sbk=0.00 Wind=0kt@0° Xpdr=0 AP=False GS=0.00dot LOC=0.00dot
[  335.7s] [Idle] GS=84.4kt IAS=79.6kt VS=-20fpm AGL=0ft Bnk=0.0° Pit=0.0° Hdg=0° Gn=0.00 Gl=0.00 Ga=0.00 Sink=0.000m Skid=0.000 Thr=0.00 Flp=0.00 Sbk=0.00 Wind=0kt@0° Xpdr=0 AP=False GS=0.00dot LOC=0.00dot
[  336.7s] [Idle] GS=90.8kt IAS=85.4kt VS=-29fpm AGL=0ft Bnk=0.0° Pit=0.0° Hdg=0° Gn=0.00 Gl=0.00 Ga=0.00 Sink=0.000m Skid=0.000 Thr=0.00 Flp=0.00 Sbk=0.00 Wind=0kt@0° Xpdr=0 AP=False GS=0.00dot LOC=0.00dot
[  337.7s] [Idle] GS=97.2kt IAS=91.5kt VS=-37fpm AGL=0ft Bnk=0.0° Pit=0.0° Hdg=0° Gn=0.00 Gl=0.00 Ga=0.00 Sink=0.000m Skid=0.000 Thr=0.00 Flp=0.00 Sbk=0.00 Wind=0kt@0° Xpdr=0 AP=False GS=0.00dot LOC=0.00dot
[  338.7s] [Idle] GS=103.3kt IAS=97.5kt VS=-41fpm AGL=0ft Bnk=0.0° Pit=0.0° Hdg=0° Gn=0.00 Gl=0.00 Ga=0.00 Sink=0.000m Skid=0.000 Thr=0.00 Flp=0.00 Sbk=0.00 Wind=0kt@0° Xpdr=0 AP=False GS=0.00dot LOC=0.00dot
[  339.7s] [Idle] GS=109.0kt IAS=103.2kt VS=-56fpm AGL=0ft Bnk=0.0° Pit=0.0° Hdg=0° Gn=0.00 Gl=0.00 Ga=0.00 Sink=0.000m Skid=0.000 Thr=0.00 Flp=0.00 Sbk=0.00 Wind=0kt@0° Xpdr=0 AP=False GS=0.00dot LOC=0.00dot
[  340.8s] [Idle] GS=113.3kt IAS=107.9kt VS=-16fpm AGL=0ft Bnk=0.0° Pit=0.0° Hdg=0° Gn=0.00 Gl=0.00 Ga=0.00 Sink=0.000m Skid=0.000 Thr=0.00 Flp=0.00 Sbk=0.00 Wind=0kt@0° Xpdr=0 AP=False GS=0.00dot LOC=0.00dot
[  341.8s] [Idle] GS=115.2kt IAS=110.7kt VS=483fpm AGL=0ft Bnk=0.0° Pit=0.0° Hdg=0° Gn=0.00 Gl=0.00 Ga=0.00 Sink=0.000m Skid=0.000 Thr=0.00 Flp=0.00 Sbk=0.00 Wind=0kt@0° Xpdr=0 AP=False GS=0.00dot LOC=0.00dot
[  342.8s] [Idle] GS=116.1kt IAS=113.4kt VS=1249fpm AGL=0ft Bnk=0.0° Pit=0.0° Hdg=0° Gn=0.00 Gl=0.00 Ga=0.00 Sink=0.000m Skid=0.000 Thr=0.00 Flp=0.00 Sbk=0.00 Wind=0kt@0° Xpdr=0 AP=False GS=0.00dot LOC=0.00dot
[  343.8s] [Idle] GS=116.7kt IAS=115.2kt VS=1851fpm AGL=0ft Bnk=0.0° Pit=0.0° Hdg=0° Gn=0.00 Gl=0.00 Ga=0.00 Sink=0.000m Skid=0.000 Thr=0.00 Flp=0.00 Sbk=0.00 Wind=0kt@0° Xpdr=0 AP=False GS=0.00dot LOC=0.00dot
[  344.8s] [Idle] GS=117.1kt IAS=116.7kt VS=2250fpm AGL=0ft Bnk=0.0° Pit=0.0° Hdg=0° Gn=0.00 Gl=0.00 Ga=0.00 Sink=0.000m Skid=0.000 Thr=0.00 Flp=0.00 Sbk=0.00 Wind=0kt@0° Xpdr=0 AP=False GS=0.00dot LOC=0.00dot
[  345.8s] [Idle] GS=117.4kt IAS=119.2kt VS=2448fpm AGL=0ft Bnk=0.0° Pit=0.0° Hdg=0° Gn=0.00 Gl=0.00 Ga=0.00 Sink=0.000m Skid=0.000 Thr=0.00 Flp=0.00 Sbk=0.00 Wind=0kt@0° Xpdr=0 AP=False GS=0.00dot LOC=0.00dot
[  346.9s] [Idle] GS=117.4kt IAS=120.5kt VS=2615fpm AGL=0ft Bnk=0.0° Pit=0.0° Hdg=0° Gn=0.00 Gl=0.00 Ga=0.00 Sink=0.000m Skid=0.000 Thr=0.00 Flp=0.00 Sbk=0.00 Wind=0kt@0° Xpdr=0 AP=False GS=0.00dot LOC=0.00dot
[  347.9s] [Idle] GS=117.2kt IAS=120.7kt VS=2776fpm AGL=0ft Bnk=0.0° Pit=0.0° Hdg=0° Gn=0.00 Gl=0.00 Ga=0.00 Sink=0.000m Skid=0.000 Thr=0.00 Flp=0.00 Sbk=0.00 Wind=0kt@0° Xpdr=0 AP=False GS=0.00dot LOC=0.00dot
[  348.9s] [Idle] GS=116.8kt IAS=120.6kt VS=2923fpm AGL=0ft Bnk=0.0° Pit=0.0° Hdg=0° Gn=0.00 Gl=0.00 Ga=0.00 Sink=0.000m Skid=0.000 Thr=0.00 Flp=0.00 Sbk=0.00 Wind=0kt@0° Xpdr=0 AP=False GS=0.00dot LOC=0.00dot
[  349.9s] [Idle] GS=116.2kt IAS=120.0kt VS=3061fpm AGL=0ft Bnk=0.0° Pit=0.0° Hdg=0° Gn=0.00 Gl=0.00 Ga=0.00 Sink=0.000m Skid=0.000 Thr=0.00 Flp=0.00 Sbk=0.00 Wind=0kt@0° Xpdr=0 AP=False GS=0.00dot LOC=0.00dot
[  350.9s] [Idle] GS=115.5kt IAS=118.4kt VS=3164fpm AGL=0ft Bnk=0.0° Pit=0.0° Hdg=0° Gn=0.00 Gl=0.00 Ga=0.00 Sink=0.000m Skid=0.000 Thr=0.00 Flp=0.00 Sbk=0.00 Wind=0kt@0° Xpdr=0 AP=False GS=0.00dot LOC=0.00dot
[  351.9s] [Idle] GS=114.7kt IAS=117.4kt VS=3232fpm AGL=0ft Bnk=0.0° Pit=0.0° Hdg=0° Gn=0.00 Gl=0.00 Ga=0.00 Sink=0.000m Skid=0.000 Thr=0.00 Flp=0.00 Sbk=0.00 Wind=0kt@0° Xpdr=0 AP=False GS=0.00dot LOC=0.00dot
[  353.0s] [Idle] GS=114.0kt IAS=117.5kt VS=3295fpm AGL=0ft Bnk=0.0° Pit=0.0° Hdg=0° Gn=0.00 Gl=0.00 Ga=0.00 Sink=0.000m Skid=0.000 Thr=0.00 Flp=0.00 Sbk=0.00 Wind=0kt@0° Xpdr=0 AP=False GS=0.00dot LOC=0.00dot
[  354.0s] [Idle] GS=113.9kt IAS=117.9kt VS=3242fpm AGL=0ft Bnk=0.0° Pit=0.0° Hdg=0° Gn=0.00 Gl=0.00 Ga=0.00 Sink=0.000m Skid=0.000 Thr=0.00 Flp=0.00 Sbk=0.00 Wind=0kt@0° Xpdr=0 AP=False GS=0.00dot LOC=0.00dot
[  355.0s] [Idle] GS=114.8kt IAS=118.8kt VS=2756fpm AGL=0ft Bnk=0.0° Pit=0.0° Hdg=0° Gn=0.00 Gl=0.00 Ga=0.00 Sink=0.000m Skid=0.000 Thr=0.00 Flp=0.00 Sbk=0.00 Wind=0kt@0° Xpdr=0 AP=False GS=0.00dot LOC=0.00dot
[  356.0s] [Idle] GS=115.8kt IAS=119.5kt VS=2390fpm AGL=0ft Bnk=0.0° Pit=0.0° Hdg=0° Gn=0.00 Gl=0.00 Ga=0.00 Sink=0.000m Skid=0.000 Thr=0.00 Flp=0.00 Sbk=0.00 Wind=0kt@0° Xpdr=0 AP=False GS=0.00dot LOC=0.00dot
[  357.0s] [Idle] GS=116.7kt IAS=120.3kt VS=2204fpm AGL=0ft Bnk=0.0° Pit=0.0° Hdg=0° Gn=0.00 Gl=0.00 Ga=0.00 Sink=0.000m Skid=0.000 Thr=0.00 Flp=0.00 Sbk=0.00 Wind=0kt@0° Xpdr=0 AP=False GS=0.00dot LOC=0.00dot
[  358.0s] [Idle] GS=117.3kt IAS=120.7kt VS=2261fpm AGL=0ft Bnk=0.0° Pit=0.0° Hdg=0° Gn=0.00 Gl=0.00 Ga=0.00 Sink=0.000m Skid=0.000 Thr=0.00 Flp=0.00 Sbk=0.00 Wind=0kt@0° Xpdr=0 AP=False GS=0.00dot LOC=0.00dot
[  359.1s] [Idle] GS=117.5kt IAS=121.1kt VS=2374fpm AGL=0ft Bnk=0.0° Pit=0.0° Hdg=0° Gn=0.00 Gl=0.00 Ga=0.00 Sink=0.000m Skid=0.000 Thr=0.00 Flp=0.00 Sbk=0.00 Wind=0kt@0° Xpdr=0 AP=False GS=0.00dot LOC=0.00dot
[  360.1s] [Idle] GS=117.0kt IAS=121.0kt VS=2468fpm AGL=0ft Bnk=0.0° Pit=0.0° Hdg=0° Gn=0.00 Gl=0.00 Ga=0.00 Sink=0.000m Skid=0.000 Thr=0.00 Flp=0.00 Sbk=0.00 Wind=0kt@0° Xpdr=0 AP=False GS=0.00dot LOC=0.00dot
[  361.1s] [Idle] GS=116.5kt IAS=120.3kt VS=2474fpm AGL=0ft Bnk=0.0° Pit=0.0° Hdg=0° Gn=0.00 Gl=0.00 Ga=0.00 Sink=0.000m Skid=0.000 Thr=0.00 Flp=0.00 Sbk=0.00 Wind=0kt@0° Xpdr=0 AP=False GS=0.00dot LOC=0.00dot
[  362.1s] [Idle] GS=116.4kt IAS=119.2kt VS=2394fpm AGL=0ft Bnk=0.0° Pit=0.0° Hdg=0° Gn=0.00 Gl=0.00 Ga=0.00 Sink=0.000m Skid=0.000 Thr=0.00 Flp=0.00 Sbk=0.00 Wind=0kt@0° Xpdr=0 AP=False GS=0.00dot LOC=0.00dot
[  363.1s] [Idle] GS=117.8kt IAS=119.7kt VS=2000fpm AGL=0ft Bnk=0.0° Pit=0.0° Hdg=0° Gn=0.00 Gl=0.00 Ga=0.00 Sink=0.000m Skid=0.000 Thr=0.00 Flp=0.00 Sbk=0.00 Wind=0kt@0° Xpdr=0 AP=False GS=0.00dot LOC=0.00dot
[  364.1s] [Idle] GS=120.0kt IAS=120.3kt VS=1252fpm AGL=0ft Bnk=0.0° Pit=0.0° Hdg=0° Gn=0.00 Gl=0.00 Ga=0.00 Sink=0.000m Skid=0.000 Thr=0.00 Flp=0.00 Sbk=0.00 Wind=0kt@0° Xpdr=0 AP=False GS=0.00dot LOC=0.00dot
[  365.2s] [Idle] GS=122.5kt IAS=121.7kt VS=855fpm AGL=0ft Bnk=0.0° Pit=0.0° Hdg=0° Gn=0.00 Gl=0.00 Ga=0.00 Sink=0.000m Skid=0.000 Thr=0.00 Flp=0.00 Sbk=0.00 Wind=0kt@0° Xpdr=0 AP=False GS=0.00dot LOC=0.00dot
[  366.2s] [Idle] GS=125.4kt IAS=124.1kt VS=542fpm AGL=0ft Bnk=0.0° Pit=0.0° Hdg=0° Gn=0.00 Gl=0.00 Ga=0.00 Sink=0.000m Skid=0.000 Thr=0.00 Flp=0.00 Sbk=0.00 Wind=0kt@0° Xpdr=0 AP=False GS=0.00dot LOC=0.00dot
[  367.2s] [Idle] GS=128.4kt IAS=126.6kt VS=293fpm AGL=0ft Bnk=0.0° Pit=0.0° Hdg=0° Gn=0.00 Gl=0.00 Ga=0.00 Sink=0.000m Skid=0.000 Thr=0.00 Flp=0.00 Sbk=0.00 Wind=0kt@0° Xpdr=0 AP=False GS=0.00dot LOC=0.00dot
[  368.2s] [Idle] GS=131.7kt IAS=129.1kt VS=30fpm AGL=0ft Bnk=0.0° Pit=0.0° Hdg=0° Gn=0.00 Gl=0.00 Ga=0.00 Sink=0.000m Skid=0.000 Thr=0.00 Flp=0.00 Sbk=0.00 Wind=0kt@0° Xpdr=0 AP=False GS=0.00dot LOC=0.00dot
[  369.2s] [Idle] GS=135.4kt IAS=132.3kt VS=-250fpm AGL=0ft Bnk=0.0° Pit=0.0° Hdg=0° Gn=0.00 Gl=0.00 Ga=0.00 Sink=0.000m Skid=0.000 Thr=0.00 Flp=0.00 Sbk=0.00 Wind=0kt@0° Xpdr=0 AP=False GS=0.00dot LOC=0.00dot
[  370.2s] [Idle] GS=139.0kt IAS=135.9kt VS=-496fpm AGL=0ft Bnk=0.0° Pit=0.0° Hdg=0° Gn=0.00 Gl=0.00 Ga=0.00 Sink=0.000m Skid=0.000 Thr=0.00 Flp=0.00 Sbk=0.00 Wind=0kt@0° Xpdr=0 AP=False GS=0.00dot LOC=0.00dot
[  371.3s] [Idle] GS=142.3kt IAS=139.7kt VS=-647fpm AGL=0ft Bnk=0.0° Pit=0.0° Hdg=0° Gn=0.00 Gl=0.00 Ga=0.00 Sink=0.000m Skid=0.000 Thr=0.00 Flp=0.00 Sbk=0.00 Wind=0kt@0° Xpdr=0 AP=False GS=0.00dot LOC=0.00dot
[  372.3s] [Idle] GS=145.0kt IAS=142.6kt VS=-534fpm AGL=0ft Bnk=0.0° Pit=0.0° Hdg=0° Gn=0.00 Gl=0.00 Ga=0.00 Sink=0.000m Skid=0.000 Thr=0.00 Flp=0.00 Sbk=0.00 Wind=0kt@0° Xpdr=0 AP=False GS=0.00dot LOC=0.00dot
[  373.3s] [Idle] GS=147.2kt IAS=144.3kt VS=-292fpm AGL=0ft Bnk=0.0° Pit=0.0° Hdg=0° Gn=0.00 Gl=0.00 Ga=0.00 Sink=0.000m Skid=0.000 Thr=0.00 Flp=0.00 Sbk=0.00 Wind=0kt@0° Xpdr=0 AP=False GS=0.00dot LOC=0.00dot
[  374.3s] [Idle] GS=148.6kt IAS=146.0kt VS=25fpm AGL=0ft Bnk=0.0° Pit=0.0° Hdg=0° Gn=0.00 Gl=0.00 Ga=0.00 Sink=0.000m Skid=0.000 Thr=0.00 Flp=0.00 Sbk=0.00 Wind=0kt@0° Xpdr=0 AP=False GS=0.00dot LOC=0.00dot
[  375.3s] [Idle] GS=149.5kt IAS=147.4kt VS=336fpm AGL=0ft Bnk=0.0° Pit=0.0° Hdg=0° Gn=0.00 Gl=0.00 Ga=0.00 Sink=0.000m Skid=0.000 Thr=0.00 Flp=0.00 Sbk=0.00 Wind=0kt@0° Xpdr=0 AP=False GS=0.00dot LOC=0.00dot
[  376.3s] [Idle] GS=150.1kt IAS=148.7kt VS=519fpm AGL=0ft Bnk=0.0° Pit=0.0° Hdg=0° Gn=0.00 Gl=0.00 Ga=0.00 Sink=0.000m Skid=0.000 Thr=0.00 Flp=0.00 Sbk=0.00 Wind=0kt@0° Xpdr=0 AP=False GS=0.00dot LOC=0.00dot
[  377.4s] [Idle] GS=150.6kt IAS=149.4kt VS=506fpm AGL=0ft Bnk=0.0° Pit=0.0° Hdg=0° Gn=0.00 Gl=0.00 Ga=0.00 Sink=0.000m Skid=0.000 Thr=0.00 Flp=0.00 Sbk=0.00 Wind=0kt@0° Xpdr=0 AP=False GS=0.00dot LOC=0.00dot
[  378.4s] [Idle] GS=150.8kt IAS=149.6kt VS=484fpm AGL=0ft Bnk=0.0° Pit=0.0° Hdg=0° Gn=0.00 Gl=0.00 Ga=0.00 Sink=0.000m Skid=0.000 Thr=0.00 Flp=0.00 Sbk=0.00 Wind=0kt@0° Xpdr=0 AP=False GS=0.00dot LOC=0.00dot
[  379.4s] [Idle] GS=151.0kt IAS=149.7kt VS=459fpm AGL=0ft Bnk=0.0° Pit=0.0° Hdg=0° Gn=0.00 Gl=0.00 Ga=0.00 Sink=0.000m Skid=0.000 Thr=0.00 Flp=0.00 Sbk=0.00 Wind=0kt@0° Xpdr=0 AP=False GS=0.00dot LOC=0.00dot
[  380.4s] [Idle] GS=151.5kt IAS=150.2kt VS=340fpm AGL=0ft Bnk=0.0° Pit=0.0° Hdg=0° Gn=0.00 Gl=0.00 Ga=0.00 Sink=0.000m Skid=0.000 Thr=0.00 Flp=0.00 Sbk=0.00 Wind=0kt@0° Xpdr=0 AP=False GS=0.00dot LOC=0.00dot
[  381.4s] [Idle] GS=152.6kt IAS=150.7kt VS=34fpm AGL=0ft Bnk=0.0° Pit=0.0° Hdg=0° Gn=0.00 Gl=0.00 Ga=0.00 Sink=0.000m Skid=0.000 Thr=0.00 Flp=0.00 Sbk=0.00 Wind=0kt@0° Xpdr=0 AP=False GS=0.00dot LOC=0.00dot
[  382.4s] [Idle] GS=155.2kt IAS=152.7kt VS=-543fpm AGL=0ft Bnk=0.0° Pit=0.0° Hdg=0° Gn=0.00 Gl=0.00 Ga=0.00 Sink=0.000m Skid=0.000 Thr=0.00 Flp=0.00 Sbk=0.00 Wind=0kt@0° Xpdr=0 AP=False GS=0.00dot LOC=0.00dot
[  383.4s] [Idle] GS=158.6kt IAS=155.6kt VS=-1287fpm AGL=0ft Bnk=0.0° Pit=0.0° Hdg=0° Gn=0.00 Gl=0.00 Ga=0.00 Sink=0.000m Skid=0.000 Thr=0.00 Flp=0.00 Sbk=0.00 Wind=0kt@0° Xpdr=0 AP=False GS=0.00dot LOC=0.00dot
[  384.5s] [Idle] GS=162.9kt IAS=158.6kt VS=-2001fpm AGL=0ft Bnk=0.0° Pit=0.0° Hdg=0° Gn=0.00 Gl=0.00 Ga=0.00 Sink=0.000m Skid=0.000 Thr=0.00 Flp=0.00 Sbk=0.00 Wind=0kt@0° Xpdr=0 AP=False GS=0.00dot LOC=0.00dot
[  385.5s] [Idle] GS=167.8kt IAS=161.7kt VS=-2584fpm AGL=0ft Bnk=0.0° Pit=0.0° Hdg=0° Gn=0.00 Gl=0.00 Ga=0.00 Sink=0.000m Skid=0.000 Thr=0.00 Flp=0.00 Sbk=0.00 Wind=0kt@0° Xpdr=0 AP=False GS=0.00dot LOC=0.00dot
[  386.5s] [Idle] GS=173.0kt IAS=165.1kt VS=-3040fpm AGL=0ft Bnk=0.0° Pit=0.0° Hdg=0° Gn=0.00 Gl=0.00 Ga=0.00 Sink=0.000m Skid=0.000 Thr=0.00 Flp=0.00 Sbk=0.00 Wind=0kt@0° Xpdr=0 AP=False GS=0.00dot LOC=0.00dot
[  387.5s] [Idle] GS=178.5kt IAS=168.7kt VS=-3361fpm AGL=0ft Bnk=0.0° Pit=0.0° Hdg=0° Gn=0.00 Gl=0.00 Ga=0.00 Sink=0.000m Skid=0.000 Thr=0.00 Flp=0.00 Sbk=0.00 Wind=0kt@0° Xpdr=0 AP=False GS=0.00dot LOC=0.00dot
[  388.5s] [Idle] GS=183.7kt IAS=172.3kt VS=-3527fpm AGL=0ft Bnk=0.0° Pit=0.0° Hdg=0° Gn=0.00 Gl=0.00 Ga=0.00 Sink=0.000m Skid=0.000 Thr=0.00 Flp=0.00 Sbk=0.00 Wind=0kt@0° Xpdr=0 AP=False GS=0.00dot LOC=0.00dot
[  389.5s] [Idle] GS=188.5kt IAS=175.8kt VS=-3564fpm AGL=0ft Bnk=0.0° Pit=0.0° Hdg=0° Gn=0.00 Gl=0.00 Ga=0.00 Sink=0.000m Skid=0.000 Thr=0.00 Flp=0.00 Sbk=0.00 Wind=0kt@0° Xpdr=0 AP=False GS=0.00dot LOC=0.00dot
[  390.6s] [Idle] GS=192.6kt IAS=179.2kt VS=-3486fpm AGL=0ft Bnk=0.0° Pit=0.0° Hdg=0° Gn=0.00 Gl=0.00 Ga=0.00 Sink=0.000m Skid=0.000 Thr=0.00 Flp=0.00 Sbk=0.00 Wind=0kt@0° Xpdr=0 AP=False GS=0.00dot LOC=0.00dot
[  391.6s] [Idle] GS=195.4kt IAS=181.6kt VS=-3085fpm AGL=0ft Bnk=0.0° Pit=0.0° Hdg=0° Gn=0.00 Gl=0.00 Ga=0.00 Sink=0.000m Skid=0.000 Thr=0.00 Flp=0.00 Sbk=0.00 Wind=0kt@0° Xpdr=0 AP=False GS=0.00dot LOC=0.00dot
[  392.6s] [Idle] GS=196.9kt IAS=183.1kt VS=-2399fpm AGL=0ft Bnk=0.0° Pit=0.0° Hdg=0° Gn=0.00 Gl=0.00 Ga=0.00 Sink=0.000m Skid=0.000 Thr=0.00 Flp=0.00 Sbk=0.00 Wind=0kt@0° Xpdr=0 AP=False GS=0.00dot LOC=0.00dot
[  393.6s] [Idle] GS=197.5kt IAS=183.8kt VS=-1609fpm AGL=0ft Bnk=0.0° Pit=0.0° Hdg=0° Gn=0.00 Gl=0.00 Ga=0.00 Sink=0.000m Skid=0.000 Thr=0.00 Flp=0.00 Sbk=0.00 Wind=0kt@0° Xpdr=0 AP=False GS=0.00dot LOC=0.00dot
[  394.6s] [Idle] GS=197.8kt IAS=183.9kt VS=-875fpm AGL=0ft Bnk=0.0° Pit=0.0° Hdg=0° Gn=0.00 Gl=0.00 Ga=0.00 Sink=0.000m Skid=0.000 Thr=0.00 Flp=0.00 Sbk=0.00 Wind=0kt@0° Xpdr=0 AP=False GS=0.00dot LOC=0.00dot
[  395.7s] [Idle] GS=197.7kt IAS=182.6kt VS=-208fpm AGL=0ft Bnk=0.0° Pit=0.0° Hdg=0° Gn=0.00 Gl=0.00 Ga=0.00 Sink=0.000m Skid=0.000 Thr=0.00 Flp=0.00 Sbk=0.00 Wind=0kt@0° Xpdr=0 AP=False GS=0.00dot LOC=0.00dot
[  396.7s] [Idle] GS=197.1kt IAS=181.2kt VS=328fpm AGL=0ft Bnk=0.0° Pit=0.0° Hdg=0° Gn=0.00 Gl=0.00 Ga=0.00 Sink=0.000m Skid=0.000 Thr=0.00 Flp=0.00 Sbk=0.00 Wind=0kt@0° Xpdr=0 AP=False GS=0.00dot LOC=0.00dot
[  397.7s] [Idle] GS=196.2kt IAS=179.6kt VS=748fpm AGL=0ft Bnk=0.0° Pit=0.0° Hdg=0° Gn=0.00 Gl=0.00 Ga=0.00 Sink=0.000m Skid=0.000 Thr=0.00 Flp=0.00 Sbk=0.00 Wind=0kt@0° Xpdr=0 AP=False GS=0.00dot LOC=0.00dot
[  398.7s] [Idle] GS=195.1kt IAS=178.0kt VS=993fpm AGL=0ft Bnk=0.0° Pit=0.0° Hdg=0° Gn=0.00 Gl=0.00 Ga=0.00 Sink=0.000m Skid=0.000 Thr=0.00 Flp=0.00 Sbk=0.00 Wind=0kt@0° Xpdr=0 AP=False GS=0.00dot LOC=0.00dot
[  399.7s] [Idle] GS=194.0kt IAS=176.4kt VS=1029fpm AGL=0ft Bnk=0.0° Pit=0.0° Hdg=0° Gn=0.00 Gl=0.00 Ga=0.00 Sink=0.000m Skid=0.000 Thr=0.00 Flp=0.00 Sbk=0.00 Wind=0kt@0° Xpdr=0 AP=False GS=0.00dot LOC=0.00dot
[  400.7s] [Idle] GS=193.1kt IAS=174.8kt VS=864fpm AGL=0ft Bnk=0.0° Pit=0.0° Hdg=0° Gn=0.00 Gl=0.00 Ga=0.00 Sink=0.000m Skid=0.000 Thr=0.00 Flp=0.00 Sbk=0.00 Wind=0kt@0° Xpdr=0 AP=False GS=0.00dot LOC=0.00dot
[  401.7s] [Idle] GS=192.5kt IAS=173.5kt VS=498fpm AGL=0ft Bnk=0.0° Pit=0.0° Hdg=0° Gn=0.00 Gl=0.00 Ga=0.00 Sink=0.000m Skid=0.000 Thr=0.00 Flp=0.00 Sbk=0.00 Wind=0kt@0° Xpdr=0 AP=False GS=0.00dot LOC=0.00dot
[  402.8s] [Idle] GS=192.5kt IAS=173.0kt VS=-41fpm AGL=0ft Bnk=0.0° Pit=0.0° Hdg=0° Gn=0.00 Gl=0.00 Ga=0.00 Sink=0.000m Skid=0.000 Thr=0.00 Flp=0.00 Sbk=0.00 Wind=0kt@0° Xpdr=0 AP=False GS=0.00dot LOC=0.00dot
[  403.8s] [Idle] GS=193.6kt IAS=174.0kt VS=-804fpm AGL=0ft Bnk=0.0° Pit=0.0° Hdg=0° Gn=0.00 Gl=0.00 Ga=0.00 Sink=0.000m Skid=0.000 Thr=0.00 Flp=0.00 Sbk=0.00 Wind=0kt@0° Xpdr=0 AP=False GS=0.00dot LOC=0.00dot
[  404.8s] [Idle] GS=194.6kt IAS=174.9kt VS=-1522fpm AGL=0ft Bnk=0.0° Pit=0.0° Hdg=0° Gn=0.00 Gl=0.00 Ga=0.00 Sink=0.000m Skid=0.000 Thr=0.00 Flp=0.00 Sbk=0.00 Wind=0kt@0° Xpdr=0 AP=False GS=0.00dot LOC=0.00dot
[  405.8s] [Idle] GS=195.3kt IAS=174.8kt VS=-1817fpm AGL=0ft Bnk=0.0° Pit=0.0° Hdg=0° Gn=0.00 Gl=0.00 Ga=0.00 Sink=0.000m Skid=0.000 Thr=0.00 Flp=0.00 Sbk=0.00 Wind=0kt@0° Xpdr=0 AP=False GS=0.00dot LOC=0.00dot
[  406.8s] [Idle] GS=194.7kt IAS=172.2kt VS=-1457fpm AGL=0ft Bnk=0.0° Pit=0.0° Hdg=0° Gn=0.00 Gl=0.00 Ga=0.00 Sink=0.000m Skid=0.000 Thr=0.00 Flp=0.00 Sbk=0.00 Wind=0kt@0° Xpdr=0 AP=False GS=0.00dot LOC=0.00dot
[  407.9s] [Idle] GS=192.0kt IAS=164.5kt VS=-464fpm AGL=0ft Bnk=0.0° Pit=0.0° Hdg=0° Gn=0.00 Gl=0.00 Ga=0.00 Sink=0.000m Skid=0.000 Thr=0.00 Flp=0.00 Sbk=0.00 Wind=0kt@0° Xpdr=0 AP=False GS=0.00dot LOC=0.00dot
[  408.9s] [Idle] GS=189.1kt IAS=165.5kt VS=388fpm AGL=0ft Bnk=0.0° Pit=0.0° Hdg=0° Gn=0.00 Gl=0.00 Ga=0.00 Sink=0.000m Skid=0.000 Thr=0.00 Flp=0.00 Sbk=0.00 Wind=0kt@0° Xpdr=0 AP=False GS=0.00dot LOC=0.00dot
[  409.9s] [Idle] GS=186.1kt IAS=168.8kt VS=553fpm AGL=0ft Bnk=0.0° Pit=0.0° Hdg=0° Gn=0.00 Gl=0.00 Ga=0.00 Sink=0.000m Skid=0.000 Thr=0.00 Flp=0.00 Sbk=0.00 Wind=0kt@0° Xpdr=0 AP=False GS=0.00dot LOC=0.00dot
[  410.9s] [Idle] GS=182.5kt IAS=164.1kt VS=556fpm AGL=0ft Bnk=0.0° Pit=0.0° Hdg=0° Gn=0.00 Gl=0.00 Ga=0.00 Sink=0.000m Skid=0.000 Thr=0.00 Flp=0.00 Sbk=0.00 Wind=0kt@0° Xpdr=0 AP=False GS=0.00dot LOC=0.00dot
[  411.9s] [Idle] GS=179.6kt IAS=162.3kt VS=290fpm AGL=0ft Bnk=0.0° Pit=0.0° Hdg=0° Gn=0.00 Gl=0.00 Ga=0.00 Sink=0.000m Skid=0.000 Thr=0.00 Flp=0.00 Sbk=0.00 Wind=0kt@0° Xpdr=0 AP=False GS=0.00dot LOC=0.00dot
[  413.0s] [Idle] GS=178.0kt IAS=160.5kt VS=81fpm AGL=0ft Bnk=0.0° Pit=0.0° Hdg=0° Gn=0.00 Gl=0.00 Ga=0.00 Sink=0.000m Skid=0.000 Thr=0.00 Flp=0.00 Sbk=0.00 Wind=0kt@0° Xpdr=0 AP=False GS=0.00dot LOC=0.00dot
[  414.0s] [Idle] GS=177.4kt IAS=159.6kt VS=-464fpm AGL=0ft Bnk=0.0° Pit=0.0° Hdg=0° Gn=0.00 Gl=0.00 Ga=0.00 Sink=0.000m Skid=0.000 Thr=0.00 Flp=0.00 Sbk=0.00 Wind=0kt@0° Xpdr=0 AP=False GS=0.00dot LOC=0.00dot
[  415.0s] [Idle] GS=178.0kt IAS=159.2kt VS=-1383fpm AGL=0ft Bnk=0.0° Pit=0.0° Hdg=0° Gn=0.00 Gl=0.00 Ga=0.00 Sink=0.000m Skid=0.000 Thr=0.00 Flp=0.00 Sbk=0.00 Wind=0kt@0° Xpdr=0 AP=False GS=0.00dot LOC=0.00dot
[  416.0s] [Idle] GS=179.3kt IAS=160.3kt VS=-2221fpm AGL=0ft Bnk=0.0° Pit=0.0° Hdg=0° Gn=0.00 Gl=0.00 Ga=0.00 Sink=0.000m Skid=0.000 Thr=0.00 Flp=0.00 Sbk=0.00 Wind=0kt@0° Xpdr=0 AP=False GS=0.00dot LOC=0.00dot
[  417.0s] [Idle] GS=180.6kt IAS=162.0kt VS=-2696fpm AGL=0ft Bnk=0.0° Pit=0.0° Hdg=0° Gn=0.00 Gl=0.00 Ga=0.00 Sink=0.000m Skid=0.000 Thr=0.00 Flp=0.00 Sbk=0.00 Wind=0kt@0° Xpdr=0 AP=False GS=0.00dot LOC=0.00dot
[  418.1s] [Idle] GS=180.9kt IAS=163.4kt VS=-2684fpm AGL=0ft Bnk=0.0° Pit=0.0° Hdg=0° Gn=0.00 Gl=0.00 Ga=0.00 Sink=0.000m Skid=0.000 Thr=0.00 Flp=0.00 Sbk=0.00 Wind=0kt@0° Xpdr=0 AP=False GS=0.00dot LOC=0.00dot
[  419.1s] [Idle] GS=179.1kt IAS=161.5kt VS=-2171fpm AGL=0ft Bnk=0.0° Pit=0.0° Hdg=0° Gn=0.00 Gl=0.00 Ga=0.00 Sink=0.000m Skid=0.000 Thr=0.00 Flp=0.00 Sbk=0.00 Wind=0kt@0° Xpdr=0 AP=False GS=0.00dot LOC=0.00dot
[  420.1s] [Idle] GS=176.5kt IAS=162.4kt VS=-1243fpm AGL=0ft Bnk=0.0° Pit=0.0° Hdg=0° Gn=0.00 Gl=0.00 Ga=0.00 Sink=0.000m Skid=0.000 Thr=0.00 Flp=0.00 Sbk=0.00 Wind=0kt@0° Xpdr=0 AP=False GS=0.00dot LOC=0.00dot
[  421.1s] [Idle] GS=173.3kt IAS=160.9kt VS=-280fpm AGL=0ft Bnk=0.0° Pit=0.0° Hdg=0° Gn=0.00 Gl=0.00 Ga=0.00 Sink=0.000m Skid=0.000 Thr=0.00 Flp=0.00 Sbk=0.00 Wind=0kt@0° Xpdr=0 AP=False GS=0.00dot LOC=0.00dot
[  422.1s] [Idle] GS=170.2kt IAS=158.4kt VS=311fpm AGL=0ft Bnk=0.0° Pit=0.0° Hdg=0° Gn=0.00 Gl=0.00 Ga=0.00 Sink=0.000m Skid=0.000 Thr=0.00 Flp=0.00 Sbk=0.00 Wind=0kt@0° Xpdr=0 AP=False GS=0.00dot LOC=0.00dot
[  423.2s] [Idle] GS=165.8kt IAS=135.3kt VS=-169fpm AGL=0ft Bnk=0.0° Pit=0.0° Hdg=0° Gn=0.00 Gl=0.00 Ga=0.00 Sink=0.000m Skid=0.000 Thr=0.00 Flp=0.00 Sbk=0.00 Wind=0kt@0° Xpdr=0 AP=False GS=0.00dot LOC=0.00dot
[  424.2s] [Idle] GS=161.3kt IAS=118.2kt VS=-615fpm AGL=0ft Bnk=0.0° Pit=0.0° Hdg=0° Gn=0.00 Gl=0.00 Ga=0.00 Sink=0.000m Skid=0.000 Thr=0.00 Flp=0.00 Sbk=0.00 Wind=0kt@0° Xpdr=0 AP=False GS=0.00dot LOC=0.00dot
[  425.2s] [Idle] GS=163.1kt IAS=134.8kt VS=-1915fpm AGL=0ft Bnk=0.0° Pit=0.0° Hdg=0° Gn=0.00 Gl=0.00 Ga=0.00 Sink=0.000m Skid=0.000 Thr=0.00 Flp=0.00 Sbk=0.00 Wind=0kt@0° Xpdr=0 AP=False GS=0.00dot LOC=0.00dot
[  426.2s] [Idle] GS=165.0kt IAS=141.1kt VS=-3022fpm AGL=0ft Bnk=0.0° Pit=0.0° Hdg=0° Gn=0.00 Gl=0.00 Ga=0.00 Sink=0.000m Skid=0.000 Thr=0.00 Flp=0.00 Sbk=0.00 Wind=0kt@0° Xpdr=0 AP=False GS=0.00dot LOC=0.00dot
[  427.2s] [Idle] GS=166.6kt IAS=148.0kt VS=-3801fpm AGL=0ft Bnk=0.0° Pit=0.0° Hdg=0° Gn=0.00 Gl=0.00 Ga=0.00 Sink=0.000m Skid=0.000 Thr=0.00 Flp=0.00 Sbk=0.00 Wind=0kt@0° Xpdr=0 AP=False GS=0.00dot LOC=0.00dot
[  428.2s] [Idle] GS=5.2kt IAS=147.5kt VS=-3705fpm AGL=0ft Bnk=0.0° Pit=0.0° Hdg=0° Gn=0.00 Gl=0.00 Ga=0.00 Sink=0.000m Skid=0.000 Thr=0.00 Flp=0.00 Sbk=0.00 Wind=0kt@0° Xpdr=0 AP=False GS=0.00dot LOC=0.00dot
[  429.2s] [Idle] GS=1.2kt IAS=147.5kt VS=-3705fpm AGL=0ft Bnk=0.0° Pit=0.0° Hdg=0° Gn=0.00 Gl=0.00 Ga=0.00 Sink=0.000m Skid=0.000 Thr=0.00 Flp=0.00 Sbk=0.00 Wind=0kt@0° Xpdr=0 AP=False GS=0.00dot LOC=0.00dot
[  430.2s] [Idle] GS=0.1kt IAS=147.5kt VS=-3705fpm AGL=0ft Bnk=0.0° Pit=0.0° Hdg=0° Gn=0.00 Gl=0.00 Ga=0.00 Sink=0.000m Skid=0.000 Thr=0.00 Flp=0.00 Sbk=0.00 Wind=0kt@0° Xpdr=0 AP=False GS=0.00dot LOC=0.00dot
[  431.2s] [Idle] GS=0.0kt IAS=147.5kt VS=-3705fpm AGL=0ft Bnk=0.0° Pit=0.0° Hdg=0° Gn=0.00 Gl=0.00 Ga=0.00 Sink=0.000m Skid=0.000 Thr=0.00 Flp=0.00 Sbk=0.00 Wind=0kt@0° Xpdr=0 AP=False GS=0.00dot LOC=0.00dot
[  432.3s] [Idle] GS=0.0kt IAS=147.5kt VS=-3705fpm AGL=0ft Bnk=0.0° Pit=0.0° Hdg=0° Gn=0.00 Gl=0.00 Ga=0.00 Sink=0.000m Skid=0.000 Thr=0.00 Flp=0.00 Sbk=0.00 Wind=0kt@0° Xpdr=0 AP=False GS=0.00dot LOC=0.00dot
[  433.3s] [Idle] GS=0.0kt IAS=147.5kt VS=-3705fpm AGL=0ft Bnk=0.0° Pit=0.0° Hdg=0° Gn=0.00 Gl=0.00 Ga=0.00 Sink=0.000m Skid=0.000 Thr=0.00 Flp=0.00 Sbk=0.00 Wind=0kt@0° Xpdr=0 AP=False GS=0.00dot LOC=0.00dot
[  434.3s] [Idle] GS=0.0kt IAS=147.5kt VS=-3705fpm AGL=0ft Bnk=0.0° Pit=0.0° Hdg=0° Gn=0.00 Gl=0.00 Ga=0.00 Sink=0.000m Skid=0.000 Thr=0.00 Flp=0.00 Sbk=0.00 Wind=0kt@0° Xpdr=0 AP=False GS=0.00dot LOC=0.00dot
[  435.3s] [Idle] GS=0.0kt IAS=147.5kt VS=-3705fpm AGL=0ft Bnk=0.0° Pit=0.0° Hdg=0° Gn=0.00 Gl=0.00 Ga=0.00 Sink=0.000m Skid=0.000 Thr=0.00 Flp=0.00 Sbk=0.00 Wind=0kt@0° Xpdr=0 AP=False GS=0.00dot LOC=0.00dot
[  436.3s] [Idle] GS=0.0kt IAS=147.5kt VS=-3705fpm AGL=0ft Bnk=0.0° Pit=0.0° Hdg=0° Gn=0.00 Gl=0.00 Ga=0.00 Sink=0.000m Skid=0.000 Thr=0.00 Flp=0.00 Sbk=0.00 Wind=0kt@0° Xpdr=0 AP=False GS=0.00dot LOC=0.00dot
[  437.3s] [Idle] GS=0.0kt IAS=147.5kt VS=-3705fpm AGL=0ft Bnk=0.0° Pit=0.0° Hdg=0° Gn=0.00 Gl=0.00 Ga=0.00 Sink=0.000m Skid=0.000 Thr=0.00 Flp=0.00 Sbk=0.00 Wind=0kt@0° Xpdr=0 AP=False GS=0.00dot LOC=0.00dot
[  438.4s] [Idle] GS=0.0kt IAS=147.5kt VS=-3705fpm AGL=0ft Bnk=0.0° Pit=0.0° Hdg=0° Gn=0.00 Gl=0.00 Ga=0.00 Sink=0.000m Skid=0.000 Thr=0.00 Flp=0.00 Sbk=0.00 Wind=0kt@0° Xpdr=0 AP=False GS=0.00dot LOC=0.00dot
[  439.4s] [Idle] GS=0.0kt IAS=147.5kt VS=-3705fpm AGL=0ft Bnk=0.0° Pit=0.0° Hdg=0° Gn=0.00 Gl=0.00 Ga=0.00 Sink=0.000m Skid=0.000 Thr=0.00 Flp=0.00 Sbk=0.00 Wind=0kt@0° Xpdr=0 AP=False GS=0.00dot LOC=0.00dot
[  440.4s] [Idle] GS=0.0kt IAS=147.5kt VS=-3705fpm AGL=0ft Bnk=0.0° Pit=0.0° Hdg=0° Gn=0.00 Gl=0.00 Ga=0.00 Sink=0.000m Skid=0.000 Thr=0.00 Flp=0.00 Sbk=0.00 Wind=0kt@0° Xpdr=0 AP=False GS=0.00dot LOC=0.00dot
[  441.4s] [Idle] GS=0.0kt IAS=147.5kt VS=-3705fpm AGL=0ft Bnk=0.0° Pit=0.0° Hdg=0° Gn=0.00 Gl=0.00 Ga=0.00 Sink=0.000m Skid=0.000 Thr=0.00 Flp=0.00 Sbk=0.00 Wind=0kt@0° Xpdr=0 AP=False GS=0.00dot LOC=0.00dot
[  442.4s] [Idle] GS=0.0kt IAS=147.5kt VS=-3705fpm AGL=0ft Bnk=0.0° Pit=0.0° Hdg=0° Gn=0.00 Gl=0.00 Ga=0.00 Sink=0.000m Skid=0.000 Thr=0.00 Flp=0.00 Sbk=0.00 Wind=0kt@0° Xpdr=0 AP=False GS=0.00dot LOC=0.00dot
[  443.4s] [Idle] GS=0.0kt IAS=147.5kt VS=-3705fpm AGL=0ft Bnk=0.0° Pit=0.0° Hdg=0° Gn=0.00 Gl=0.00 Ga=0.00 Sink=0.000m Skid=0.000 Thr=0.00 Flp=0.00 Sbk=0.00 Wind=0kt@0° Xpdr=0 AP=False GS=0.00dot LOC=0.00dot
[  444.5s] [Idle] GS=0.0kt IAS=147.5kt VS=-3705fpm AGL=0ft Bnk=0.0° Pit=0.0° Hdg=0° Gn=0.00 Gl=0.00 Ga=0.00 Sink=0.000m Skid=0.000 Thr=0.00 Flp=0.00 Sbk=0.00 Wind=0kt@0° Xpdr=0 AP=False GS=0.00dot LOC=0.00dot
[  444.5s] Session ended — Score: 0  Grade: F
