[    0.0s] CheckRide session started — 2026-06-30 20:29:19
[    0.0s] App version: 0.1.0.0  Scoring: xp12-1.2
[    0.0s] [XP12] Connector started — waiting for XP12…
[   26.1s] [XP12] XP12 detected — resolving dataref IDs…
[   26.1s] [XP12] [XP12] Dataref not found: 'sim/flightmodel/position/latitude' (suppressing future retries)
[   26.1s] [XP12] [XP12] Dataref not found: 'sim/flightmodel/position/longitude' (suppressing future retries)
[   26.1s] [XP12] [XP12] Dataref not found: 'sim/flightmodel/position/groundspeed' (suppressing future retries)
[   26.1s] [XP12] [XP12] Dataref not found: 'sim/flightmodel/position/indicated_airspeed' (suppressing future retries)
[   26.1s] [XP12] [XP12] Dataref not found: 'sim/flightmodel/position/vh_ind_fpm' (suppressing future retries)
[   26.2s] [XP12] [XP12] Dataref not found: 'sim/flightmodel/position/elevation' (suppressing future retries)
[   26.2s] [XP12] [XP12] Dataref not found: 'sim/flightmodel/position/y_agl' (suppressing future retries)
[   26.2s] [XP12] [XP12] Dataref not found: 'sim/flightmodel/position/alpha' (suppressing future retries)
[   26.2s] [XP12] [XP12] Dataref not found: 'sim/flightmodel/forces/g_nrml' (suppressing future retries)
[   26.2s] [XP12] [XP12] Dataref not found: 'sim/flightmodel2/gear/on_ground' (suppressing future retries)
[   26.2s] [XP12] [XP12] Dataref not found: 'sim/flightmodel2/gear/deploy_ratio' (suppressing future retries)
[   26.2s] [XP12] [XP12] Dataref not found: 'sim/flightmodel/controls/parkbrake' (suppressing future retries)
[   26.2s] [XP12] [XP12] Dataref not found: 'sim/cockpit2/annunciators/stall_warning' (suppressing future retries)
[   26.2s] [XP12] [XP12] Dataref not found: 'sim/flightmodel2/misc/has_crashed' (suppressing future retries)
[   26.3s] [XP12] [XP12] Dataref not found: 'sim/flightmodel/failures/over_vne' (suppressing future retries)
[   26.3s] [XP12] [XP12] Dataref not found: 'sim/flightmodel/controls/flaprat' (suppressing future retries)
[   26.3s] [XP12] [XP12] Dataref not found: 'sim/cockpit/switches/pitot_heat_on' (suppressing future retries)
[   26.3s] [XP12] [XP12] Dataref not found: 'sim/cockpit2/switches/landing_lights_on' (suppressing future retries)
[   26.3s] [XP12] [XP12] Dataref not found: 'sim/cockpit/electrical/beacon_lights_on' (suppressing future retries)
[   26.3s] [XP12] [XP12] Dataref not found: 'sim/aircraft/view/acf_ui_name' (suppressing future retries)
[   26.3s] [XP12] [XP12] Dataref not found: 'sim/flightmodel2/gear/tire_vertical_deflection_mtr' (suppressing future retries)
[   26.3s] [XP12] [XP12] Dataref not found: 'sim/flightmodel/position/phi' (suppressing future retries)
[   26.3s] [XP12] [XP12] Dataref not found: 'sim/flightmodel/position/theta' (suppressing future retries)
[   26.4s] [XP12] [XP12] Dataref not found: 'sim/flightmodel/position/mag_psi' (suppressing future retries)
[   26.4s] [XP12] [XP12] Dataref not found: 'sim/flightmodel/position/hpath' (suppressing future retries)
[   26.4s] [XP12] [XP12] Dataref not found: 'sim/flightmodel/forces/g_side' (suppressing future retries)
[   26.4s] [XP12] [XP12] Dataref not found: 'sim/flightmodel/forces/g_axil' (suppressing future retries)
[   26.4s] [XP12] [XP12] Dataref not found: 'sim/flightmodel/position/P' (suppressing future retries)
[   26.4s] [XP12] [XP12] Dataref not found: 'sim/flightmodel/position/Q' (suppressing future retries)
[   26.4s] [XP12] [XP12] Dataref not found: 'sim/flightmodel/position/R' (suppressing future retries)
[   26.4s] [XP12] [XP12] Dataref not found: 'sim/cockpit/radios/transponder_mode' (suppressing future retries)
[   26.4s] [XP12] [XP12] Dataref not found: 'sim/cockpit2/autopilot/servos_on' (suppressing future retries)
[   26.5s] [XP12] [XP12] Dataref not found: 'sim/cockpit2/switches/strobe_lights_on' (suppressing future retries)
[   26.5s] [XP12] [XP12] Dataref not found: 'sim/cockpit/switches/anti_ice_on' (suppressing future retries)
[   26.5s] [XP12] [XP12] Dataref not found: 'sim/flightmodel/engine/ENGN_running' (suppressing future retries)
[   26.5s] [XP12] [XP12] Dataref not found: 'sim/cockpit2/engine/indicators/N1_percent' (suppressing future retries)
[   26.5s] [XP12] [XP12] Dataref not found: 'sim/cockpit2/engine/indicators/N2_percent' (suppressing future retries)
[   26.5s] [XP12] [XP12] Dataref not found: 'sim/cockpit2/engine/indicators/ITT_deg_C' (suppressing future retries)
[   26.5s] [XP12] [XP12] Dataref not found: 'sim/cockpit2/annunciators/engine_fires' (suppressing future retries)
[   26.5s] [XP12] [XP12] Dataref not found: 'sim/cockpit2/annunciators/oil_pressure' (suppressing future retries)
[   26.6s] [XP12] [XP12] Dataref not found: 'sim/cockpit2/annunciators/fuel_pressure' (suppressing future retries)
[   26.6s] [XP12] [XP12] Dataref not found: 'sim/cockpit2/annunciators/hydraulic_pressure' (suppressing future retries)
[   26.6s] [XP12] [XP12] Dataref not found: 'sim/cockpit2/annunciators/low_voltage' (suppressing future retries)
[   26.6s] [XP12] [XP12] Dataref not found: 'sim/cockpit2/annunciators/master_caution' (suppressing future retries)
[   26.6s] [XP12] [XP12] Dataref not found: 'sim/cockpit2/annunciators/master_warning' (suppressing future retries)
[   26.6s] [XP12] [XP12] Dataref not found: 'sim/flightmodel/failures/frm_ice' (suppressing future retries)
[   26.6s] [XP12] [XP12] Dataref not found: 'sim/flightmodel/failures/over_g' (suppressing future retries)
[   26.6s] [XP12] [XP12] Dataref not found: 'sim/weather/aircraft/temperature_ambient_deg_c' (suppressing future retries)
[   26.7s] [XP12] [XP12] Dataref not found: 'sim/cockpit/radios/nav1_vdef_dot' (suppressing future retries)
[   26.7s] [XP12] [XP12] Dataref not found: 'sim/cockpit/radios/nav1_hdef_dot' (suppressing future retries)
[   26.7s] [XP12] [XP12] Dataref not found: 'sim/weather/aircraft/wind_speed_kts' (suppressing future retries)
[   26.7s] [XP12] [XP12] Dataref not found: 'sim/weather/aircraft/wind_direction_degt' (suppressing future retries)
[   26.7s] [XP12] [XP12] Dataref not found: 'sim/cockpit2/engine/actuators/throttle_ratio' (suppressing future retries)
[   26.7s] [XP12] [XP12] Dataref not found: 'sim/flightmodel2/controls/speedbrake_ratio' (suppressing future retries)
[   26.7s] [XP12] [XP12] Dataref not found: 'sim/aircraft/view/acf_Vso' (suppressing future retries)
[   26.7s] [XP12] [XP12] Dataref not found: 'sim/aircraft/view/acf_Vno' (suppressing future retries)
[   26.8s] [XP12] [XP12] Dataref not found: 'sim/aircraft/view/acf_Vne' (suppressing future retries)
[   26.8s] [XP12] [XP12] Dataref not found: 'sim/aircraft/view/acf_Vfe' (suppressing future retries)
[   26.8s] [XP12] [XP12] Dataref not found: 'sim/aircraft/view/acf_Vs' (suppressing future retries)
[   26.8s] [XP12] [XP12] Dataref not found: 'sim/time/paused' (suppressing future retries)
[   26.8s] [XP12] [XP12] Dataref not found: 'sim/time/local_time_sec' (suppressing future retries)
[   26.8s] [XP12] [XP12] Dataref not found: 'sim/graphics/scenery/sun_pitch_degrees' (suppressing future retries)
[   26.8s] [XP12] [XP12] Dataref not found: 'sim/weather/visibility_reported_m' (suppressing future retries)
[   26.8s] [XP12] [XP12] Dataref not found: 'sim/weather/region/cloud_base_msl_m' (suppressing future retries)
[   26.8s] [XP12] [XP12] Dataref not found: 'sim/weather/region/cloud_coverage_percent' (suppressing future retries)
[   26.8s] [XP12] ID resolution: 0/65 resolved
[   26.8s] [XP12] Flight not loaded yet — retrying in 3s…
[   29.8s] [XP12] ID resolution: 0/65 resolved
[   29.8s] [XP12] Flight not loaded yet — retrying in 3s…
[   32.9s] [XP12] ID resolution: 0/65 resolved
[   32.9s] [XP12] Flight not loaded yet — retrying in 3s…
[   35.9s] [XP12] ID resolution: 0/65 resolved
[   35.9s] [XP12] Flight not loaded yet — retrying in 3s…
[   38.9s] [XP12] ID resolution: 0/65 resolved
[   38.9s] [XP12] Flight not loaded yet — retrying in 3s…
[   41.9s] [XP12] ID resolution: 0/65 resolved
[   41.9s] [XP12] Flight not loaded yet — retrying in 3s…
[   44.9s] [XP12] ID resolution: 0/65 resolved
[   44.9s] [XP12] Flight not loaded yet — retrying in 3s…
[   47.9s] [XP12] ID resolution: 0/65 resolved
[   47.9s] [XP12] Flight not loaded yet — retrying in 3s…
[   50.9s] [XP12] ID resolution: 0/65 resolved
[   50.9s] [XP12] Flight not loaded yet — retrying in 3s…
[   53.9s] [XP12] ID resolution: 0/65 resolved
[   53.9s] [XP12] Flight not loaded yet — retrying in 3s…
[   56.9s] [XP12] ID resolution: 0/65 resolved
[   56.9s] [XP12] Flight not loaded yet — retrying in 3s…
[   59.9s] [XP12] ID resolution: 0/65 resolved
[   59.9s] [XP12] Flight not loaded yet — retrying in 3s…
[   62.9s] [XP12] ID resolution: 0/65 resolved
[   62.9s] [XP12] Flight not loaded yet — retrying in 3s…
[   65.9s] [XP12] ID resolution: 0/65 resolved
[   65.9s] [XP12] Flight not loaded yet — retrying in 3s…
[   69.0s] [XP12] ID resolution: 0/65 resolved
[   69.0s] [XP12] Flight not loaded yet — retrying in 3s…
[   72.0s] [XP12] ID resolution: 0/65 resolved
[   72.0s] [XP12] Flight not loaded yet — retrying in 3s…
[   75.0s] [XP12] ID resolution: 0/65 resolved
[   75.0s] [XP12] Flight not loaded yet — retrying in 3s…
[   78.0s] [XP12] ID resolution: 0/65 resolved
[   78.0s] [XP12] Flight not loaded yet — retrying in 3s…
[   81.0s] [XP12] ID resolution: 0/65 resolved
[   81.0s] [XP12] Flight not loaded yet — retrying in 3s…
[   84.0s] [XP12] ID resolution: 0/65 resolved
[   84.0s] [XP12] Flight not loaded yet — retrying in 3s…
[   87.0s] [XP12] ID resolution: 0/65 resolved
[   87.0s] [XP12] Flight not loaded yet — retrying in 3s…
[   90.1s] [XP12] ID resolution: 0/65 resolved
[   90.1s] [XP12] Flight not loaded yet — retrying in 3s…
[   93.1s] [XP12] ID resolution: 0/65 resolved
[   93.1s] [XP12] Flight not loaded yet — retrying in 3s…
[   96.1s] [XP12] ID resolution: 0/65 resolved
[   96.1s] [XP12] Flight not loaded yet — retrying in 3s…
[   99.1s] [XP12] ID resolution: 0/65 resolved
[   99.1s] [XP12] Flight not loaded yet — retrying in 3s…
[  102.1s] [XP12] ID resolution: 0/65 resolved
[  102.1s] [XP12] Flight not loaded yet — retrying in 3s…
[  105.1s] [XP12] ID resolution: 0/65 resolved
[  105.1s] [XP12] Flight not loaded yet — retrying in 3s…
[  108.1s] [XP12] ID resolution: 0/65 resolved
[  108.1s] [XP12] Flight not loaded yet — retrying in 3s…
[  111.1s] [XP12] ID resolution: 0/65 resolved
[  111.1s] [XP12] Flight not loaded yet — retrying in 3s…
[  114.1s] [XP12] ID resolution: 0/65 resolved
[  114.1s] [XP12] Flight not loaded yet — retrying in 3s…
[  117.1s] [XP12] ID resolution: 0/65 resolved
[  117.1s] [XP12] Flight not loaded yet — retrying in 3s…
[  120.1s] [XP12] ID resolution: 0/65 resolved
[  120.1s] [XP12] Flight not loaded yet — retrying in 3s…
[  123.1s] [XP12] ID resolution: 0/65 resolved
[  123.1s] [XP12] Flight not loaded yet — retrying in 3s…
[  126.2s] [XP12] ID resolution: 0/65 resolved
[  126.2s] [XP12] Flight not loaded yet — retrying in 3s…
[  129.2s] [XP12] ID resolution: 0/65 resolved
[  129.2s] [XP12] Flight not loaded yet — retrying in 3s…
[  132.2s] [XP12] ID resolution: 0/65 resolved
[  132.2s] [XP12] Flight not loaded yet — retrying in 3s…
[  135.2s] [XP12] ID resolution: 0/65 resolved
[  135.2s] [XP12] Flight not loaded yet — retrying in 3s…
[  138.2s] [XP12] ID resolution: 0/65 resolved
[  138.2s] [XP12] Flight not loaded yet — retrying in 3s…
[  141.2s] [XP12] ID resolution: 0/65 resolved
[  141.2s] [XP12] Flight not loaded yet — retrying in 3s…
[  144.2s] [XP12] ID resolution: 0/65 resolved
[  144.2s] [XP12] Flight not loaded yet — retrying in 3s…
[  147.2s] [XP12] ID resolution: 0/65 resolved
[  147.2s] [XP12] Flight not loaded yet — retrying in 3s…
[  150.2s] [XP12] ID resolution: 0/65 resolved
[  150.2s] [XP12] Flight not loaded yet — retrying in 3s…
[  153.8s] [XP12] ID resolution: 0/65 resolved
[  153.8s] [XP12] Flight not loaded yet — retrying in 3s…
[  156.8s] [XP12] ID resolution: 0/65 resolved
[  156.8s] [XP12] Flight not loaded yet — retrying in 3s…
[  159.8s] [XP12] ID resolution: 0/65 resolved
[  159.8s] [XP12] Flight not loaded yet — retrying in 3s…
[  162.8s] [XP12] ID resolution: 0/65 resolved
[  162.8s] [XP12] Flight not loaded yet — retrying in 3s…
[  165.8s] [XP12] ID resolution: 0/65 resolved
[  165.8s] [XP12] Flight not loaded yet — retrying in 3s…
[  168.8s] [XP12] ID resolution: 0/65 resolved
[  168.8s] [XP12] Flight not loaded yet — retrying in 3s…
[  171.8s] [XP12] ID resolution: 0/65 resolved
[  171.8s] [XP12] Flight not loaded yet — retrying in 3s…
[  174.8s] [XP12] ID resolution: 0/65 resolved
[  174.8s] [XP12] Flight not loaded yet — retrying in 3s…
[  177.8s] [XP12] ID resolution: 0/65 resolved
[  177.8s] [XP12] Flight not loaded yet — retrying in 3s…
[  180.8s] [XP12] ID resolution: 0/65 resolved
[  180.8s] [XP12] Flight not loaded yet — retrying in 3s…
[  183.8s] [XP12] ID resolution: 0/65 resolved
[  183.8s] [XP12] Flight not loaded yet — retrying in 3s…
[  186.8s] [XP12] ID resolution: 0/65 resolved
[  186.8s] [XP12] Flight not loaded yet — retrying in 3s…
[  189.9s] [XP12] ID resolution: 0/65 resolved
[  189.9s] [XP12] Flight not loaded yet — retrying in 3s…
[  192.9s] [XP12] ID resolution: 0/65 resolved
[  192.9s] [XP12] Flight not loaded yet — retrying in 3s…
[  195.9s] [XP12] ID resolution: 0/65 resolved
[  195.9s] [XP12] Flight not loaded yet — retrying in 3s…
[  198.9s] [XP12] ID resolution: 0/65 resolved
[  198.9s] [XP12] Flight not loaded yet — retrying in 3s…
[  201.9s] [XP12] ID resolution: 0/65 resolved
[  201.9s] [XP12] Flight not loaded yet — retrying in 3s…
[  204.9s] [XP12] ID resolution: 0/65 resolved
[  204.9s] [XP12] Flight not loaded yet — retrying in 3s…
[  207.9s] [XP12] ID resolution: 0/65 resolved
[  207.9s] [XP12] Flight not loaded yet — retrying in 3s…
[  210.9s] [XP12] ID resolution: 0/65 resolved
[  210.9s] [XP12] Flight not loaded yet — retrying in 3s…
[  213.9s] [XP12] ID resolution: 0/65 resolved
[  213.9s] [XP12] Flight not loaded yet — retrying in 3s…
[  216.9s] [XP12] ID resolution: 0/65 resolved
[  216.9s] [XP12] Flight not loaded yet — retrying in 3s…
[  219.9s] [XP12] ID resolution: 0/65 resolved
[  219.9s] [XP12] Flight not loaded yet — retrying in 3s…
[  222.9s] [XP12] ID resolution: 0/65 resolved
[  222.9s] [XP12] Flight not loaded yet — retrying in 3s…
[  225.9s] [XP12] ID resolution: 0/65 resolved
[  225.9s] [XP12] Flight not loaded yet — retrying in 3s…
[  228.9s] [XP12] ID resolution: 0/65 resolved
[  228.9s] [XP12] Flight not loaded yet — retrying in 3s…
[  232.0s] [XP12] ID resolution: 0/65 resolved
[  232.0s] [XP12] Flight not loaded yet — retrying in 3s…
[  235.0s] [XP12] ID resolution: 0/65 resolved
[  235.0s] [XP12] Flight not loaded yet — retrying in 3s…
[  238.0s] [XP12] ID resolution: 0/65 resolved
[  238.0s] [XP12] Flight not loaded yet — retrying in 3s…
[  241.0s] [XP12] ID resolution: 0/65 resolved
[  241.0s] [XP12] Flight not loaded yet — retrying in 3s…
[  244.0s] [XP12] ID resolution: 0/65 resolved
[  244.0s] [XP12] Flight not loaded yet — retrying in 3s…
[  247.0s] [XP12] ID resolution: 0/65 resolved
[  247.0s] [XP12] Flight not loaded yet — retrying in 3s…
[  250.0s] [XP12] ID resolution: 0/65 resolved
[  250.0s] [XP12] Flight not loaded yet — retrying in 3s…
[  253.0s] [XP12] ID resolution: 0/65 resolved
[  253.0s] [XP12] Flight not loaded yet — retrying in 3s…
[  256.0s] [XP12] ID resolution: 0/65 resolved
[  256.0s] [XP12] Flight not loaded yet — retrying in 3s…
[  259.0s] [XP12] ID resolution: 0/65 resolved
[  259.0s] [XP12] Flight not loaded yet — retrying in 3s…
[  262.1s] [XP12] ID resolution: 0/65 resolved
[  262.1s] [XP12] Flight not loaded yet — retrying in 3s…
[  265.1s] [XP12] ID resolution: 0/65 resolved
[  265.1s] [XP12] Flight not loaded yet — retrying in 3s…
[  268.1s] [XP12] ID resolution: 0/65 resolved
[  268.1s] [XP12] Flight not loaded yet — retrying in 3s…
[  271.1s] [XP12] ID resolution: 0/65 resolved
[  271.1s] [XP12] Flight not loaded yet — retrying in 3s…
[  274.1s] [XP12] ID resolution: 0/65 resolved
[  274.1s] [XP12] Flight not loaded yet — retrying in 3s…
[  277.1s] [XP12] ID resolution: 0/65 resolved
[  277.1s] [XP12] Flight not loaded yet — retrying in 3s…
[  280.1s] [XP12] ID resolution: 0/65 resolved
[  280.1s] [XP12] Flight not loaded yet — retrying in 3s…
[  283.1s] [XP12] ID resolution: 0/65 resolved
[  283.1s] [XP12] Flight not loaded yet — retrying in 3s…
[  286.1s] [XP12] ID resolution: 0/65 resolved
[  286.1s] [XP12] Flight not loaded yet — retrying in 3s…
[  289.1s] [XP12] ID resolution: 0/65 resolved
[  289.1s] [XP12] Flight not loaded yet — retrying in 3s…
[  292.1s] [XP12] ID resolution: 0/65 resolved
[  292.1s] [XP12] Flight not loaded yet — retrying in 3s…
[  295.1s] [XP12] ID resolution: 0/65 resolved
[  295.1s] [XP12] Flight not loaded yet — retrying in 3s…
[  298.1s] [XP12] ID resolution: 0/65 resolved
[  298.1s] [XP12] Flight not loaded yet — retrying in 3s…
[  301.1s] [XP12] ID resolution: 0/65 resolved
[  301.1s] [XP12] Flight not loaded yet — retrying in 3s…
[  304.2s] [XP12] ID resolution: 0/65 resolved
[  304.2s] [XP12] Flight not loaded yet — retrying in 3s…
[  307.2s] [XP12] ID resolution: 0/65 resolved
[  307.2s] [XP12] Flight not loaded yet — retrying in 3s…
[  310.2s] [XP12] ID resolution: 0/65 resolved
[  310.2s] [XP12] Flight not loaded yet — retrying in 3s…
[  313.2s] [XP12] ID resolution: 0/65 resolved
[  313.2s] [XP12] Flight not loaded yet — retrying in 3s…
[  316.2s] [XP12] ID resolution: 0/65 resolved
[  316.2s] [XP12] Flight not loaded yet — retrying in 3s…
[  319.2s] [XP12] ID resolution: 0/65 resolved
[  319.2s] [XP12] Flight not loaded yet — retrying in 3s…
[  322.2s] [XP12] ID resolution: 0/65 resolved
[  322.2s] [XP12] Flight not loaded yet — retrying in 3s…
[  325.2s] [XP12] ID resolution: 0/65 resolved
[  325.2s] [XP12] Flight not loaded yet — retrying in 3s…
[  328.2s] [XP12] ID resolution: 0/65 resolved
[  328.2s] [XP12] Flight not loaded yet — retrying in 3s…
[  331.2s] [XP12] ID resolution: 0/65 resolved
[  331.2s] [XP12] Flight not loaded yet — retrying in 3s…
[  334.2s] [XP12] ID resolution: 0/65 resolved
[  334.2s] [XP12] Flight not loaded yet — retrying in 3s…
[  337.3s] [XP12] ID resolution: 0/65 resolved
[  337.3s] [XP12] Flight not loaded yet — retrying in 3s…
[  340.3s] [XP12] ID resolution: 0/65 resolved
[  340.3s] [XP12] Flight not loaded yet — retrying in 3s…
[  343.3s] [XP12] ID resolution: 0/65 resolved
[  343.3s] [XP12] Flight not loaded yet — retrying in 3s…
[  346.3s] [XP12] ID resolution: 0/65 resolved
[  346.3s] [XP12] Flight not loaded yet — retrying in 3s…
[  349.3s] [XP12] ID resolution: 0/65 resolved
[  349.3s] [XP12] Flight not loaded yet — retrying in 3s…
[  352.3s] [XP12] ID resolution: 0/65 resolved
[  352.3s] [XP12] Flight not loaded yet — retrying in 3s…
[  355.3s] [XP12] ID resolution: 0/65 resolved
[  355.3s] [XP12] Flight not loaded yet — retrying in 3s…
[  358.3s] [XP12] ID resolution: 0/65 resolved
[  358.3s] [XP12] Flight not loaded yet — retrying in 3s…
[  361.3s] [XP12] ID resolution: 0/65 resolved
[  361.3s] [XP12] Flight not loaded yet — retrying in 3s…
[  364.3s] [XP12] ID resolution: 0/65 resolved
[  364.3s] [XP12] Flight not loaded yet — retrying in 3s…
[  367.3s] [XP12] ID resolution: 0/65 resolved
[  367.3s] [XP12] Flight not loaded yet — retrying in 3s…
[  370.3s] [XP12] ID resolution: 0/65 resolved
[  370.3s] [XP12] Flight not loaded yet — retrying in 3s…
[  373.4s] [XP12] ID resolution: 0/65 resolved
[  373.4s] [XP12] Flight not loaded yet — retrying in 3s…
[  376.4s] [XP12] ID resolution: 0/65 resolved
[  376.4s] [XP12] Flight not loaded yet — retrying in 3s…
[  379.4s] [XP12] ID resolution: 0/65 resolved
[  379.4s] [XP12] Flight not loaded yet — retrying in 3s…
[  382.4s] [XP12] ID resolution: 0/65 resolved
[  382.4s] [XP12] Flight not loaded yet — retrying in 3s…
[  385.4s] [XP12] ID resolution: 0/65 resolved
[  385.4s] [XP12] Flight not loaded yet — retrying in 3s…
[  388.4s] [XP12] ID resolution: 0/65 resolved
[  388.4s] [XP12] Flight not loaded yet — retrying in 3s…
[  391.4s] [XP12] ID resolution: 0/65 resolved
[  391.4s] [XP12] Flight not loaded yet — retrying in 3s…
[  394.4s] [XP12] ID resolution: 0/65 resolved
[  394.4s] [XP12] Flight not loaded yet — retrying in 3s…
[  397.4s] [XP12] ID resolution: 0/65 resolved
[  397.4s] [XP12] Flight not loaded yet — retrying in 3s…
[  400.4s] [XP12] ID resolution: 0/65 resolved
[  400.4s] [XP12] Flight not loaded yet — retrying in 3s…
[  403.4s] [XP12] ID resolution: 0/65 resolved
[  403.4s] [XP12] Flight not loaded yet — retrying in 3s…
[  406.4s] [XP12] ID resolution: 0/65 resolved
[  406.4s] [XP12] Flight not loaded yet — retrying in 3s…
[  409.5s] [XP12] ID resolution: 0/65 resolved
[  409.5s] [XP12] Flight not loaded yet — retrying in 3s…
[  412.5s] [XP12] ID resolution: 0/65 resolved
[  412.5s] [XP12] Flight not loaded yet — retrying in 3s…
[  415.5s] [XP12] ID resolution: 0/65 resolved
[  415.5s] [XP12] Flight not loaded yet — retrying in 3s…
[  418.5s] [XP12] ID resolution: 0/65 resolved
[  418.5s] [XP12] Flight not loaded yet — retrying in 3s…
[  421.5s] [XP12] ID resolution: 0/65 resolved
[  421.5s] [XP12] Flight not loaded yet — retrying in 3s…
[  424.5s] [XP12] ID resolution: 0/65 resolved
[  424.5s] [XP12] Flight not loaded yet — retrying in 3s…
[  427.5s] [XP12] ID resolution: 0/65 resolved
[  427.5s] [XP12] Flight not loaded yet — retrying in 3s…
[  430.5s] [XP12] ID resolution: 0/65 resolved
[  430.5s] [XP12] Flight not loaded yet — retrying in 3s…
[  433.5s] [XP12] ID resolution: 0/65 resolved
[  433.5s] [XP12] Flight not loaded yet — retrying in 3s…
[  436.5s] [XP12] ID resolution: 0/65 resolved
[  436.5s] [XP12] Flight not loaded yet — retrying in 3s…
[  439.5s] [XP12] ID resolution: 0/65 resolved
[  439.5s] [XP12] Flight not loaded yet — retrying in 3s…
[  442.6s] [XP12] ID resolution: 0/65 resolved
[  442.6s] [XP12] Flight not loaded yet — retrying in 3s…
[  445.6s] [XP12] ID resolution: 0/65 resolved
[  445.6s] [XP12] Flight not loaded yet — retrying in 3s…
[  448.6s] [XP12] ID resolution: 0/65 resolved
[  448.6s] [XP12] Flight not loaded yet — retrying in 3s…
[  451.6s] [XP12] ID resolution: 0/65 resolved
[  451.6s] [XP12] Flight not loaded yet — retrying in 3s…
[  454.6s] [XP12] ID resolution: 0/65 resolved
[  454.6s] [XP12] Flight not loaded yet — retrying in 3s…
[  457.6s] [XP12] ID resolution: 0/65 resolved
[  457.6s] [XP12] Flight not loaded yet — retrying in 3s…
[  460.6s] [XP12] ID resolution: 0/65 resolved
[  460.6s] [XP12] Flight not loaded yet — retrying in 3s…
[  463.6s] [XP12] ID resolution: 0/65 resolved
[  463.6s] [XP12] Flight not loaded yet — retrying in 3s…
[  466.6s] [XP12] ID resolution: 0/65 resolved
[  466.6s] [XP12] Flight not loaded yet — retrying in 3s…
[  469.6s] [XP12] ID resolution: 0/65 resolved
[  469.6s] [XP12] Flight not loaded yet — retrying in 3s…
[  472.6s] [XP12] ID resolution: 0/65 resolved
[  472.6s] [XP12] Flight not loaded yet — retrying in 3s…
[  475.6s] [XP12] ID resolution: 0/65 resolved
[  475.6s] [XP12] Flight not loaded yet — retrying in 3s…
[  478.6s] [XP12] ID resolution: 0/65 resolved
[  478.6s] [XP12] Flight not loaded yet — retrying in 3s…
[  481.6s] [XP12] ID resolution: 0/65 resolved
[  481.6s] [XP12] Flight not loaded yet — retrying in 3s…
[  484.7s] [XP12] ID resolution: 0/65 resolved
[  484.7s] [XP12] Flight not loaded yet — retrying in 3s…
[  487.7s] [XP12] ID resolution: 0/65 resolved
[  487.7s] [XP12] Flight not loaded yet — retrying in 3s…
[  490.7s] [XP12] ID resolution: 0/65 resolved
[  490.7s] [XP12] Flight not loaded yet — retrying in 3s…
[  493.7s] [XP12] ID resolution: 0/65 resolved
[  493.7s] [XP12] Flight not loaded yet — retrying in 3s…
[  496.7s] [XP12] ID resolution: 0/65 resolved
[  496.7s] [XP12] Flight not loaded yet — retrying in 3s…
[  499.7s] [XP12] ID resolution: 0/65 resolved
[  499.7s] [XP12] Flight not loaded yet — retrying in 3s…
[  502.7s] [XP12] ID resolution: 0/65 resolved
[  502.7s] [XP12] Flight not loaded yet — retrying in 3s…
[  505.7s] [XP12] ID resolution: 0/65 resolved
[  505.7s] [XP12] Flight not loaded yet — retrying in 3s…
[  508.7s] [XP12] ID resolution: 0/65 resolved
[  508.7s] [XP12] Flight not loaded yet — retrying in 3s…
[  511.7s] [XP12] ID resolution: 0/65 resolved
[  511.7s] [XP12] Flight not loaded yet — retrying in 3s…
[  514.8s] [XP12] ID resolution: 0/65 resolved
[  514.8s] [XP12] Flight not loaded yet — retrying in 3s…
[  517.8s] [XP12] ID resolution: 0/65 resolved
[  517.8s] [XP12] Flight not loaded yet — retrying in 3s…
[  520.8s] [XP12] ID resolution: 0/65 resolved
[  520.8s] [XP12] Flight not loaded yet — retrying in 3s…
[  523.8s] [XP12] ID resolution: 0/65 resolved
[  523.8s] [XP12] Flight not loaded yet — retrying in 3s…
[  526.8s] [XP12] ID resolution: 0/65 resolved
[  526.8s] [XP12] Flight not loaded yet — retrying in 3s…
[  529.8s] [XP12] ID resolution: 0/65 resolved
[  529.8s] [XP12] Flight not loaded yet — retrying in 3s…
[  532.8s] [XP12] ID resolution: 0/65 resolved
[  532.8s] [XP12] Flight not loaded yet — retrying in 3s…
[  535.8s] [XP12] ID resolution: 0/65 resolved
[  535.8s] [XP12] Flight not loaded yet — retrying in 3s…
[  538.8s] [XP12] ID resolution: 0/65 resolved
[  538.8s] [XP12] Flight not loaded yet — retrying in 3s…
[  541.9s] [XP12] ID resolution: 0/65 resolved
[  541.9s] [XP12] Flight not loaded yet — retrying in 3s…
[  544.9s] [XP12] ID resolution: 0/65 resolved
[  544.9s] [XP12] Flight not loaded yet — retrying in 3s…
[  547.9s] [XP12] ID resolution: 0/65 resolved
[  547.9s] [XP12] Flight not loaded yet — retrying in 3s…
[  550.9s] [XP12] ID resolution: 0/65 resolved
[  550.9s] [XP12] Flight not loaded yet — retrying in 3s…
[  553.9s] [XP12] ID resolution: 0/65 resolved
[  553.9s] [XP12] Flight not loaded yet — retrying in 3s…
[  556.9s] [XP12] ID resolution: 0/65 resolved
[  556.9s] [XP12] Flight not loaded yet — retrying in 3s…
[  559.9s] [XP12] ID resolution: 0/65 resolved
[  559.9s] [XP12] Flight not loaded yet — retrying in 3s…
[  562.9s] [XP12] ID resolution: 0/65 resolved
[  562.9s] [XP12] Flight not loaded yet — retrying in 3s…
[  565.9s] [XP12] ID resolution: 0/65 resolved
[  565.9s] [XP12] Flight not loaded yet — retrying in 3s…
[  568.9s] [XP12] ID resolution: 0/65 resolved
[  568.9s] [XP12] Flight not loaded yet — retrying in 3s…
[  571.9s] [XP12] ID resolution: 0/65 resolved
[  571.9s] [XP12] Flight not loaded yet — retrying in 3s…
[  574.9s] [XP12] ID resolution: 0/65 resolved
[  574.9s] [XP12] Flight not loaded yet — retrying in 3s…
[  577.9s] [XP12] ID resolution: 0/65 resolved
[  577.9s] [XP12] Flight not loaded yet — retrying in 3s…
[  580.9s] [XP12] ID resolution: 0/65 resolved
[  580.9s] [XP12] Flight not loaded yet — retrying in 3s…
[  583.9s] [XP12] ID resolution: 0/65 resolved
[  583.9s] [XP12] Flight not loaded yet — retrying in 3s…
[  586.9s] [XP12] ID resolution: 0/65 resolved
[  586.9s] [XP12] Flight not loaded yet — retrying in 3s…
[  590.0s] [XP12] ID resolution: 0/65 resolved
[  590.0s] [XP12] Flight not loaded yet — retrying in 3s…
[  593.0s] [XP12] ID resolution: 0/65 resolved
[  593.0s] [XP12] Flight not loaded yet — retrying in 3s…
[  596.0s] [XP12] ID resolution: 0/65 resolved
[  596.0s] [XP12] Flight not loaded yet — retrying in 3s…
[  599.0s] [XP12] ID resolution: 0/65 resolved
[  599.0s] [XP12] Flight not loaded yet — retrying in 3s…
[  602.0s] [XP12] ID resolution: 0/65 resolved
[  602.0s] [XP12] Flight not loaded yet — retrying in 3s…
[  605.0s] [XP12] ID resolution: 0/65 resolved
[  605.0s] [XP12] Flight not loaded yet — retrying in 3s…
[  608.0s] [XP12] ID resolution: 0/65 resolved
[  608.0s] [XP12] Flight not loaded yet — retrying in 3s…
[  611.0s] [XP12] ID resolution: 0/65 resolved
[  611.0s] [XP12] Flight not loaded yet — retrying in 3s…
[  614.0s] [XP12] ID resolution: 0/65 resolved
[  614.0s] [XP12] Flight not loaded yet — retrying in 3s…
[  617.0s] [XP12] ID resolution: 0/65 resolved
[  617.0s] [XP12] Flight not loaded yet — retrying in 3s…
[  620.0s] [XP12] ID resolution: 0/65 resolved
[  620.0s] [XP12] Flight not loaded yet — retrying in 3s…
[  623.0s] [XP12] ID resolution: 0/65 resolved
[  623.0s] [XP12] Flight not loaded yet — retrying in 3s…
[  626.0s] [XP12] ID resolution: 0/65 resolved
[  626.0s] [XP12] Flight not loaded yet — retrying in 3s…
[  629.1s] [XP12] ID resolution: 0/65 resolved
[  629.1s] [XP12] Flight not loaded yet — retrying in 3s…
[  632.1s] [XP12] ID resolution: 0/65 resolved
[  632.1s] [XP12] Flight not loaded yet — retrying in 3s…
[  635.1s] [XP12] ID resolution: 0/65 resolved
[  635.1s] [XP12] Flight not loaded yet — retrying in 3s…
[  638.1s] [XP12] ID resolution: 0/65 resolved
[  638.1s] [XP12] Flight not loaded yet — retrying in 3s…
[  641.1s] [XP12] ID resolution: 0/65 resolved
[  641.1s] [XP12] Flight not loaded yet — retrying in 3s…
[  644.1s] [XP12] ID resolution: 0/65 resolved
[  644.1s] [XP12] Flight not loaded yet — retrying in 3s…
[  647.1s] [XP12] ID resolution: 0/65 resolved
[  647.1s] [XP12] Flight not loaded yet — retrying in 3s…
[  650.1s] [XP12] ID resolution: 0/65 resolved
[  650.1s] [XP12] Flight not loaded yet — retrying in 3s…
[  653.1s] [XP12] ID resolution: 0/65 resolved
[  653.1s] [XP12] Flight not loaded yet — retrying in 3s…
[  656.2s] [XP12] ID resolution: 0/65 resolved
[  656.2s] [XP12] Flight not loaded yet — retrying in 3s…
[  659.2s] [XP12] ID resolution: 0/65 resolved
[  659.2s] [XP12] Flight not loaded yet — retrying in 3s…
[  662.2s] [XP12] ID resolution: 0/65 resolved
[  662.2s] [XP12] Flight not loaded yet — retrying in 3s…
[  665.2s] [XP12] ID resolution: 0/65 resolved
[  665.2s] [XP12] Flight not loaded yet — retrying in 3s…
[  668.2s] [XP12] ID resolution: 0/65 resolved
[  668.2s] [XP12] Flight not loaded yet — retrying in 3s…
[  671.2s] [XP12] ID resolution: 0/65 resolved
[  671.2s] [XP12] Flight not loaded yet — retrying in 3s…
[  674.2s] [XP12] ID resolution: 0/65 resolved
[  674.2s] [XP12] Flight not loaded yet — retrying in 3s…
[  677.2s] [XP12] ID resolution: 0/65 resolved
[  677.2s] [XP12] Flight not loaded yet — retrying in 3s…
[  680.3s] [XP12] ID resolution: 0/65 resolved
[  680.3s] [XP12] Flight not loaded yet — retrying in 3s…
[  683.3s] [XP12] ID resolution: 0/65 resolved
[  683.3s] [XP12] Flight not loaded yet — retrying in 3s…
[  686.3s] [XP12] ID resolution: 0/65 resolved
[  686.3s] [XP12] Flight not loaded yet — retrying in 3s…
[  689.3s] [XP12] ID resolution: 0/65 resolved
[  689.3s] [XP12] Flight not loaded yet — retrying in 3s…
[  692.3s] [XP12] ID resolution: 0/65 resolved
[  692.3s] [XP12] Flight not loaded yet — retrying in 3s…
[  695.3s] [XP12] ID resolution: 0/65 resolved
[  695.3s] [XP12] Flight not loaded yet — retrying in 3s…
[  698.3s] [XP12] ID resolution: 0/65 resolved
[  698.3s] [XP12] Flight not loaded yet — retrying in 3s…
[  701.3s] [XP12] ID resolution: 0/65 resolved
[  701.3s] [XP12] Flight not loaded yet — retrying in 3s…
[  704.3s] [XP12] ID resolution: 0/65 resolved
[  704.3s] [XP12] Flight not loaded yet — retrying in 3s…
[  707.3s] [XP12] ID resolution: 0/65 resolved
[  707.3s] [XP12] Flight not loaded yet — retrying in 3s…
[  710.4s] [XP12] ID resolution: 0/65 resolved
[  710.4s] [XP12] Flight not loaded yet — retrying in 3s…
[  713.4s] [XP12] ID resolution: 0/65 resolved
[  713.4s] [XP12] Flight not loaded yet — retrying in 3s…
[  716.4s] [XP12] ID resolution: 0/65 resolved
[  716.4s] [XP12] Flight not loaded yet — retrying in 3s…
[  719.4s] [XP12] ID resolution: 0/65 resolved
[  719.4s] [XP12] Flight not loaded yet — retrying in 3s…
[  722.4s] [XP12] ID resolution: 0/65 resolved
[  722.4s] [XP12] Flight not loaded yet — retrying in 3s…
[  725.4s] [XP12] ID resolution: 0/65 resolved
[  725.4s] [XP12] Flight not loaded yet — retrying in 3s…
[  728.4s] [XP12] ID resolution: 0/65 resolved
[  728.4s] [XP12] Flight not loaded yet — retrying in 3s…
[  731.4s] [XP12] ID resolution: 0/65 resolved
[  731.4s] [XP12] Flight not loaded yet — retrying in 3s…
[  734.4s] [XP12] ID resolution: 0/65 resolved
[  734.4s] [XP12] Flight not loaded yet — retrying in 3s…
[  737.4s] [XP12] ID resolution: 0/65 resolved
[  737.4s] [XP12] Flight not loaded yet — retrying in 3s…
[  740.5s] [XP12] ID resolution: 0/65 resolved
[  740.5s] [XP12] Flight not loaded yet — retrying in 3s…
[  743.5s] [XP12] ID resolution: 0/65 resolved
[  743.5s] [XP12] Flight not loaded yet — retrying in 3s…
[  746.5s] [XP12] ID resolution: 0/65 resolved
[  746.5s] [XP12] Flight not loaded yet — retrying in 3s…
[  749.5s] [XP12] ID resolution: 0/65 resolved
[  749.5s] [XP12] Flight not loaded yet — retrying in 3s…
[  752.5s] [XP12] ID resolution: 0/65 resolved
[  752.5s] [XP12] Flight not loaded yet — retrying in 3s…
[  755.5s] [XP12] ID resolution: 0/65 resolved
[  755.5s] [XP12] Flight not loaded yet — retrying in 3s…
[  758.5s] [XP12] ID resolution: 0/65 resolved
[  758.5s] [XP12] Flight not loaded yet — retrying in 3s…
[  761.5s] [XP12] ID resolution: 0/65 resolved
[  761.5s] [XP12] Flight not loaded yet — retrying in 3s…
[  764.5s] [XP12] ID resolution: 0/65 resolved
[  764.5s] [XP12] Flight not loaded yet — retrying in 3s…
[  767.6s] [XP12] ID resolution: 0/65 resolved
[  767.6s] [XP12] Flight not loaded yet — retrying in 3s…
[  770.6s] [XP12] ID resolution: 0/65 resolved
[  770.6s] [XP12] Flight not loaded yet — retrying in 3s…
[  773.6s] [XP12] ID resolution: 0/65 resolved
[  773.6s] [XP12] Flight not loaded yet — retrying in 3s…
[  776.6s] [XP12] ID resolution: 0/65 resolved
[  776.6s] [XP12] Flight not loaded yet — retrying in 3s…
[  779.6s] [XP12] ID resolution: 0/65 resolved
[  779.6s] [XP12] Flight not loaded yet — retrying in 3s…
[  782.6s] [XP12] ID resolution: 0/65 resolved
[  782.6s] [XP12] Flight not loaded yet — retrying in 3s…
[  785.6s] [XP12] ID resolution: 0/65 resolved
[  785.6s] [XP12] Flight not loaded yet — retrying in 3s…
[  788.6s] [XP12] ID resolution: 0/65 resolved
[  788.6s] [XP12] Flight not loaded yet — retrying in 3s…
[  791.6s] [XP12] ID resolution: 0/65 resolved
[  791.6s] [XP12] Flight not loaded yet — retrying in 3s…
[  794.6s] [XP12] ID resolution: 0/65 resolved
[  794.6s] [XP12] Flight not loaded yet — retrying in 3s…
[  797.6s] [XP12] ID resolution: 0/65 resolved
[  797.6s] [XP12] Flight not loaded yet — retrying in 3s…
[  800.6s] [XP12] ID resolution: 0/65 resolved
[  800.6s] [XP12] Flight not loaded yet — retrying in 3s…
[  803.6s] [XP12] ID resolution: 0/65 resolved
[  803.6s] [XP12] Flight not loaded yet — retrying in 3s…
[  806.7s] [XP12] ID resolution: 0/65 resolved
[  806.7s] [XP12] Flight not loaded yet — retrying in 3s…
[  809.7s] [XP12] ID resolution: 0/65 resolved
[  809.7s] [XP12] Flight not loaded yet — retrying in 3s…
[  812.7s] [XP12] ID resolution: 0/65 resolved
[  812.7s] [XP12] Flight not loaded yet — retrying in 3s…
[  815.7s] [XP12] ID resolution: 0/65 resolved
[  815.7s] [XP12] Flight not loaded yet — retrying in 3s…
[  818.7s] [XP12] ID resolution: 0/65 resolved
[  818.7s] [XP12] Flight not loaded yet — retrying in 3s…
[  821.7s] [XP12] ID resolution: 0/65 resolved
[  821.7s] [XP12] Flight not loaded yet — retrying in 3s…
[  824.7s] [XP12] ID resolution: 0/65 resolved
[  824.7s] [XP12] Flight not loaded yet — retrying in 3s…
[  827.7s] [XP12] ID resolution: 0/65 resolved
[  827.7s] [XP12] Flight not loaded yet — retrying in 3s…
[  830.7s] [XP12] ID resolution: 0/65 resolved
[  830.7s] [XP12] Flight not loaded yet — retrying in 3s…
[  833.7s] [XP12] ID resolution: 0/65 resolved
[  833.7s] [XP12] Flight not loaded yet — retrying in 3s…
[  836.7s] [XP12] ID resolution: 0/65 resolved
[  836.7s] [XP12] Flight not loaded yet — retrying in 3s…
[  839.8s] [XP12] ID resolution: 0/65 resolved
[  839.8s] [XP12] Flight not loaded yet — retrying in 3s…
[  842.8s] [XP12] ID resolution: 0/65 resolved
[  842.8s] [XP12] Flight not loaded yet — retrying in 3s…
[  845.8s] [XP12] ID resolution: 0/65 resolved
[  845.8s] [XP12] Flight not loaded yet — retrying in 3s…
[  848.8s] [XP12] ID resolution: 0/65 resolved
[  848.8s] [XP12] Flight not loaded yet — retrying in 3s…
[  851.8s] [XP12] ID resolution: 0/65 resolved
[  851.8s] [XP12] Flight not loaded yet — retrying in 3s…
[  854.8s] [XP12] ID resolution: 0/65 resolved
[  854.8s] [XP12] Flight not loaded yet — retrying in 3s…
[  857.8s] [XP12] ID resolution: 0/65 resolved
[  857.8s] [XP12] Flight not loaded yet — retrying in 3s…
[  860.8s] [XP12] ID resolution: 0/65 resolved
[  860.8s] [XP12] Flight not loaded yet — retrying in 3s…
[  863.8s] [XP12] ID resolution: 0/65 resolved
[  863.8s] [XP12] Flight not loaded yet — retrying in 3s…
[  866.8s] [XP12] ID resolution: 0/65 resolved
[  866.8s] [XP12] Flight not loaded yet — retrying in 3s…
[  869.9s] [XP12] ID resolution: 0/65 resolved
[  869.9s] [XP12] Flight not loaded yet — retrying in 3s…
[  872.9s] [XP12] ID resolution: 0/65 resolved
[  872.9s] [XP12] Flight not loaded yet — retrying in 3s…
[  875.9s] [XP12] ID resolution: 0/65 resolved
[  875.9s] [XP12] Flight not loaded yet — retrying in 3s…
[  878.9s] [XP12] ID resolution: 0/65 resolved
[  878.9s] [XP12] Flight not loaded yet — retrying in 3s…
[  881.9s] [XP12] ID resolution: 0/65 resolved
[  881.9s] [XP12] Flight not loaded yet — retrying in 3s…
[  884.9s] [XP12] ID resolution: 0/65 resolved
[  884.9s] [XP12] Flight not loaded yet — retrying in 3s…
[  887.9s] [XP12] ID resolution: 0/65 resolved
[  887.9s] [XP12] Flight not loaded yet — retrying in 3s…
[  890.9s] [XP12] ID resolution: 0/65 resolved
[  890.9s] [XP12] Flight not loaded yet — retrying in 3s…
[  893.9s] [XP12] ID resolution: 0/65 resolved
[  893.9s] [XP12] Flight not loaded yet — retrying in 3s…
[  896.9s] [XP12] ID resolution: 0/65 resolved
[  896.9s] [XP12] Flight not loaded yet — retrying in 3s…
[  899.9s] [XP12] ID resolution: 0/65 resolved
[  899.9s] [XP12] Flight not loaded yet — retrying in 3s…
[  902.9s] [XP12] ID resolution: 0/65 resolved
[  902.9s] [XP12] Flight not loaded yet — retrying in 3s…
[  905.9s] [XP12] ID resolution: 0/65 resolved
[  905.9s] [XP12] Flight not loaded yet — retrying in 3s…
[  909.0s] [XP12] ID resolution: 0/65 resolved
[  909.0s] [XP12] Flight not loaded yet — retrying in 3s…
[  912.0s] [XP12] ID resolution: 0/65 resolved
[  912.0s] [XP12] Flight not loaded yet — retrying in 3s…
[  915.0s] [XP12] ID resolution: 0/65 resolved
[  915.0s] [XP12] Flight not loaded yet — retrying in 3s…
[  918.0s] [XP12] ID resolution: 0/65 resolved
[  918.0s] [XP12] Flight not loaded yet — retrying in 3s…
[  921.0s] [XP12] ID resolution: 0/65 resolved
[  921.0s] [XP12] Flight not loaded yet — retrying in 3s…
[  924.0s] [XP12] ID resolution: 0/65 resolved
[  924.0s] [XP12] Flight not loaded yet — retrying in 3s…
[  927.0s] [XP12] ID resolution: 0/65 resolved
[  927.0s] [XP12] Flight not loaded yet — retrying in 3s…
[  930.0s] [XP12] ID resolution: 0/65 resolved
[  930.0s] [XP12] Flight not loaded yet — retrying in 3s…
[  933.0s] [XP12] ID resolution: 0/65 resolved
[  933.0s] [XP12] Flight not loaded yet — retrying in 3s…
[  936.0s] [XP12] ID resolution: 0/65 resolved
[  936.0s] [XP12] Flight not loaded yet — retrying in 3s…
[  939.0s] [XP12] ID resolution: 0/65 resolved
[  939.0s] [XP12] Flight not loaded yet — retrying in 3s…
[  942.0s] [XP12] ID resolution: 0/65 resolved
[  942.0s] [XP12] Flight not loaded yet — retrying in 3s…
[  945.1s] [XP12] ID resolution: 0/65 resolved
[  945.1s] [XP12] Flight not loaded yet — retrying in 3s…
[  948.1s] [XP12] ID resolution: 0/65 resolved
[  948.1s] [XP12] Flight not loaded yet — retrying in 3s…
[  951.1s] [XP12] ID resolution: 0/65 resolved
[  951.1s] [XP12] Flight not loaded yet — retrying in 3s…
[  954.1s] [XP12] ID resolution: 0/65 resolved
[  954.1s] [XP12] Flight not loaded yet — retrying in 3s…
[  957.1s] [XP12] ID resolution: 0/65 resolved
[  957.1s] [XP12] Flight not loaded yet — retrying in 3s…
[  960.1s] [XP12] ID resolution: 0/65 resolved
[  960.1s] [XP12] Flight not loaded yet — retrying in 3s…
[  963.1s] [XP12] ID resolution: 0/65 resolved
[  963.1s] [XP12] Flight not loaded yet — retrying in 3s…
[  966.1s] [XP12] ID resolution: 0/65 resolved
[  966.1s] [XP12] Flight not loaded yet — retrying in 3s…
[  969.1s] [XP12] ID resolution: 0/65 resolved
[  969.1s] [XP12] Flight not loaded yet — retrying in 3s…
[  972.1s] [XP12] ID resolution: 0/65 resolved
[  972.1s] [XP12] Flight not loaded yet — retrying in 3s…
[  975.1s] [XP12] ID resolution: 0/65 resolved
[  975.1s] [XP12] Flight not loaded yet — retrying in 3s…
[  978.1s] [XP12] ID resolution: 0/65 resolved
[  978.1s] [XP12] Flight not loaded yet — retrying in 3s…
[  981.2s] [XP12] ID resolution: 0/65 resolved
[  981.2s] [XP12] Flight not loaded yet — retrying in 3s…
[  984.2s] [XP12] ID resolution: 0/65 resolved
[  984.2s] [XP12] Flight not loaded yet — retrying in 3s…
[  987.2s] [XP12] ID resolution: 0/65 resolved
[  987.2s] [XP12] Flight not loaded yet — retrying in 3s…
[  990.2s] [XP12] ID resolution: 0/65 resolved
[  990.2s] [XP12] Flight not loaded yet — retrying in 3s…
[  993.2s] [XP12] ID resolution: 0/65 resolved
[  993.2s] [XP12] Flight not loaded yet — retrying in 3s…
[  996.2s] [XP12] ID resolution: 0/65 resolved
[  996.2s] [XP12] Flight not loaded yet — retrying in 3s…
[  999.2s] [XP12] ID resolution: 0/65 resolved
[  999.2s] [XP12] Flight not loaded yet — retrying in 3s…
[ 1002.2s] [XP12] ID resolution: 0/65 resolved
[ 1002.2s] [XP12] Flight not loaded yet — retrying in 3s…
[ 1005.2s] [XP12] ID resolution: 0/65 resolved
[ 1005.2s] [XP12] Flight not loaded yet — retrying in 3s…
[ 1008.2s] [XP12] ID resolution: 0/65 resolved
[ 1008.2s] [XP12] Flight not loaded yet — retrying in 3s…
[ 1011.3s] [XP12] ID resolution: 0/65 resolved
[ 1011.3s] [XP12] Flight not loaded yet — retrying in 3s…
[ 1014.3s] [XP12] ID resolution: 0/65 resolved
[ 1014.3s] [XP12] Flight not loaded yet — retrying in 3s…
[ 1017.3s] [XP12] ID resolution: 0/65 resolved
[ 1017.3s] [XP12] Flight not loaded yet — retrying in 3s…
[ 1020.3s] [XP12] ID resolution: 0/65 resolved
[ 1020.3s] [XP12] Flight not loaded yet — retrying in 3s…
[ 1023.3s] [XP12] ID resolution: 0/65 resolved
[ 1023.3s] [XP12] Flight not loaded yet — retrying in 3s…
[ 1026.3s] [XP12] ID resolution: 0/65 resolved
[ 1026.3s] [XP12] Flight not loaded yet — retrying in 3s…
[ 1029.3s] [XP12] ID resolution: 0/65 resolved
[ 1029.3s] [XP12] Flight not loaded yet — retrying in 3s…
[ 1032.3s] [XP12] ID resolution: 0/65 resolved
[ 1032.3s] [XP12] Flight not loaded yet — retrying in 3s…
[ 1035.3s] [XP12] ID resolution: 0/65 resolved
[ 1035.3s] [XP12] Flight not loaded yet — retrying in 3s…
[ 1038.3s] [XP12] ID resolution: 0/65 resolved
[ 1038.3s] [XP12] Flight not loaded yet — retrying in 3s…
[ 1041.3s] [XP12] ID resolution: 0/65 resolved
[ 1041.3s] [XP12] Flight not loaded yet — retrying in 3s…
[ 1044.3s] [XP12] ID resolution: 0/65 resolved
[ 1044.3s] [XP12] Flight not loaded yet — retrying in 3s…
[ 1047.3s] [XP12] ID resolution: 0/65 resolved
[ 1047.3s] [XP12] Flight not loaded yet — retrying in 3s…
[ 1050.3s] [XP12] ID resolution: 0/65 resolved
[ 1050.3s] [XP12] Flight not loaded yet — retrying in 3s…
[ 1053.3s] [XP12] ID resolution: 0/65 resolved
[ 1053.3s] [XP12] Flight not loaded yet — retrying in 3s…
[ 1056.3s] [XP12] ID resolution: 0/65 resolved
[ 1056.3s] [XP12] Flight not loaded yet — retrying in 3s…
[ 1059.4s] [XP12] ID resolution: 0/65 resolved
[ 1059.4s] [XP12] Flight not loaded yet — retrying in 3s…
[ 1062.4s] [XP12] ID resolution: 0/65 resolved
[ 1062.4s] [XP12] Flight not loaded yet — retrying in 3s…
[ 1065.4s] [XP12] ID resolution: 0/65 resolved
[ 1065.4s] [XP12] Flight not loaded yet — retrying in 3s…
[ 1068.4s] [XP12] ID resolution: 0/65 resolved
[ 1068.4s] [XP12] Flight not loaded yet — retrying in 3s…
[ 1071.4s] [XP12] ID resolution: 0/65 resolved
[ 1071.4s] [XP12] Flight not loaded yet — retrying in 3s…
[ 1074.4s] [XP12] ID resolution: 0/65 resolved
[ 1074.4s] [XP12] Flight not loaded yet — retrying in 3s…
[ 1077.4s] [XP12] ID resolution: 0/65 resolved
[ 1077.4s] [XP12] Flight not loaded yet — retrying in 3s…
[ 1080.4s] [XP12] ID resolution: 0/65 resolved
[ 1080.4s] [XP12] Flight not loaded yet — retrying in 3s…
[ 1083.4s] [XP12] ID resolution: 0/65 resolved
[ 1083.4s] [XP12] Flight not loaded yet — retrying in 3s…
[ 1086.4s] [XP12] ID resolution: 0/65 resolved
[ 1086.4s] [XP12] Flight not loaded yet — retrying in 3s…
[ 1089.4s] [XP12] ID resolution: 0/65 resolved
[ 1089.4s] [XP12] Flight not loaded yet — retrying in 3s…
[ 1092.5s] [XP12] ID resolution: 0/65 resolved
[ 1092.5s] [XP12] Flight not loaded yet — retrying in 3s…
[ 1095.5s] [XP12] ID resolution: 0/65 resolved
[ 1095.5s] [XP12] Flight not loaded yet — retrying in 3s…
[ 1098.5s] [XP12] ID resolution: 0/65 resolved
[ 1098.5s] [XP12] Flight not loaded yet — retrying in 3s…
[ 1101.5s] [XP12] ID resolution: 0/65 resolved
[ 1101.5s] [XP12] Flight not loaded yet — retrying in 3s…
[ 1104.5s] [XP12] ID resolution: 0/65 resolved
[ 1104.5s] [XP12] Flight not loaded yet — retrying in 3s…
[ 1107.5s] [XP12] ID resolution: 0/65 resolved
[ 1107.5s] [XP12] Flight not loaded yet — retrying in 3s…
[ 1110.5s] [XP12] ID resolution: 0/65 resolved
[ 1110.5s] [XP12] Flight not loaded yet — retrying in 3s…
[ 1113.5s] [XP12] ID resolution: 0/65 resolved
[ 1113.5s] [XP12] Flight not loaded yet — retrying in 3s…
[ 1116.5s] [XP12] ID resolution: 0/65 resolved
[ 1116.5s] [XP12] Flight not loaded yet — retrying in 3s…
[ 1119.5s] [XP12] ID resolution: 0/65 resolved
[ 1119.5s] [XP12] Flight not loaded yet — retrying in 3s…
[ 1122.5s] [XP12] ID resolution: 0/65 resolved
[ 1122.5s] [XP12] Flight not loaded yet — retrying in 3s…
[ 1125.6s] [XP12] ID resolution: 0/65 resolved
[ 1125.6s] [XP12] Flight not loaded yet — retrying in 3s…
[ 1128.6s] [XP12] ID resolution: 0/65 resolved
[ 1128.6s] [XP12] Flight not loaded yet — retrying in 3s…
[ 1131.6s] [XP12] ID resolution: 0/65 resolved
[ 1131.6s] [XP12] Flight not loaded yet — retrying in 3s…
[ 1134.6s] [XP12] ID resolution: 0/65 resolved
[ 1134.6s] [XP12] Flight not loaded yet — retrying in 3s…
[ 1137.6s] [XP12] ID resolution: 0/65 resolved
[ 1137.6s] [XP12] Flight not loaded yet — retrying in 3s…
[ 1140.6s] [XP12] ID resolution: 0/65 resolved
[ 1140.6s] [XP12] Flight not loaded yet — retrying in 3s…
[ 1143.6s] [XP12] ID resolution: 0/65 resolved
[ 1143.6s] [XP12] Flight not loaded yet — retrying in 3s…
[ 1146.6s] [XP12] ID resolution: 0/65 resolved
[ 1146.6s] [XP12] Flight not loaded yet — retrying in 3s…
[ 1149.7s] [XP12] ID resolution: 0/65 resolved
[ 1149.7s] [XP12] Flight not loaded yet — retrying in 3s…
[ 1152.7s] [XP12] ID resolution: 0/65 resolved
[ 1152.7s] [XP12] Flight not loaded yet — retrying in 3s…
[ 1155.7s] [XP12] ID resolution: 0/65 resolved
[ 1155.7s] [XP12] Flight not loaded yet — retrying in 3s…
[ 1158.7s] [XP12] ID resolution: 0/65 resolved
[ 1158.7s] [XP12] Flight not loaded yet — retrying in 3s…
[ 1161.7s] [XP12] ID resolution: 0/65 resolved
[ 1161.7s] [XP12] Flight not loaded yet — retrying in 3s…
[ 1164.7s] [XP12] ID resolution: 0/65 resolved
[ 1164.7s] [XP12] Flight not loaded yet — retrying in 3s…
[ 1167.7s] [XP12] ID resolution: 0/65 resolved
[ 1167.7s] [XP12] Flight not loaded yet — retrying in 3s…
[ 1170.7s] [XP12] ID resolution: 0/65 resolved
[ 1170.7s] [XP12] Flight not loaded yet — retrying in 3s…
[ 1173.7s] [XP12] ID resolution: 0/65 resolved
[ 1173.7s] [XP12] Flight not loaded yet — retrying in 3s…
[ 1176.7s] [XP12] ID resolution: 0/65 resolved
[ 1176.7s] [XP12] Flight not loaded yet — retrying in 3s…
[ 1179.7s] [XP12] ID resolution: 0/65 resolved
[ 1179.7s] [XP12] Flight not loaded yet — retrying in 3s…
[ 1182.8s] [XP12] ID resolution: 0/65 resolved
[ 1182.8s] [XP12] Flight not loaded yet — retrying in 3s…
[ 1185.8s] [XP12] ID resolution: 0/65 resolved
[ 1185.8s] [XP12] Flight not loaded yet — retrying in 3s…
[ 1188.8s] [XP12] ID resolution: 0/65 resolved
[ 1188.8s] [XP12] Flight not loaded yet — retrying in 3s…
[ 1191.8s] [XP12] ID resolution: 0/65 resolved
[ 1191.8s] [XP12] Flight not loaded yet — retrying in 3s…
[ 1194.8s] [XP12] ID resolution: 0/65 resolved
[ 1194.8s] [XP12] Flight not loaded yet — retrying in 3s…
[ 1197.8s] [XP12] ID resolution: 0/65 resolved
[ 1197.8s] [XP12] Flight not loaded yet — retrying in 3s…
[ 1200.8s] [XP12] ID resolution: 0/65 resolved
[ 1200.8s] [XP12] Flight not loaded yet — retrying in 3s…
[ 1203.8s] [XP12] ID resolution: 0/65 resolved
[ 1203.8s] [XP12] Flight not loaded yet — retrying in 3s…
[ 1206.8s] [XP12] ID resolution: 0/65 resolved
[ 1206.8s] [XP12] Flight not loaded yet — retrying in 3s…
[ 1209.8s] [XP12] ID resolution: 0/65 resolved
[ 1209.8s] [XP12] Flight not loaded yet — retrying in 3s…
[ 1212.8s] [XP12] ID resolution: 0/65 resolved
[ 1212.8s] [XP12] Flight not loaded yet — retrying in 3s…
[ 1215.9s] [XP12] ID resolution: 0/65 resolved
[ 1215.9s] [XP12] Flight not loaded yet — retrying in 3s…
[ 1218.9s] [XP12] ID resolution: 0/65 resolved
[ 1218.9s] [XP12] Flight not loaded yet — retrying in 3s…
[ 1221.9s] [XP12] ID resolution: 0/65 resolved
[ 1221.9s] [XP12] Flight not loaded yet — retrying in 3s…
[ 1224.9s] [XP12] ID resolution: 0/65 resolved
[ 1224.9s] [XP12] Flight not loaded yet — retrying in 3s…
[ 1227.9s] [XP12] ID resolution: 0/65 resolved
[ 1227.9s] [XP12] Flight not loaded yet — retrying in 3s…
[ 1230.9s] [XP12] ID resolution: 0/65 resolved
[ 1230.9s] [XP12] Flight not loaded yet — retrying in 3s…
[ 1233.9s] [XP12] ID resolution: 0/65 resolved
[ 1233.9s] [XP12] Flight not loaded yet — retrying in 3s…
[ 1236.9s] [XP12] ID resolution: 0/65 resolved
[ 1236.9s] [XP12] Flight not loaded yet — retrying in 3s…
[ 1239.9s] [XP12] ID resolution: 0/65 resolved
[ 1239.9s] [XP12] Flight not loaded yet — retrying in 3s…
[ 1242.9s] [XP12] ID resolution: 0/65 resolved
[ 1242.9s] [XP12] Flight not loaded yet — retrying in 3s…
[ 1245.9s] [XP12] ID resolution: 0/65 resolved
[ 1245.9s] [XP12] Flight not loaded yet — retrying in 3s…
[ 1248.9s] [XP12] ID resolution: 0/65 resolved
[ 1248.9s] [XP12] Flight not loaded yet — retrying in 3s…
[ 1251.9s] [XP12] ID resolution: 0/65 resolved
[ 1251.9s] [XP12] Flight not loaded yet — retrying in 3s…
[ 1255.0s] [XP12] ID resolution: 0/65 resolved
[ 1255.0s] [XP12] Flight not loaded yet — retrying in 3s…
[ 1258.0s] [XP12] ID resolution: 0/65 resolved
[ 1258.0s] [XP12] Flight not loaded yet — retrying in 3s…
[ 1261.0s] [XP12] ID resolution: 0/65 resolved
[ 1261.0s] [XP12] Flight not loaded yet — retrying in 3s…
[ 1264.0s] [XP12] ID resolution: 0/65 resolved
[ 1264.0s] [XP12] Flight not loaded yet — retrying in 3s…
[ 1267.0s] [XP12] ID resolution: 0/65 resolved
[ 1267.0s] [XP12] Flight not loaded yet — retrying in 3s…
[ 1270.0s] [XP12] ID resolution: 0/65 resolved
[ 1270.0s] [XP12] Flight not loaded yet — retrying in 3s…
[ 1273.0s] [XP12] ID resolution: 0/65 resolved
[ 1273.0s] [XP12] Flight not loaded yet — retrying in 3s…
[ 1276.0s] [XP12] ID resolution: 0/65 resolved
[ 1276.0s] [XP12] Flight not loaded yet — retrying in 3s…
[ 1279.0s] [XP12] ID resolution: 0/65 resolved
[ 1279.0s] [XP12] Flight not loaded yet — retrying in 3s…
[ 1282.0s] [XP12] ID resolution: 0/65 resolved
[ 1282.0s] [XP12] Flight not loaded yet — retrying in 3s…
[ 1285.0s] [XP12] ID resolution: 0/65 resolved
[ 1285.0s] [XP12] Flight not loaded yet — retrying in 3s…
[ 1288.0s] [XP12] ID resolution: 0/65 resolved
[ 1288.0s] [XP12] Flight not loaded yet — retrying in 3s…
[ 1291.0s] [XP12] ID resolution: 0/65 resolved
[ 1291.0s] [XP12] Flight not loaded yet — retrying in 3s…
[ 1294.0s] [XP12] ID resolution: 0/65 resolved
[ 1294.0s] [XP12] Flight not loaded yet — retrying in 3s…
[ 1297.0s] [XP12] ID resolution: 0/65 resolved
[ 1297.0s] [XP12] Flight not loaded yet — retrying in 3s…
[ 1300.1s] [XP12] ID resolution: 0/65 resolved
[ 1300.1s] [XP12] Flight not loaded yet — retrying in 3s…
[ 1303.1s] [XP12] ID resolution: 0/65 resolved
[ 1303.1s] [XP12] Flight not loaded yet — retrying in 3s…
[ 1306.1s] [XP12] ID resolution: 0/65 resolved
[ 1306.1s] [XP12] Flight not loaded yet — retrying in 3s…
[ 1309.1s] [XP12] ID resolution: 0/65 resolved
[ 1309.1s] [XP12] Flight not loaded yet — retrying in 3s…
[ 1312.1s] [XP12] ID resolution: 0/65 resolved
[ 1312.1s] [XP12] Flight not loaded yet — retrying in 3s…
[ 1315.1s] [XP12] ID resolution: 0/65 resolved
[ 1315.1s] [XP12] Flight not loaded yet — retrying in 3s…
[ 1318.1s] [XP12] ID resolution: 0/65 resolved
[ 1318.1s] [XP12] Flight not loaded yet — retrying in 3s…
[ 1321.1s] [XP12] ID resolution: 0/65 resolved
[ 1321.1s] [XP12] Flight not loaded yet — retrying in 3s…
[ 1324.1s] [XP12] ID resolution: 0/65 resolved
[ 1324.1s] [XP12] Flight not loaded yet — retrying in 3s…
[ 1327.1s] [XP12] ID resolution: 0/65 resolved
[ 1327.1s] [XP12] Flight not loaded yet — retrying in 3s…
[ 1330.1s] [XP12] ID resolution: 0/65 resolved
[ 1330.1s] [XP12] Flight not loaded yet — retrying in 3s…
[ 1333.2s] [XP12] ID resolution: 0/65 resolved
[ 1333.2s] [XP12] Flight not loaded yet — retrying in 3s…
[ 1336.2s] [XP12] ID resolution: 0/65 resolved
[ 1336.2s] [XP12] Flight not loaded yet — retrying in 3s…
[ 1339.2s] [XP12] ID resolution: 0/65 resolved
[ 1339.2s] [XP12] Flight not loaded yet — retrying in 3s…
[ 1342.2s] [XP12] ID resolution: 0/65 resolved
[ 1342.2s] [XP12] Flight not loaded yet — retrying in 3s…
[ 1345.2s] [XP12] ID resolution: 0/65 resolved
[ 1345.2s] [XP12] Flight not loaded yet — retrying in 3s…
[ 1348.2s] [XP12] ID resolution: 0/65 resolved
[ 1348.2s] [XP12] Flight not loaded yet — retrying in 3s…
[ 1351.2s] [XP12] ID resolution: 0/65 resolved
[ 1351.2s] [XP12] Flight not loaded yet — retrying in 3s…
[ 1354.2s] [XP12] ID resolution: 0/65 resolved
[ 1354.2s] [XP12] Flight not loaded yet — retrying in 3s…
[ 1357.2s] [XP12] ID resolution: 0/65 resolved
[ 1357.2s] [XP12] Flight not loaded yet — retrying in 3s…
[ 1360.2s] [XP12] ID resolution: 0/65 resolved
[ 1360.2s] [XP12] Flight not loaded yet — retrying in 3s…
[ 1363.2s] [XP12] ID resolution: 0/65 resolved
[ 1363.2s] [XP12] Flight not loaded yet — retrying in 3s…
[ 1366.2s] [XP12] ID resolution: 0/65 resolved
[ 1366.2s] [XP12] Flight not loaded yet — retrying in 3s…
[ 1369.3s] [XP12] ID resolution: 0/65 resolved
[ 1369.3s] [XP12] Flight not loaded yet — retrying in 3s…
[ 1372.3s] [XP12] ID resolution: 0/65 resolved
[ 1372.3s] [XP12] Flight not loaded yet — retrying in 3s…
[ 1375.3s] [XP12] ID resolution: 0/65 resolved
[ 1375.3s] [XP12] Flight not loaded yet — retrying in 3s…
[ 1378.3s] [XP12] ID resolution: 0/65 resolved
[ 1378.3s] [XP12] Flight not loaded yet — retrying in 3s…
[ 1381.3s] [XP12] ID resolution: 0/65 resolved
[ 1381.3s] [XP12] Flight not loaded yet — retrying in 3s…
[ 1384.3s] [XP12] ID resolution: 0/65 resolved
[ 1384.3s] [XP12] Flight not loaded yet — retrying in 3s…
[ 1387.3s] [XP12] ID resolution: 0/65 resolved
[ 1387.3s] [XP12] Flight not loaded yet — retrying in 3s…
[ 1390.3s] [XP12] ID resolution: 0/65 resolved
[ 1390.3s] [XP12] Flight not loaded yet — retrying in 3s…
[ 1393.3s] [XP12] ID resolution: 0/65 resolved
[ 1393.3s] [XP12] Flight not loaded yet — retrying in 3s…
[ 1396.3s] [XP12] ID resolution: 0/65 resolved
[ 1396.3s] [XP12] Flight not loaded yet — retrying in 3s…
[ 1399.4s] [XP12] ID resolution: 0/65 resolved
[ 1399.4s] [XP12] Flight not loaded yet — retrying in 3s…
[ 1402.4s] [XP12] ID resolution: 0/65 resolved
[ 1402.4s] [XP12] Flight not loaded yet — retrying in 3s…
[ 1405.4s] [XP12] ID resolution: 0/65 resolved
[ 1405.4s] [XP12] Flight not loaded yet — retrying in 3s…
[ 1408.4s] [XP12] ID resolution: 0/65 resolved
[ 1408.4s] [XP12] Flight not loaded yet — retrying in 3s…
[ 1411.4s] [XP12] ID resolution: 0/65 resolved
[ 1411.4s] [XP12] Flight not loaded yet — retrying in 3s…
[ 1414.4s] [XP12] ID resolution: 0/65 resolved
[ 1414.4s] [XP12] Flight not loaded yet — retrying in 3s…
[ 1417.4s] [XP12] ID resolution: 0/65 resolved
[ 1417.4s] [XP12] Flight not loaded yet — retrying in 3s…
[ 1420.4s] [XP12] ID resolution: 0/65 resolved
[ 1420.4s] [XP12] Flight not loaded yet — retrying in 3s…
[ 1423.4s] [XP12] ID resolution: 0/65 resolved
[ 1423.4s] [XP12] Flight not loaded yet — retrying in 3s…
[ 1426.4s] [XP12] ID resolution: 0/65 resolved
[ 1426.4s] [XP12] Flight not loaded yet — retrying in 3s…
[ 1429.4s] [XP12] ID resolution: 0/65 resolved
[ 1429.4s] [XP12] Flight not loaded yet — retrying in 3s…
[ 1432.4s] [XP12] ID resolution: 0/65 resolved
[ 1432.4s] [XP12] Flight not loaded yet — retrying in 3s…
[ 1435.4s] [XP12] ID resolution: 0/65 resolved
[ 1435.4s] [XP12] Flight not loaded yet — retrying in 3s…
[ 1438.4s] [XP12] ID resolution: 0/65 resolved
[ 1438.4s] [XP12] Flight not loaded yet — retrying in 3s…
[ 1441.5s] [XP12] ID resolution: 0/65 resolved
[ 1441.5s] [XP12] Flight not loaded yet — retrying in 3s…
[ 1444.5s] [XP12] ID resolution: 0/65 resolved
[ 1444.5s] [XP12] Flight not loaded yet — retrying in 3s…
[ 1447.5s] [XP12] ID resolution: 0/65 resolved
[ 1447.5s] [XP12] Flight not loaded yet — retrying in 3s…
[ 1450.5s] [XP12] ID resolution: 0/65 resolved
[ 1450.5s] [XP12] Flight not loaded yet — retrying in 3s…
[ 1453.5s] [XP12] ID resolution: 0/65 resolved
[ 1453.5s] [XP12] Flight not loaded yet — retrying in 3s…
[ 1456.5s] [XP12] ID resolution: 0/65 resolved
[ 1456.5s] [XP12] Flight not loaded yet — retrying in 3s…
[ 1459.5s] [XP12] ID resolution: 0/65 resolved
[ 1459.5s] [XP12] Flight not loaded yet — retrying in 3s…
[ 1462.5s] [XP12] ID resolution: 0/65 resolved
[ 1462.5s] [XP12] Flight not loaded yet — retrying in 3s…
[ 1465.5s] [XP12] ID resolution: 0/65 resolved
[ 1465.5s] [XP12] Flight not loaded yet — retrying in 3s…
[ 1468.5s] [XP12] ID resolution: 0/65 resolved
[ 1468.5s] [XP12] Flight not loaded yet — retrying in 3s…
[ 1471.5s] [XP12] ID resolution: 0/65 resolved
[ 1471.5s] [XP12] Flight not loaded yet — retrying in 3s…
[ 1474.5s] [XP12] ID resolution: 0/65 resolved
[ 1474.5s] [XP12] Flight not loaded yet — retrying in 3s…
[ 1477.5s] [XP12] ID resolution: 0/65 resolved
[ 1477.5s] [XP12] Flight not loaded yet — retrying in 3s…
[ 1480.6s] [XP12] ID resolution: 0/65 resolved
[ 1480.6s] [XP12] Flight not loaded yet — retrying in 3s…
[ 1483.6s] [XP12] ID resolution: 0/65 resolved
[ 1483.6s] [XP12] Flight not loaded yet — retrying in 3s…
[ 1486.6s] [XP12] ID resolution: 0/65 resolved
[ 1486.6s] [XP12] Flight not loaded yet — retrying in 3s…
[ 1489.6s] [XP12] ID resolution: 0/65 resolved
[ 1489.6s] [XP12] Flight not loaded yet — retrying in 3s…
[ 1492.6s] [XP12] ID resolution: 0/65 resolved
[ 1492.6s] [XP12] Flight not loaded yet — retrying in 3s…
[ 1495.6s] [XP12] ID resolution: 0/65 resolved
[ 1495.6s] [XP12] Flight not loaded yet — retrying in 3s…
[ 1498.6s] [XP12] ID resolution: 0/65 resolved
[ 1498.6s] [XP12] Flight not loaded yet — retrying in 3s…
[ 1501.6s] [XP12] ID resolution: 0/65 resolved
[ 1501.6s] [XP12] Flight not loaded yet — retrying in 3s…
[ 1504.6s] [XP12] ID resolution: 0/65 resolved
[ 1504.6s] [XP12] Flight not loaded yet — retrying in 3s…
[ 1507.6s] [XP12] ID resolution: 0/65 resolved
[ 1507.6s] [XP12] Flight not loaded yet — retrying in 3s…
[ 1510.6s] [XP12] ID resolution: 0/65 resolved
[ 1510.6s] [XP12] Flight not loaded yet — retrying in 3s…
[ 1513.7s] [XP12] ID resolution: 0/65 resolved
[ 1513.7s] [XP12] Flight not loaded yet — retrying in 3s…
[ 1516.7s] [XP12] ID resolution: 0/65 resolved
[ 1516.7s] [XP12] Flight not loaded yet — retrying in 3s…
[ 1519.7s] [XP12] ID resolution: 0/65 resolved
[ 1519.7s] [XP12] Flight not loaded yet — retrying in 3s…
[ 1522.7s] [XP12] ID resolution: 0/65 resolved
[ 1522.7s] [XP12] Flight not loaded yet — retrying in 3s…
[ 1525.7s] [XP12] ID resolution: 0/65 resolved
[ 1525.7s] [XP12] Flight not loaded yet — retrying in 3s…
[ 1528.7s] [XP12] ID resolution: 0/65 resolved
[ 1528.7s] [XP12] Flight not loaded yet — retrying in 3s…
[ 1531.7s] [XP12] ID resolution: 0/65 resolved
[ 1531.7s] [XP12] Flight not loaded yet — retrying in 3s…
[ 1534.7s] [XP12] ID resolution: 0/65 resolved
[ 1534.7s] [XP12] Flight not loaded yet — retrying in 3s…
[ 1537.7s] [XP12] ID resolution: 0/65 resolved
[ 1537.7s] [XP12] Flight not loaded yet — retrying in 3s…
[ 1540.7s] [XP12] ID resolution: 0/65 resolved
[ 1540.7s] [XP12] Flight not loaded yet — retrying in 3s…
[ 1543.8s] [XP12] ID resolution: 0/65 resolved
[ 1543.8s] [XP12] Flight not loaded yet — retrying in 3s…
[ 1546.8s] [XP12] ID resolution: 0/65 resolved
[ 1546.8s] [XP12] Flight not loaded yet — retrying in 3s…
[ 1549.8s] [XP12] ID resolution: 0/65 resolved
[ 1549.8s] [XP12] Flight not loaded yet — retrying in 3s…
[ 1552.8s] [XP12] ID resolution: 0/65 resolved
[ 1552.8s] [XP12] Flight not loaded yet — retrying in 3s…
[ 1555.8s] [XP12] ID resolution: 0/65 resolved
[ 1555.8s] [XP12] Flight not loaded yet — retrying in 3s…
[ 1558.8s] [XP12] ID resolution: 0/65 resolved
[ 1558.8s] [XP12] Flight not loaded yet — retrying in 3s…
[ 1561.8s] [XP12] ID resolution: 0/65 resolved
[ 1561.8s] [XP12] Flight not loaded yet — retrying in 3s…
[ 1564.8s] [XP12] ID resolution: 0/65 resolved
[ 1564.8s] [XP12] Flight not loaded yet — retrying in 3s…
[ 1567.8s] [XP12] ID resolution: 0/65 resolved
[ 1567.8s] [XP12] Flight not loaded yet — retrying in 3s…
[ 1570.9s] [XP12] ID resolution: 0/65 resolved
[ 1570.9s] [XP12] Flight not loaded yet — retrying in 3s…
[ 1573.9s] [XP12] ID resolution: 0/65 resolved
[ 1573.9s] [XP12] Flight not loaded yet — retrying in 3s…
[ 1576.9s] [XP12] ID resolution: 0/65 resolved
[ 1576.9s] [XP12] Flight not loaded yet — retrying in 3s…
[ 1579.9s] [XP12] ID resolution: 0/65 resolved
[ 1579.9s] [XP12] Flight not loaded yet — retrying in 3s…
[ 1582.9s] [XP12] ID resolution: 0/65 resolved
[ 1582.9s] [XP12] Flight not loaded yet — retrying in 3s…
[ 1585.9s] [XP12] ID resolution: 0/65 resolved
[ 1585.9s] [XP12] Flight not loaded yet — retrying in 3s…
[ 1588.9s] [XP12] ID resolution: 0/65 resolved
[ 1588.9s] [XP12] Flight not loaded yet — retrying in 3s…
[ 1591.9s] [XP12] ID resolution: 0/65 resolved
[ 1591.9s] [XP12] Flight not loaded yet — retrying in 3s…
[ 1594.9s] [XP12] ID resolution: 0/65 resolved
[ 1594.9s] [XP12] Flight not loaded yet — retrying in 3s…
[ 1597.9s] [XP12] ID resolution: 0/65 resolved
[ 1597.9s] [XP12] Flight not loaded yet — retrying in 3s…
[ 1600.9s] [XP12] ID resolution: 0/65 resolved
[ 1600.9s] [XP12] Flight not loaded yet — retrying in 3s…
[ 1603.9s] [XP12] ID resolution: 0/65 resolved
[ 1603.9s] [XP12] Flight not loaded yet — retrying in 3s…
[ 1606.9s] [XP12] ID resolution: 0/65 resolved
[ 1606.9s] [XP12] Flight not loaded yet — retrying in 3s…
[ 1609.9s] [XP12] ID resolution: 0/65 resolved
[ 1609.9s] [XP12] Flight not loaded yet — retrying in 3s…
[ 1612.9s] [XP12] ID resolution: 0/65 resolved
[ 1612.9s] [XP12] Flight not loaded yet — retrying in 3s…
[ 1616.0s] [XP12] ID resolution: 0/65 resolved
[ 1616.0s] [XP12] Flight not loaded yet — retrying in 3s…
[ 1619.0s] [XP12] ID resolution: 0/65 resolved
[ 1619.0s] [XP12] Flight not loaded yet — retrying in 3s…
[ 1622.0s] [XP12] ID resolution: 0/65 resolved
[ 1622.0s] [XP12] Flight not loaded yet — retrying in 3s…
[ 1625.0s] [XP12] ID resolution: 0/65 resolved
[ 1625.0s] [XP12] Flight not loaded yet — retrying in 3s…
[ 1628.0s] [XP12] ID resolution: 0/65 resolved
[ 1628.0s] [XP12] Flight not loaded yet — retrying in 3s…
[ 1631.0s] [XP12] ID resolution: 0/65 resolved
[ 1631.0s] [XP12] Flight not loaded yet — retrying in 3s…
[ 1634.0s] [XP12] ID resolution: 0/65 resolved
[ 1634.0s] [XP12] Flight not loaded yet — retrying in 3s…
[ 1637.0s] [XP12] ID resolution: 0/65 resolved
[ 1637.0s] [XP12] Flight not loaded yet — retrying in 3s…
[ 1640.0s] [XP12] ID resolution: 0/65 resolved
[ 1640.0s] [XP12] Flight not loaded yet — retrying in 3s…
[ 1643.0s] [XP12] ID resolution: 0/65 resolved
[ 1643.0s] [XP12] Flight not loaded yet — retrying in 3s…
[ 1646.0s] [XP12] ID resolution: 0/65 resolved
[ 1646.0s] [XP12] Flight not loaded yet — retrying in 3s…
[ 1649.0s] [XP12] ID resolution: 0/65 resolved
[ 1649.0s] [XP12] Flight not loaded yet — retrying in 3s…
[ 1652.0s] [XP12] ID resolution: 0/65 resolved
[ 1652.0s] [XP12] Flight not loaded yet — retrying in 3s…
[ 1655.1s] [XP12] ID resolution: 0/65 resolved
[ 1655.1s] [XP12] Flight not loaded yet — retrying in 3s…
[ 1658.1s] [XP12] ID resolution: 0/65 resolved
[ 1658.1s] [XP12] Flight not loaded yet — retrying in 3s…
[ 1661.1s] [XP12] ID resolution: 0/65 resolved
[ 1661.1s] [XP12] Flight not loaded yet — retrying in 3s…
[ 1664.1s] [XP12] ID resolution: 0/65 resolved
[ 1664.1s] [XP12] Flight not loaded yet — retrying in 3s…
[ 1667.1s] [XP12] ID resolution: 0/65 resolved
[ 1667.1s] [XP12] Flight not loaded yet — retrying in 3s…
[ 1670.1s] [XP12] ID resolution: 0/65 resolved
[ 1670.1s] [XP12] Flight not loaded yet — retrying in 3s…
[ 1673.1s] [XP12] ID resolution: 0/65 resolved
[ 1673.1s] [XP12] Flight not loaded yet — retrying in 3s…
[ 1676.1s] [XP12] ID resolution: 0/65 resolved
[ 1676.1s] [XP12] Flight not loaded yet — retrying in 3s…
[ 1679.1s] [XP12] ID resolution: 0/65 resolved
[ 1679.1s] [XP12] Flight not loaded yet — retrying in 3s…
[ 1682.1s] [XP12] ID resolution: 0/65 resolved
[ 1682.1s] [XP12] Flight not loaded yet — retrying in 3s…
[ 1685.1s] [XP12] ID resolution: 0/65 resolved
[ 1685.1s] [XP12] Flight not loaded yet — retrying in 3s…
[ 1688.1s] [XP12] ID resolution: 0/65 resolved
[ 1688.1s] [XP12] Flight not loaded yet — retrying in 3s…
[ 1691.1s] [XP12] ID resolution: 0/65 resolved
[ 1691.1s] [XP12] Flight not loaded yet — retrying in 3s…
[ 1694.2s] [XP12] ID resolution: 0/65 resolved
[ 1694.2s] [XP12] Flight not loaded yet — retrying in 3s…
[ 1697.2s] [XP12] ID resolution: 0/65 resolved
[ 1697.2s] [XP12] Flight not loaded yet — retrying in 3s…
[ 1700.2s] [XP12] ID resolution: 0/65 resolved
[ 1700.2s] [XP12] Flight not loaded yet — retrying in 3s…
[ 1703.2s] [XP12] ID resolution: 0/65 resolved
[ 1703.2s] [XP12] Flight not loaded yet — retrying in 3s…
[ 1706.2s] [XP12] ID resolution: 0/65 resolved
[ 1706.2s] [XP12] Flight not loaded yet — retrying in 3s…
[ 1709.2s] [XP12] ID resolution: 0/65 resolved
[ 1709.2s] [XP12] Flight not loaded yet — retrying in 3s…
[ 1712.2s] [XP12] ID resolution: 0/65 resolved
[ 1712.2s] [XP12] Flight not loaded yet — retrying in 3s…
[ 1715.2s] [XP12] ID resolution: 0/65 resolved
[ 1715.2s] [XP12] Flight not loaded yet — retrying in 3s…
[ 1718.2s] [XP12] ID resolution: 0/65 resolved
[ 1718.2s] [XP12] Flight not loaded yet — retrying in 3s…
[ 1721.2s] [XP12] ID resolution: 0/65 resolved
[ 1721.2s] [XP12] Flight not loaded yet — retrying in 3s…
[ 1724.2s] [XP12] ID resolution: 0/65 resolved
[ 1724.2s] [XP12] Flight not loaded yet — retrying in 3s…
[ 1727.3s] [XP12] ID resolution: 0/65 resolved
[ 1727.3s] [XP12] Flight not loaded yet — retrying in 3s…
[ 1730.3s] [XP12] ID resolution: 0/65 resolved
[ 1730.3s] [XP12] Flight not loaded yet — retrying in 3s…
[ 1733.3s] [XP12] ID resolution: 0/65 resolved
[ 1733.3s] [XP12] Flight not loaded yet — retrying in 3s…
[ 1736.3s] [XP12] ID resolution: 0/65 resolved
[ 1736.3s] [XP12] Flight not loaded yet — retrying in 3s…
[ 1739.3s] [XP12] ID resolution: 0/65 resolved
[ 1739.3s] [XP12] Flight not loaded yet — retrying in 3s…
[ 1742.3s] [XP12] ID resolution: 0/65 resolved
[ 1742.3s] [XP12] Flight not loaded yet — retrying in 3s…
[ 1745.3s] [XP12] ID resolution: 0/65 resolved
[ 1745.3s] [XP12] Flight not loaded yet — retrying in 3s…
[ 1748.3s] [XP12] ID resolution: 0/65 resolved
[ 1748.3s] [XP12] Flight not loaded yet — retrying in 3s…
[ 1751.3s] [XP12] ID resolution: 0/65 resolved
[ 1751.3s] [XP12] Flight not loaded yet — retrying in 3s…
[ 1754.4s] [XP12] ID resolution: 0/65 resolved
[ 1754.4s] [XP12] Flight not loaded yet — retrying in 3s…
[ 1757.4s] [XP12] ID resolution: 0/65 resolved
[ 1757.4s] [XP12] Flight not loaded yet — retrying in 3s…
[ 1760.4s] [XP12] ID resolution: 0/65 resolved
[ 1760.4s] [XP12] Flight not loaded yet — retrying in 3s…
[ 1761.3s] Session ended — Score: 0  Grade: F
